******************************************************************************
                  MSP430 Linker PC v4.4.5                      
******************************************************************************
>> Linked Thu Oct 22 21:03:14 2015

OUTPUT FILE NAME:   <SardNFC.out>
ENTRY POINT SYMBOL: "_c_int00_noargs_noexit"  address: 0000d4b0


MEMORY CONFIGURATION

         name            origin    length      used     unused   attr    fill
----------------------  --------  ---------  --------  --------  ----  --------
  SFR                   00000000   00000010  00000000  00000010  RWIX
  PERIPHERALS_8BIT      00000010   000000f0  00000000  000000f0  RWIX
  PERIPHERALS_16BIT     00000100   00000100  00000000  00000100  RWIX
  RAM                   00000200   00000200  0000011d  000000e3  RWIX
  INFOD                 00001000   00000040  00000000  00000040  RWIX
  INFOC                 00001040   00000040  00000000  00000040  RWIX
  INFOB                 00001080   00000040  00000000  00000040  RWIX
  INFOA                 000010c0   00000040  00000000  00000040  RWIX
  FLASH                 0000c000   00003fde  000016a6  00002938  RWIX
  BSLSIGNATURE          0000ffde   00000002  00000002  00000000  RWIX  ffff 
  INT00                 0000ffe0   00000002  00000002  00000000  RWIX
  INT01                 0000ffe2   00000002  00000000  00000002  RWIX
  INT02                 0000ffe4   00000002  00000002  00000000  RWIX
  INT03                 0000ffe6   00000002  00000002  00000000  RWIX
  INT04                 0000ffe8   00000002  00000000  00000002  RWIX
  INT05                 0000ffea   00000002  00000002  00000000  RWIX
  INT06                 0000ffec   00000002  00000002  00000000  RWIX
  INT07                 0000ffee   00000002  00000002  00000000  RWIX
  INT08                 0000fff0   00000002  00000002  00000000  RWIX
  INT09                 0000fff2   00000002  00000002  00000000  RWIX
  INT10                 0000fff4   00000002  00000002  00000000  RWIX
  INT11                 0000fff6   00000002  00000002  00000000  RWIX
  INT12                 0000fff8   00000002  00000002  00000000  RWIX
  INT13                 0000fffa   00000002  00000002  00000000  RWIX
  INT14                 0000fffc   00000002  00000002  00000000  RWIX
  RESET                 0000fffe   00000002  00000002  00000000  RWIX


SECTION ALLOCATION MAP

 output                                  attributes/
section   page    origin      length       input sections
--------  ----  ----------  ----------   ----------------
.bss       0    00000200    000000c4     UNINITIALIZED
                  00000200    00000064     (.common:buf)
                  00000264    0000003c     (.common:uart_rcv_buf)
                  000002a0    0000000e     (.common:Card_UID)
                  000002ae    0000000e     (.common:complete_uid)
                  000002bc    00000002     (.common:command)
                  000002be    00000001     (.common:Card_RSSI)
                  000002bf    00000001     (.common:Tag_Count)
                  000002c0    00000001     (.common:dummy)
                  000002c1    00000001     (.common:uart_buf_head)
                  000002c2    00000001     (.common:uart_buf_tail)
                  000002c3    00000001     (.common:uid_pos1)

.data      0    000002c4    00000009     UNINITIALIZED
                  000002c4    00000005     NFC.obj (.data)
                  000002c9    00000002     iso14443a.obj (.data)
                  000002cb    00000001     spi.obj (.data)
                  000002cc    00000001     trf7970.obj (.data)

.TI.persistent 
*          0    000002c4    00000000     UNINITIALIZED

.stack     0    000003b0    00000050     UNINITIALIZED
                  000003b0    00000002     rts430_eabi.lib : boot.obj (.stack)
                  000003b2    0000004e     --HOLE--

.text      0    0000c000    0000162e     
                  0000c000    000002b0     iso14443a.obj (.text:Iso14443aLoop)
                  0000c2b0    000001fa     radio.obj (.text:Radio_Init)
                  0000c4aa    000001fa     trf7970.obj (.text:Trf7970ISR)
                  0000c6a4    0000013e     trf7970.obj (.text:Trf7970WriteIsoControl)
                  0000c7e2    000000ce     iso14443a.obj (.text:Copy_UID)
                  0000c8b0    000000c2     rts430_eabi.lib : fs_mpy.obj (.text)
                  0000c972    000000ac     iso14443a.obj (.text:Iso14443aSelectCommand)
                  0000ca1e    00000092     system.obj (.text:cByteToHex)
                  0000cab0    0000008c     iso14443a.obj (.text:ISO14443IRQWaitTimeout)
                  0000cb3c    0000007c     radio.obj (.text:Radio_Set_Channel)
                  0000cbb8    00000078     system.obj (.text:System_Set_Speed)
                  0000cc30    00000078     main.obj (.text:main)
                  0000cca8    0000006a     iso14443a.obj (.text:Iso14443a_halt)
                  0000cd12    00000066     soft_spi.obj (.text:Spi_Send)
                  0000cd78    00000064     spi.obj (.text:SpiReadCont)
                  0000cddc    00000064     spi.obj (.text:SpiReadSingle)
                  0000ce40    00000064     trf7970.obj (.text:Trf7970PortB)
                  0000cea4    00000064     rts430_eabi.lib : copy_decompress_rle.obj (.text:__TI_decompress_rle_core)
                  0000cf08    00000058                     : autoinit.obj (.text:_auto_init)
                  0000cf60    0000004c                     : lsr16.obj (.text)
                  0000cfac    0000004a     iso14443a.obj (.text:Iso14443aAnticollision)
                  0000cff6    0000004a     spi.obj (.text:SpiWriteSingle)
                  0000d040    00000048     iso14443a.obj (.text:Iso14443a_command)
                  0000d088    00000046     rts430_eabi.lib : fs_tou.obj (.text)
                  0000d0ce    00000042     NFC.obj (.text:NFC_Read)
                  0000d110    0000003e     uart.obj (.text:UART0_Send_ByteToChar)
                  0000d14e    0000003e     trf7970BoosterPack.obj (.text:timerHandler)
                  0000d18c    0000003c     spi.obj (.text:SpiWriteCont)
                  0000d1c8    00000038     NFC.obj (.text:Print_Card)
                  0000d200    00000036     uart.obj (.text:UART_Init)
                  0000d236    00000032     spi.obj (.text:SpiUsciSet)
                  0000d268    00000030     spi.obj (.text:SpiRawWrite)
                  0000d298    00000030     trf7970.obj (.text:Trf7970InitialSettings)
                  0000d2c8    0000002c     spi.obj (.text:SpiDirectCommand)
                  0000d2f4    0000002c     uart.obj (.text:USCI0RX_ISR)
                  0000d320    0000002c     rts430_eabi.lib : asr16.obj (.text)
                  0000d34c    0000002c                     : lsl16.obj (.text)
                  0000d378    00000028     soft_spi.obj (.text:SPI_Init)
                  0000d3a0    00000026     NFC.obj (.text:NFC_Init)
                  0000d3c6    00000024     iso14443a.obj (.text:Iso14443aFindTag)
                  0000d3ea    00000024     trf7970.obj (.text:Trf7970TurnRfOff)
                  0000d40e    00000024     rts430_eabi.lib : fs_utof.obj (.text)
                  0000d432    00000022     trf7970BoosterPack.obj (.text:McuDelayMillisecond)
                  0000d454    00000022     soft_spi.obj (.text:SPI_Conf_Read_Register)
                  0000d476    00000020     soft_spi.obj (.text:SPI_Conf_Write_Register)
                  0000d496    0000001a     trf7970.obj (.text:Trf7970ResetIrqStatus)
                  0000d4b0    0000001a     rts430_eabi.lib : boot_special.obj (.text:_c_int00_noargs_noexit)
                  0000d4ca    00000018     iso14443a.obj (.text:Copy_RSSI)
                  0000d4e2    00000018     trf7970.obj (.text:Trf7970TurnRfOn)
                  0000d4fa    00000016     spi.obj (.text:SpiSetup)
                  0000d510    00000014     trf7970.obj (.text:Trf7970ReadIrqStatus)
                  0000d524    00000014     uart.obj (.text:UART_Send_Byte)
                  0000d538    00000014     rts430_eabi.lib : copy_zero_init.obj (.text:decompress:ZI:__TI_zero_init)
                  0000d54c    00000012     radio.obj (.text:Radio_Set_TxPower)
                  0000d55e    00000012     uart.obj (.text:UART_Send_Data)
                  0000d570    00000012     rts430_eabi.lib : copy_decompress_none.obj (.text:decompress:none:__TI_decompress_none)
                  0000d582    00000012                     : memcpy.obj (.text:memcpy)
                  0000d594    00000010     iso14443a.obj (.text:Iso14443_config)
                  0000d5a4    00000010     trf7970.obj (.text:Trf7970Reset)
                  0000d5b4    00000010     trf7970.obj (.text:Trf7970StopDecoders)
                  0000d5c4    00000010     rts430_eabi.lib : epilog.obj (.text)
                  0000d5d4    0000000e     trf7970BoosterPack.obj (.text:McuCounterSet)
                  0000d5e2    00000008     main.obj (.text:watchdog_timer)
                  0000d5ea    00000006     trf7970.obj (.text:Trf7970CommunicationSetup)
                  0000d5f0    00000006     trf7970.obj (.text:Trf7970DirectCommand)
                  0000d5f6    00000006     trf7970.obj (.text:Trf7970RawWrite)
                  0000d5fc    00000006     trf7970.obj (.text:Trf7970ReConfig)
                  0000d602    00000006     trf7970.obj (.text:Trf7970ReadCont)
                  0000d608    00000006     trf7970.obj (.text:Trf7970ReadSingle)
                  0000d60e    00000006     trf7970.obj (.text:Trf7970WriteCont)
                  0000d614    00000006     trf7970.obj (.text:Trf7970WriteSingle)
                  0000d61a    00000006     rts430_eabi.lib : isr_trap.obj (.text:_isr:__TI_ISR_TRAP)
                  0000d620    00000006                     : copy_decompress_rle.obj (.text:decompress:rle24:__TI_decompress_rle24)
                  0000d626    00000004                     : pre_init.obj (.text:_system_pre_init)
                  0000d62a    00000004                     : exit.obj (.text:abort)

.const     0    0000d62e    00000058     
                  0000d62e    00000015     radio.obj (.const:.string:P_VALUE_CH_)
                  0000d643    00000001     radio.obj (.const)
                  0000d644    00000015     radio.obj (.const:.string:R_VALUE_CH_)
                  0000d659    00000001     --HOLE-- [fill = 0]
                  0000d65a    00000015     radio.obj (.const:.string:S_VALUE_CH_)
                  0000d66f    00000001     --HOLE-- [fill = 0]
                  0000d670    00000012     main.obj (.const:.string)
                  0000d682    00000004     NFC.obj (.const:.string)

.cinit     0    0000d686    00000020     
                  0000d686    0000000d     (.cinit..data.load) [load image]
                  0000d693    00000001     --HOLE-- [fill = 0]
                  0000d694    00000006     (__TI_handler_table)
                  0000d69a    00000004     (.cinit..bss.load) [load image, compression = zero_init]
                  0000d69e    00000008     (__TI_cinit_table)

.init_array 
*          0    0000c000    00000000     UNINITIALIZED

TRAPINT    0    0000ffe0    00000002     
                  0000ffe0    00000002     rts430_eabi.lib : int00.obj (.int00)

$fill000   0    0000ffde    00000002     
                  0000ffde    00000002     --HOLE-- [fill = ffff]

PORT1      0    0000ffe4    00000002     
                  0000ffe4    00000002     rts430_eabi.lib : int02.obj (.int02)

PORT2      0    0000ffe6    00000002     
                  0000ffe6    00000002     trf7970.obj (.int03)

ADC10      0    0000ffea    00000002     
                  0000ffea    00000002     rts430_eabi.lib : int05.obj (.int05)

USCIAB0TX 
*          0    0000ffec    00000002     
                  0000ffec    00000002     rts430_eabi.lib : int06.obj (.int06)

USCIAB0RX 
*          0    0000ffee    00000002     
                  0000ffee    00000002     uart.obj (.int07)

TIMER0_A1 
*          0    0000fff0    00000002     
                  0000fff0    00000002     rts430_eabi.lib : int08.obj (.int08)

TIMER0_A0 
*          0    0000fff2    00000002     
                  0000fff2    00000002     trf7970BoosterPack.obj (.int09)

WDT        0    0000fff4    00000002     
                  0000fff4    00000002     main.obj (.int10)

COMPARATORA 
*          0    0000fff6    00000002     
                  0000fff6    00000002     rts430_eabi.lib : int11.obj (.int11)

TIMER1_A1 
*          0    0000fff8    00000002     
                  0000fff8    00000002     rts430_eabi.lib : int12.obj (.int12)

TIMER1_A0 
*          0    0000fffa    00000002     
                  0000fffa    00000002     rts430_eabi.lib : int13.obj (.int13)

NMI        0    0000fffc    00000002     
                  0000fffc    00000002     rts430_eabi.lib : int14.obj (.int14)

.reset     0    0000fffe    00000002     
                  0000fffe    00000002     rts430_eabi.lib : boot.obj (.reset)


LINKER GENERATED COPY TABLES

__TI_cinit_table @ 0000d69e records: 2, size/record: 4, table size: 8
	.data: load addr=0000d686, load size=0000000d bytes, run addr=000002c4, run size=00000009 bytes, compression=copy
	.bss: load addr=0000d69a, load size=00000004 bytes, run addr=00000200, run size=000000c4 bytes, compression=zero_init


LINKER GENERATED HANDLER TABLE

__TI_handler_table @ 0000d694 records: 3, size/record: 2, table size: 6
	index: 0, handler: __TI_zero_init
	index: 1, handler: __TI_decompress_rle24
	index: 2, handler: __TI_decompress_none


GLOBAL SYMBOLS: SORTED ALPHABETICALLY BY Name 

address   name                     
-------   ----                     
0000004a  ADC10AE0                 
000001b0  ADC10CTL0                
000001b2  ADC10CTL1                
00000048  ADC10DTC0                
00000049  ADC10DTC1                
000001b4  ADC10MEM                 
000001bc  ADC10SA                  
00000057  BCSCTL1                  
00000058  BCSCTL2                  
00000053  BCSCTL3                  
0000d62a  C$$EXIT                  
00000059  CACTL1                   
0000005a  CACTL2                   
000010fb  CALBC1_12MHZ             
000010f9  CALBC1_16MHZ             
000010ff  CALBC1_1MHZ              
000010fd  CALBC1_8MHZ              
000010fa  CALDCO_12MHZ             
000010f8  CALDCO_16MHZ             
000010fe  CALDCO_1MHZ              
000010fc  CALDCO_8MHZ              
0000005b  CAPD                     
000002be  Card_RSSI                
000002a0  Card_UID                 
0000d4ca  Copy_RSSI                
0000c7e2  Copy_UID                 
00000056  DCOCTL                   
00000128  FCTL1                    
0000012a  FCTL2                    
0000012c  FCTL3                    
00000000  IE1                      
00000001  IE2                      
00000002  IFG1                     
00000003  IFG2                     
0000cab0  ISO14443IRQWaitTimeout   
0000d594  Iso14443_config          
0000cfac  Iso14443aAnticollision   
0000d3c6  Iso14443aFindTag         
0000c000  Iso14443aLoop            
0000c972  Iso14443aSelectCommand   
0000d040  Iso14443a_command        
0000cca8  Iso14443a_halt           
0000d5d4  McuCounterSet            
0000d432  McuDelayMillisecond      
0000d3a0  NFC_Init                 
0000d0ce  NFC_Read                 
00000022  P1DIR                    
00000025  P1IE                     
00000024  P1IES                    
00000023  P1IFG                    
00000020  P1IN                     
00000021  P1OUT                    
00000027  P1REN                    
00000026  P1SEL                    
00000041  P1SEL2                   
0000002a  P2DIR                    
0000002d  P2IE                     
0000002c  P2IES                    
0000002b  P2IFG                    
00000028  P2IN                     
00000029  P2OUT                    
0000002f  P2REN                    
0000002e  P2SEL                    
00000042  P2SEL2                   
0000001a  P3DIR                    
00000018  P3IN                     
00000019  P3OUT                    
00000010  P3REN                    
0000001b  P3SEL                    
00000043  P3SEL2                   
0000d62e  P_VALUE_CH_              
0000d1c8  Print_Card               
0000d644  R_VALUE_CH_              
0000c2b0  Radio_Init               
0000cb3c  Radio_Set_Channel        
0000d54c  Radio_Set_TxPower        
0000d454  SPI_Conf_Read_Register   
0000d476  SPI_Conf_Write_Register  
0000d378  SPI_Init                 
0000d65a  S_VALUE_CH_              
0000d2c8  SpiDirectCommand         
0000d268  SpiRawWrite              
0000cd78  SpiReadCont              
0000cddc  SpiReadSingle            
0000d4fa  SpiSetup                 
0000d236  SpiUsciSet               
0000d18c  SpiWriteCont             
0000cff6  SpiWriteSingle           
0000cd12  Spi_Send                 
0000cbb8  System_Set_Speed         
00000172  TA0CCR0                  
00000174  TA0CCR1                  
00000176  TA0CCR2                  
00000162  TA0CCTL0                 
00000164  TA0CCTL1                 
00000166  TA0CCTL2                 
00000160  TA0CTL                   
0000012e  TA0IV                    
00000170  TA0R                     
00000192  TA1CCR0                  
00000194  TA1CCR1                  
00000196  TA1CCR2                  
00000182  TA1CCTL0                 
00000184  TA1CCTL1                 
00000186  TA1CCTL2                 
00000180  TA1CTL                   
0000011e  TA1IV                    
00000190  TA1R                     
000010db  TLV_ADC10_1_LEN          
000010da  TLV_ADC10_1_TAG          
000010c0  TLV_CHECKSUM             
000010f7  TLV_DCO_30_LEN           
000010f6  TLV_DCO_30_TAG           
000002bf  Tag_Count                
0000d5ea  Trf7970CommunicationSetup
0000d5f0  Trf7970DirectCommand     
0000c4aa  Trf7970ISR               
0000d298  Trf7970InitialSettings   
0000ce40  Trf7970PortB             
0000d5f6  Trf7970RawWrite          
0000d5fc  Trf7970ReConfig          
0000d602  Trf7970ReadCont          
0000d510  Trf7970ReadIrqStatus     
0000d608  Trf7970ReadSingle        
0000d5a4  Trf7970Reset             
0000d496  Trf7970ResetIrqStatus    
0000d5b4  Trf7970StopDecoders      
0000d3ea  Trf7970TurnRfOff         
0000d4e2  Trf7970TurnRfOn          
0000d60e  Trf7970WriteCont         
0000c6a4  Trf7970WriteIsoControl   
0000d614  Trf7970WriteSingle       
0000d110  UART0_Send_ByteToChar    
0000d200  UART_Init                
0000d524  UART_Send_Byte           
0000d55e  UART_Send_Data           
0000005d  UCA0ABCTL                
00000062  UCA0BR0                  
00000063  UCA0BR1                  
00000060  UCA0CTL0                 
00000061  UCA0CTL1                 
0000005f  UCA0IRRCTL               
0000005e  UCA0IRTCTL               
00000064  UCA0MCTL                 
00000066  UCA0RXBUF                
00000065  UCA0STAT                 
00000067  UCA0TXBUF                
0000006a  UCB0BR0                  
0000006b  UCB0BR1                  
00000068  UCB0CTL0                 
00000069  UCB0CTL1                 
0000006c  UCB0I2CIE                
00000118  UCB0I2COA                
0000011a  UCB0I2CSA                
0000006e  UCB0RXBUF                
0000006d  UCB0STAT                 
0000006f  UCB0TXBUF                
0000d2f4  USCI0RX_ISR              
00000120  WDTCTL                   
00000400  __STACK_END              
00000050  __STACK_SIZE             
0000d69e  __TI_CINIT_Base          
0000d6a6  __TI_CINIT_Limit         
0000d694  __TI_Handler_Table_Base  
0000d69a  __TI_Handler_Table_Limit 
UNDEFED   __TI_INITARRAY_Base      
UNDEFED   __TI_INITARRAY_Limit     
0000d61a  __TI_ISR_TRAP            
0000d570  __TI_decompress_none     
0000d620  __TI_decompress_rle24    
0000ffe0  __TI_int00               
0000ffe4  __TI_int02               
0000ffe6  __TI_int03               
0000ffea  __TI_int05               
0000ffec  __TI_int06               
0000ffee  __TI_int07               
0000fff0  __TI_int08               
0000fff2  __TI_int09               
0000fff4  __TI_int10               
0000fff6  __TI_int11               
0000fff8  __TI_int12               
0000fffa  __TI_int13               
0000fffc  __TI_int14               
0000d538  __TI_zero_init           
ffffffff  __binit__                
ffffffff  __c_args__               
0000d088  __mspabi_fixfu           
0000d40e  __mspabi_fltuf           
0000d5d0  __mspabi_func_epilog_1   
0000d5ce  __mspabi_func_epilog_2   
0000d5cc  __mspabi_func_epilog_3   
0000d5ca  __mspabi_func_epilog_4   
0000d5c8  __mspabi_func_epilog_5   
0000d5c6  __mspabi_func_epilog_6   
0000d5c4  __mspabi_func_epilog_7   
0000c8b0  __mspabi_mpyf            
0000d34c  __mspabi_slli            
0000d374  __mspabi_slli_1          
0000d362  __mspabi_slli_10         
0000d360  __mspabi_slli_11         
0000d35e  __mspabi_slli_12         
0000d35c  __mspabi_slli_13         
0000d35a  __mspabi_slli_14         
0000d358  __mspabi_slli_15         
0000d372  __mspabi_slli_2          
0000d370  __mspabi_slli_3          
0000d36e  __mspabi_slli_4          
0000d36c  __mspabi_slli_5          
0000d36a  __mspabi_slli_6          
0000d368  __mspabi_slli_7          
0000d366  __mspabi_slli_8          
0000d364  __mspabi_slli_9          
0000d320  __mspabi_srai            
0000d348  __mspabi_srai_1          
0000d336  __mspabi_srai_10         
0000d334  __mspabi_srai_11         
0000d332  __mspabi_srai_12         
0000d330  __mspabi_srai_13         
0000d32e  __mspabi_srai_14         
0000d32c  __mspabi_srai_15         
0000d346  __mspabi_srai_2          
0000d344  __mspabi_srai_3          
0000d342  __mspabi_srai_4          
0000d340  __mspabi_srai_5          
0000d33e  __mspabi_srai_6          
0000d33c  __mspabi_srai_7          
0000d33a  __mspabi_srai_8          
0000d338  __mspabi_srai_9          
0000cf60  __mspabi_srli            
0000cfa6  __mspabi_srli_1          
0000cf82  __mspabi_srli_10         
0000cf7e  __mspabi_srli_11         
0000cf7a  __mspabi_srli_12         
0000cf76  __mspabi_srli_13         
0000cf72  __mspabi_srli_14         
0000cf6e  __mspabi_srli_15         
0000cfa2  __mspabi_srli_2          
0000cf9e  __mspabi_srli_3          
0000cf9a  __mspabi_srli_4          
0000cf96  __mspabi_srli_5          
0000cf92  __mspabi_srli_6          
0000cf8e  __mspabi_srli_7          
0000cf8a  __mspabi_srli_8          
0000cf86  __mspabi_srli_9          
0000cf08  _auto_init               
0000d4b0  _c_int00_noargs_noexit   
0000fffe  _reset_vector            
000003b0  _stack                   
0000d626  _system_pre_init         
0000d62a  abort                    
ffffffff  binit                    
00000200  buf                      
0000ca1e  cByteToHex               
000002c9  coll_poss                
000002bc  command                  
000002ae  complete_uid             
000002cc  direct_mode              
000002c0  dummy                    
000002c8  host_control_flag        
000002c4  i_reg                    
000002c5  irq_flag                 
0000cc30  main                     
0000d582  memcpy                   
000002c6  rx_error_flag            
000002c7  rxtx_state               
000002cb  temp                     
0000d14e  timerHandler             
000002c1  uart_buf_head            
000002c2  uart_buf_tail            
00000264  uart_rcv_buf             
000002ca  uid_pos                  
000002c3  uid_pos1                 
0000d643  vcotune                  
0000d5e2  watchdog_timer           


GLOBAL SYMBOLS: SORTED BY Symbol Address 

address   name                     
-------   ----                     
00000000  IE1                      
00000001  IE2                      
00000002  IFG1                     
00000003  IFG2                     
00000010  P3REN                    
00000018  P3IN                     
00000019  P3OUT                    
0000001a  P3DIR                    
0000001b  P3SEL                    
00000020  P1IN                     
00000021  P1OUT                    
00000022  P1DIR                    
00000023  P1IFG                    
00000024  P1IES                    
00000025  P1IE                     
00000026  P1SEL                    
00000027  P1REN                    
00000028  P2IN                     
00000029  P2OUT                    
0000002a  P2DIR                    
0000002b  P2IFG                    
0000002c  P2IES                    
0000002d  P2IE                     
0000002e  P2SEL                    
0000002f  P2REN                    
00000041  P1SEL2                   
00000042  P2SEL2                   
00000043  P3SEL2                   
00000048  ADC10DTC0                
00000049  ADC10DTC1                
0000004a  ADC10AE0                 
00000050  __STACK_SIZE             
00000053  BCSCTL3                  
00000056  DCOCTL                   
00000057  BCSCTL1                  
00000058  BCSCTL2                  
00000059  CACTL1                   
0000005a  CACTL2                   
0000005b  CAPD                     
0000005d  UCA0ABCTL                
0000005e  UCA0IRTCTL               
0000005f  UCA0IRRCTL               
00000060  UCA0CTL0                 
00000061  UCA0CTL1                 
00000062  UCA0BR0                  
00000063  UCA0BR1                  
00000064  UCA0MCTL                 
00000065  UCA0STAT                 
00000066  UCA0RXBUF                
00000067  UCA0TXBUF                
00000068  UCB0CTL0                 
00000069  UCB0CTL1                 
0000006a  UCB0BR0                  
0000006b  UCB0BR1                  
0000006c  UCB0I2CIE                
0000006d  UCB0STAT                 
0000006e  UCB0RXBUF                
0000006f  UCB0TXBUF                
00000118  UCB0I2COA                
0000011a  UCB0I2CSA                
0000011e  TA1IV                    
00000120  WDTCTL                   
00000128  FCTL1                    
0000012a  FCTL2                    
0000012c  FCTL3                    
0000012e  TA0IV                    
00000160  TA0CTL                   
00000162  TA0CCTL0                 
00000164  TA0CCTL1                 
00000166  TA0CCTL2                 
00000170  TA0R                     
00000172  TA0CCR0                  
00000174  TA0CCR1                  
00000176  TA0CCR2                  
00000180  TA1CTL                   
00000182  TA1CCTL0                 
00000184  TA1CCTL1                 
00000186  TA1CCTL2                 
00000190  TA1R                     
00000192  TA1CCR0                  
00000194  TA1CCR1                  
00000196  TA1CCR2                  
000001b0  ADC10CTL0                
000001b2  ADC10CTL1                
000001b4  ADC10MEM                 
000001bc  ADC10SA                  
00000200  buf                      
00000264  uart_rcv_buf             
000002a0  Card_UID                 
000002ae  complete_uid             
000002bc  command                  
000002be  Card_RSSI                
000002bf  Tag_Count                
000002c0  dummy                    
000002c1  uart_buf_head            
000002c2  uart_buf_tail            
000002c3  uid_pos1                 
000002c4  i_reg                    
000002c5  irq_flag                 
000002c6  rx_error_flag            
000002c7  rxtx_state               
000002c8  host_control_flag        
000002c9  coll_poss                
000002ca  uid_pos                  
000002cb  temp                     
000002cc  direct_mode              
000003b0  _stack                   
00000400  __STACK_END              
000010c0  TLV_CHECKSUM             
000010da  TLV_ADC10_1_TAG          
000010db  TLV_ADC10_1_LEN          
000010f6  TLV_DCO_30_TAG           
000010f7  TLV_DCO_30_LEN           
000010f8  CALDCO_16MHZ             
000010f9  CALBC1_16MHZ             
000010fa  CALDCO_12MHZ             
000010fb  CALBC1_12MHZ             
000010fc  CALDCO_8MHZ              
000010fd  CALBC1_8MHZ              
000010fe  CALDCO_1MHZ              
000010ff  CALBC1_1MHZ              
0000c000  Iso14443aLoop            
0000c2b0  Radio_Init               
0000c4aa  Trf7970ISR               
0000c6a4  Trf7970WriteIsoControl   
0000c7e2  Copy_UID                 
0000c8b0  __mspabi_mpyf            
0000c972  Iso14443aSelectCommand   
0000ca1e  cByteToHex               
0000cab0  ISO14443IRQWaitTimeout   
0000cb3c  Radio_Set_Channel        
0000cbb8  System_Set_Speed         
0000cc30  main                     
0000cca8  Iso14443a_halt           
0000cd12  Spi_Send                 
0000cd78  SpiReadCont              
0000cddc  SpiReadSingle            
0000ce40  Trf7970PortB             
0000cf08  _auto_init               
0000cf60  __mspabi_srli            
0000cf6e  __mspabi_srli_15         
0000cf72  __mspabi_srli_14         
0000cf76  __mspabi_srli_13         
0000cf7a  __mspabi_srli_12         
0000cf7e  __mspabi_srli_11         
0000cf82  __mspabi_srli_10         
0000cf86  __mspabi_srli_9          
0000cf8a  __mspabi_srli_8          
0000cf8e  __mspabi_srli_7          
0000cf92  __mspabi_srli_6          
0000cf96  __mspabi_srli_5          
0000cf9a  __mspabi_srli_4          
0000cf9e  __mspabi_srli_3          
0000cfa2  __mspabi_srli_2          
0000cfa6  __mspabi_srli_1          
0000cfac  Iso14443aAnticollision   
0000cff6  SpiWriteSingle           
0000d040  Iso14443a_command        
0000d088  __mspabi_fixfu           
0000d0ce  NFC_Read                 
0000d110  UART0_Send_ByteToChar    
0000d14e  timerHandler             
0000d18c  SpiWriteCont             
0000d1c8  Print_Card               
0000d200  UART_Init                
0000d236  SpiUsciSet               
0000d268  SpiRawWrite              
0000d298  Trf7970InitialSettings   
0000d2c8  SpiDirectCommand         
0000d2f4  USCI0RX_ISR              
0000d320  __mspabi_srai            
0000d32c  __mspabi_srai_15         
0000d32e  __mspabi_srai_14         
0000d330  __mspabi_srai_13         
0000d332  __mspabi_srai_12         
0000d334  __mspabi_srai_11         
0000d336  __mspabi_srai_10         
0000d338  __mspabi_srai_9          
0000d33a  __mspabi_srai_8          
0000d33c  __mspabi_srai_7          
0000d33e  __mspabi_srai_6          
0000d340  __mspabi_srai_5          
0000d342  __mspabi_srai_4          
0000d344  __mspabi_srai_3          
0000d346  __mspabi_srai_2          
0000d348  __mspabi_srai_1          
0000d34c  __mspabi_slli            
0000d358  __mspabi_slli_15         
0000d35a  __mspabi_slli_14         
0000d35c  __mspabi_slli_13         
0000d35e  __mspabi_slli_12         
0000d360  __mspabi_slli_11         
0000d362  __mspabi_slli_10         
0000d364  __mspabi_slli_9          
0000d366  __mspabi_slli_8          
0000d368  __mspabi_slli_7          
0000d36a  __mspabi_slli_6          
0000d36c  __mspabi_slli_5          
0000d36e  __mspabi_slli_4          
0000d370  __mspabi_slli_3          
0000d372  __mspabi_slli_2          
0000d374  __mspabi_slli_1          
0000d378  SPI_Init                 
0000d3a0  NFC_Init                 
0000d3c6  Iso14443aFindTag         
0000d3ea  Trf7970TurnRfOff         
0000d40e  __mspabi_fltuf           
0000d432  McuDelayMillisecond      
0000d454  SPI_Conf_Read_Register   
0000d476  SPI_Conf_Write_Register  
0000d496  Trf7970ResetIrqStatus    
0000d4b0  _c_int00_noargs_noexit   
0000d4ca  Copy_RSSI                
0000d4e2  Trf7970TurnRfOn          
0000d4fa  SpiSetup                 
0000d510  Trf7970ReadIrqStatus     
0000d524  UART_Send_Byte           
0000d538  __TI_zero_init           
0000d54c  Radio_Set_TxPower        
0000d55e  UART_Send_Data           
0000d570  __TI_decompress_none     
0000d582  memcpy                   
0000d594  Iso14443_config          
0000d5a4  Trf7970Reset             
0000d5b4  Trf7970StopDecoders      
0000d5c4  __mspabi_func_epilog_7   
0000d5c6  __mspabi_func_epilog_6   
0000d5c8  __mspabi_func_epilog_5   
0000d5ca  __mspabi_func_epilog_4   
0000d5cc  __mspabi_func_epilog_3   
0000d5ce  __mspabi_func_epilog_2   
0000d5d0  __mspabi_func_epilog_1   
0000d5d4  McuCounterSet            
0000d5e2  watchdog_timer           
0000d5ea  Trf7970CommunicationSetup
0000d5f0  Trf7970DirectCommand     
0000d5f6  Trf7970RawWrite          
0000d5fc  Trf7970ReConfig          
0000d602  Trf7970ReadCont          
0000d608  Trf7970ReadSingle        
0000d60e  Trf7970WriteCont         
0000d614  Trf7970WriteSingle       
0000d61a  __TI_ISR_TRAP            
0000d620  __TI_decompress_rle24    
0000d626  _system_pre_init         
0000d62a  C$$EXIT                  
0000d62a  abort                    
0000d62e  P_VALUE_CH_              
0000d643  vcotune                  
0000d644  R_VALUE_CH_              
0000d65a  S_VALUE_CH_              
0000d694  __TI_Handler_Table_Base  
0000d69a  __TI_Handler_Table_Limit 
0000d69e  __TI_CINIT_Base          
0000d6a6  __TI_CINIT_Limit         
0000ffe0  __TI_int00               
0000ffe4  __TI_int02               
0000ffe6  __TI_int03               
0000ffea  __TI_int05               
0000ffec  __TI_int06               
0000ffee  __TI_int07               
0000fff0  __TI_int08               
0000fff2  __TI_int09               
0000fff4  __TI_int10               
0000fff6  __TI_int11               
0000fff8  __TI_int12               
0000fffa  __TI_int13               
0000fffc  __TI_int14               
0000fffe  _reset_vector            
ffffffff  __binit__                
ffffffff  __c_args__               
ffffffff  binit                    
UNDEFED   __TI_INITARRAY_Base      
UNDEFED   __TI_INITARRAY_Limit     

[274 symbols]
