******************************************************************************
                  MSP430 Linker PC v4.4.5                      
******************************************************************************
>> Linked Sun Oct 11 15:31:02 2015

OUTPUT FILE NAME:   <SardNFC.out>
ENTRY POINT SYMBOL: "_c_int00_noargs_noexit"  address: 0000d062


MEMORY CONFIGURATION

         name            origin    length      used     unused   attr    fill
----------------------  --------  ---------  --------  --------  ----  --------
  SFR                   00000000   00000010  00000000  00000010  RWIX
  PERIPHERALS_8BIT      00000010   000000f0  00000000  000000f0  RWIX
  PERIPHERALS_16BIT     00000100   00000100  00000000  00000100  RWIX
  RAM                   00000200   00000200  000000d1  0000012f  RWIX
  INFOD                 00001000   00000040  00000000  00000040  RWIX
  INFOC                 00001040   00000040  00000000  00000040  RWIX
  INFOB                 00001080   00000040  00000000  00000040  RWIX
  INFOA                 000010c0   00000040  00000000  00000040  RWIX
  FLASH                 0000c000   00003fde  0000121e  00002dc0  RWIX
  BSLSIGNATURE          0000ffde   00000002  00000002  00000000  RWIX  ffff 
  INT00                 0000ffe0   00000002  00000002  00000000  RWIX
  INT01                 0000ffe2   00000002  00000000  00000002  RWIX
  INT02                 0000ffe4   00000002  00000002  00000000  RWIX
  INT03                 0000ffe6   00000002  00000002  00000000  RWIX
  INT04                 0000ffe8   00000002  00000000  00000002  RWIX
  INT05                 0000ffea   00000002  00000002  00000000  RWIX
  INT06                 0000ffec   00000002  00000002  00000000  RWIX
  INT07                 0000ffee   00000002  00000002  00000000  RWIX
  INT08                 0000fff0   00000002  00000002  00000000  RWIX
  INT09                 0000fff2   00000002  00000002  00000000  RWIX
  INT10                 0000fff4   00000002  00000002  00000000  RWIX
  INT11                 0000fff6   00000002  00000002  00000000  RWIX
  INT12                 0000fff8   00000002  00000002  00000000  RWIX
  INT13                 0000fffa   00000002  00000002  00000000  RWIX
  INT14                 0000fffc   00000002  00000002  00000000  RWIX
  RESET                 0000fffe   00000002  00000002  00000000  RWIX


SECTION ALLOCATION MAP

 output                                  attributes/
section   page    origin      length       input sections
--------  ----  ----------  ----------   ----------------
.bss       0    00000200    00000076     UNINITIALIZED
                  00000200    00000064     (.common:buf)
                  00000264    0000000e     (.common:complete_uid)
                  00000272    00000002     (.common:command)
                  00000274    00000001     (.common:Tag_Count)
                  00000275    00000001     (.common:uid_pos1)

.data      0    00000276    0000000b     UNINITIALIZED
                  00000276    00000005     NFC.obj (.data)
                  0000027b    00000002     iso14443a.obj (.data)
                  0000027d    00000002     main.obj (.data)
                  0000027f    00000001     spi.obj (.data)
                  00000280    00000001     trf7970.obj (.data)

.TI.persistent 
*          0    00000276    00000000     UNINITIALIZED

.stack     0    000003b0    00000050     UNINITIALIZED
                  000003b0    00000002     rts430_eabi.lib : boot.obj (.stack)
                  000003b2    0000004e     --HOLE--

.text      0    0000c000    000011cc     
                  0000c000    000003bc     iso14443a.obj (.text:Iso14443aLoop)
                  0000c3bc    000001fa     trf7970.obj (.text:Trf7970ISR)
                  0000c5b6    0000013e     trf7970.obj (.text:Trf7970WriteIsoControl)
                  0000c6f4    000000c2     rts430_eabi.lib : fs_mpy.obj (.text)
                  0000c7b6    000000ac     iso14443a.obj (.text:Iso14443aSelectCommand)
                  0000c862    0000009e     main.obj (.text:main)
                  0000c900    0000008c     iso14443a.obj (.text:ISO14443IRQWaitTimeout)
                  0000c98c    0000006a     iso14443a.obj (.text:Iso14443a_halt)
                  0000c9f6    00000064     spi.obj (.text:SpiReadSingle)
                  0000ca5a    00000064     trf7970.obj (.text:Trf7970PortB)
                  0000cabe    00000064     rts430_eabi.lib : copy_decompress_rle.obj (.text:__TI_decompress_rle_core)
                  0000cb22    0000005e     iso14443a.obj (.text:Iso14443aAnticollision)
                  0000cb80    0000005c     trf7970BoosterPack.obj (.text:McuOscSel)
                  0000cbdc    00000058     spi.obj (.text:SpiReadCont)
                  0000cc34    00000058     rts430_eabi.lib : autoinit.obj (.text:_auto_init)
                  0000cc8c    0000004c                     : lsr16.obj (.text)
                  0000ccd8    0000004a     spi.obj (.text:SpiWriteSingle)
                  0000cd22    00000048     iso14443a.obj (.text:Iso14443a_command)
                  0000cd6a    00000046     rts430_eabi.lib : fs_tou.obj (.text)
                  0000cdb0    0000003e     trf7970BoosterPack.obj (.text:timerHandler)
                  0000cdee    0000003c     spi.obj (.text:SpiWriteCont)
                  0000ce2a    00000032     spi.obj (.text:SpiUsciSet)
                  0000ce5c    00000032     uart.obj (.text:UartSetup)
                  0000ce8e    00000030     spi.obj (.text:SpiRawWrite)
                  0000cebe    00000030     trf7970.obj (.text:Trf7970InitialSettings)
                  0000ceee    0000002c     NFC.obj (.text:NFC_Init)
                  0000cf1a    0000002c     spi.obj (.text:SpiDirectCommand)
                  0000cf46    0000002c     rts430_eabi.lib : asr16.obj (.text)
                  0000cf72    00000026     uart.obj (.text:UartPutByte)
                  0000cf98    00000024     iso14443a.obj (.text:Iso14443aFindTag)
                  0000cfbc    00000024     trf7970.obj (.text:Trf7970TurnRfOff)
                  0000cfe0    00000024     rts430_eabi.lib : fs_utof.obj (.text)
                  0000d004    00000022     trf7970BoosterPack.obj (.text:McuDelayMillisecond)
                  0000d026    00000022     spi.obj (.text:SpiSetup)
                  0000d048    0000001a     trf7970.obj (.text:Trf7970ResetIrqStatus)
                  0000d062    0000001a     rts430_eabi.lib : boot_special.obj (.text:_c_int00_noargs_noexit)
                  0000d07c    00000018     trf7970.obj (.text:Trf7970TurnRfOn)
                  0000d094    00000014     trf7970.obj (.text:Trf7970ReadIrqStatus)
                  0000d0a8    00000014     rts430_eabi.lib : copy_zero_init.obj (.text:decompress:ZI:__TI_zero_init)
                  0000d0bc    00000012     uart.obj (.text:UartPutCrlf)
                  0000d0ce    00000012     uart.obj (.text:UartSendCString)
                  0000d0e0    00000012     rts430_eabi.lib : copy_decompress_none.obj (.text:decompress:none:__TI_decompress_none)
                  0000d0f2    00000012                     : memcpy.obj (.text:memcpy)
                  0000d104    00000010     iso14443a.obj (.text:Iso14443_config)
                  0000d114    00000010     trf7970.obj (.text:Trf7970Reset)
                  0000d124    00000010     trf7970.obj (.text:Trf7970StopDecoders)
                  0000d134    00000010     uart.obj (.text:UartNibble2Ascii)
                  0000d144    00000010     rts430_eabi.lib : epilog.obj (.text)
                  0000d154    0000000e     trf7970BoosterPack.obj (.text:McuCounterSet)
                  0000d162    0000000c     uart.obj (.text:UartPutChar)
                  0000d16e    00000008     main.obj (.text:watchdog_timer)
                  0000d176    00000006     trf7970.obj (.text:Trf7970CommunicationSetup)
                  0000d17c    00000006     trf7970.obj (.text:Trf7970DirectCommand)
                  0000d182    00000006     trf7970.obj (.text:Trf7970RawWrite)
                  0000d188    00000006     trf7970.obj (.text:Trf7970ReConfig)
                  0000d18e    00000006     trf7970.obj (.text:Trf7970ReadCont)
                  0000d194    00000006     trf7970.obj (.text:Trf7970ReadSingle)
                  0000d19a    00000006     trf7970.obj (.text:Trf7970WriteCont)
                  0000d1a0    00000006     trf7970.obj (.text:Trf7970WriteSingle)
                  0000d1a6    00000006     rts430_eabi.lib : isr_trap.obj (.text:_isr:__TI_ISR_TRAP)
                  0000d1ac    00000006                     : copy_decompress_rle.obj (.text:decompress:rle24:__TI_decompress_rle24)
                  0000d1b2    00000004                     : pre_init.obj (.text:_system_pre_init)
                  0000d1b6    00000004                     : exit.obj (.text:abort)
                  0000d1ba    00000002     main.obj (.text:ADC12_ISR)
                  0000d1bc    00000002     main.obj (.text:COMPARATORA_ISR)
                  0000d1be    00000002     main.obj (.text:NMI_ISR)
                  0000d1c0    00000002     main.obj (.text:PORT1_ISR)
                  0000d1c2    00000002     main.obj (.text:TIMER0_A1_ISR)
                  0000d1c4    00000002     main.obj (.text:TIMER1_A0_ISR)
                  0000d1c6    00000002     main.obj (.text:TIMER1_A1_ISR)
                  0000d1c8    00000002     main.obj (.text:USCIAB0RX_ISR)
                  0000d1ca    00000002     main.obj (.text:USCIAB0TX_ISR)

.const     0    0000d1cc    00000030     
                  0000d1cc    0000001e     main.obj (.const:.string)
                  0000d1ea    00000012     iso14443a.obj (.const:.string)

.cinit     0    0000d1fc    00000022     
                  0000d1fc    0000000f     (.cinit..data.load) [load image]
                  0000d20b    00000001     --HOLE-- [fill = 0]
                  0000d20c    00000006     (__TI_handler_table)
                  0000d212    00000004     (.cinit..bss.load) [load image, compression = zero_init]
                  0000d216    00000008     (__TI_cinit_table)

.init_array 
*          0    0000c000    00000000     UNINITIALIZED

TRAPINT    0    0000ffe0    00000002     
                  0000ffe0    00000002     rts430_eabi.lib : int00.obj (.int00)

$fill000   0    0000ffde    00000002     
                  0000ffde    00000002     --HOLE-- [fill = ffff]

PORT1      0    0000ffe4    00000002     
                  0000ffe4    00000002     main.obj (.int02)

PORT2      0    0000ffe6    00000002     
                  0000ffe6    00000002     trf7970.obj (.int03)

ADC10      0    0000ffea    00000002     
                  0000ffea    00000002     main.obj (.int05)

USCIAB0TX 
*          0    0000ffec    00000002     
                  0000ffec    00000002     main.obj (.int06)

USCIAB0RX 
*          0    0000ffee    00000002     
                  0000ffee    00000002     main.obj (.int07)

TIMER0_A1 
*          0    0000fff0    00000002     
                  0000fff0    00000002     main.obj (.int08)

TIMER0_A0 
*          0    0000fff2    00000002     
                  0000fff2    00000002     trf7970BoosterPack.obj (.int09)

WDT        0    0000fff4    00000002     
                  0000fff4    00000002     main.obj (.int10)

COMPARATORA 
*          0    0000fff6    00000002     
                  0000fff6    00000002     main.obj (.int11)

TIMER1_A1 
*          0    0000fff8    00000002     
                  0000fff8    00000002     main.obj (.int12)

TIMER1_A0 
*          0    0000fffa    00000002     
                  0000fffa    00000002     main.obj (.int13)

NMI        0    0000fffc    00000002     
                  0000fffc    00000002     main.obj (.int14)

.reset     0    0000fffe    00000002     
                  0000fffe    00000002     rts430_eabi.lib : boot.obj (.reset)


LINKER GENERATED COPY TABLES

__TI_cinit_table @ 0000d216 records: 2, size/record: 4, table size: 8
	.data: load addr=0000d1fc, load size=0000000f bytes, run addr=00000276, run size=0000000b bytes, compression=copy
	.bss: load addr=0000d212, load size=00000004 bytes, run addr=00000200, run size=00000076 bytes, compression=zero_init


LINKER GENERATED HANDLER TABLE

__TI_handler_table @ 0000d20c records: 3, size/record: 2, table size: 6
	index: 0, handler: __TI_zero_init
	index: 1, handler: __TI_decompress_rle24
	index: 2, handler: __TI_decompress_none


GLOBAL SYMBOLS: SORTED ALPHABETICALLY BY Name 

address   name                     
-------   ----                     
0000004a  ADC10AE0                 
000001b0  ADC10CTL0                
000001b2  ADC10CTL1                
00000048  ADC10DTC0                
00000049  ADC10DTC1                
000001b4  ADC10MEM                 
000001bc  ADC10SA                  
0000d1ba  ADC12_ISR                
00000057  BCSCTL1                  
00000058  BCSCTL2                  
00000053  BCSCTL3                  
0000d1b6  C$$EXIT                  
00000059  CACTL1                   
0000005a  CACTL2                   
000010fb  CALBC1_12MHZ             
000010f9  CALBC1_16MHZ             
000010ff  CALBC1_1MHZ              
000010fd  CALBC1_8MHZ              
000010fa  CALDCO_12MHZ             
000010f8  CALDCO_16MHZ             
000010fe  CALDCO_1MHZ              
000010fc  CALDCO_8MHZ              
0000005b  CAPD                     
0000d1bc  COMPARATORA_ISR          
00000056  DCOCTL                   
00000128  FCTL1                    
0000012a  FCTL2                    
0000012c  FCTL3                    
00000000  IE1                      
00000001  IE2                      
00000002  IFG1                     
00000003  IFG2                     
0000c900  ISO14443IRQWaitTimeout   
0000d104  Iso14443_config          
0000cb22  Iso14443aAnticollision   
0000cf98  Iso14443aFindTag         
0000c000  Iso14443aLoop            
0000c7b6  Iso14443aSelectCommand   
0000cd22  Iso14443a_command        
0000c98c  Iso14443a_halt           
0000d154  McuCounterSet            
0000d004  McuDelayMillisecond      
0000cb80  McuOscSel                
0000ceee  NFC_Init                 
0000d1be  NMI_ISR                  
00000022  P1DIR                    
00000025  P1IE                     
00000024  P1IES                    
00000023  P1IFG                    
00000020  P1IN                     
00000021  P1OUT                    
00000027  P1REN                    
00000026  P1SEL                    
00000041  P1SEL2                   
0000002a  P2DIR                    
0000002d  P2IE                     
0000002c  P2IES                    
0000002b  P2IFG                    
00000028  P2IN                     
00000029  P2OUT                    
0000002f  P2REN                    
0000002e  P2SEL                    
00000042  P2SEL2                   
0000001a  P3DIR                    
00000018  P3IN                     
00000019  P3OUT                    
00000010  P3REN                    
0000001b  P3SEL                    
00000043  P3SEL2                   
0000d1c0  PORT1_ISR                
0000cf1a  SpiDirectCommand         
0000ce8e  SpiRawWrite              
0000cbdc  SpiReadCont              
0000c9f6  SpiReadSingle            
0000d026  SpiSetup                 
0000ce2a  SpiUsciSet               
0000cdee  SpiWriteCont             
0000ccd8  SpiWriteSingle           
00000172  TA0CCR0                  
00000174  TA0CCR1                  
00000176  TA0CCR2                  
00000162  TA0CCTL0                 
00000164  TA0CCTL1                 
00000166  TA0CCTL2                 
00000160  TA0CTL                   
0000012e  TA0IV                    
00000170  TA0R                     
00000192  TA1CCR0                  
00000194  TA1CCR1                  
00000196  TA1CCR2                  
00000182  TA1CCTL0                 
00000184  TA1CCTL1                 
00000186  TA1CCTL2                 
00000180  TA1CTL                   
0000011e  TA1IV                    
00000190  TA1R                     
0000d1c2  TIMER0_A1_ISR            
0000d1c4  TIMER1_A0_ISR            
0000d1c6  TIMER1_A1_ISR            
000010db  TLV_ADC10_1_LEN          
000010da  TLV_ADC10_1_TAG          
000010c0  TLV_CHECKSUM             
000010f7  TLV_DCO_30_LEN           
000010f6  TLV_DCO_30_TAG           
00000274  Tag_Count                
0000d176  Trf7970CommunicationSetup
0000d17c  Trf7970DirectCommand     
0000c3bc  Trf7970ISR               
0000cebe  Trf7970InitialSettings   
0000ca5a  Trf7970PortB             
0000d182  Trf7970RawWrite          
0000d188  Trf7970ReConfig          
0000d18e  Trf7970ReadCont          
0000d094  Trf7970ReadIrqStatus     
0000d194  Trf7970ReadSingle        
0000d114  Trf7970Reset             
0000d048  Trf7970ResetIrqStatus    
0000d124  Trf7970StopDecoders      
0000cfbc  Trf7970TurnRfOff         
0000d07c  Trf7970TurnRfOn          
0000d19a  Trf7970WriteCont         
0000c5b6  Trf7970WriteIsoControl   
0000d1a0  Trf7970WriteSingle       
0000005d  UCA0ABCTL                
00000062  UCA0BR0                  
00000063  UCA0BR1                  
00000060  UCA0CTL0                 
00000061  UCA0CTL1                 
0000005f  UCA0IRRCTL               
0000005e  UCA0IRTCTL               
00000064  UCA0MCTL                 
00000066  UCA0RXBUF                
00000065  UCA0STAT                 
00000067  UCA0TXBUF                
0000006a  UCB0BR0                  
0000006b  UCB0BR1                  
00000068  UCB0CTL0                 
00000069  UCB0CTL1                 
0000006c  UCB0I2CIE                
00000118  UCB0I2COA                
0000011a  UCB0I2CSA                
0000006e  UCB0RXBUF                
0000006d  UCB0STAT                 
0000006f  UCB0TXBUF                
0000d1c8  USCIAB0RX_ISR            
0000d1ca  USCIAB0TX_ISR            
0000d134  UartNibble2Ascii         
0000cf72  UartPutByte              
0000d162  UartPutChar              
0000d0bc  UartPutCrlf              
0000d0ce  UartSendCString          
0000ce5c  UartSetup                
00000120  WDTCTL                   
00000400  __STACK_END              
00000050  __STACK_SIZE             
0000d216  __TI_CINIT_Base          
0000d21e  __TI_CINIT_Limit         
0000d20c  __TI_Handler_Table_Base  
0000d212  __TI_Handler_Table_Limit 
UNDEFED   __TI_INITARRAY_Base      
UNDEFED   __TI_INITARRAY_Limit     
0000d1a6  __TI_ISR_TRAP            
0000d0e0  __TI_decompress_none     
0000d1ac  __TI_decompress_rle24    
0000ffe0  __TI_int00               
0000ffe4  __TI_int02               
0000ffe6  __TI_int03               
0000ffea  __TI_int05               
0000ffec  __TI_int06               
0000ffee  __TI_int07               
0000fff0  __TI_int08               
0000fff2  __TI_int09               
0000fff4  __TI_int10               
0000fff6  __TI_int11               
0000fff8  __TI_int12               
0000fffa  __TI_int13               
0000fffc  __TI_int14               
0000d0a8  __TI_zero_init           
ffffffff  __binit__                
ffffffff  __c_args__               
0000cd6a  __mspabi_fixfu           
0000cfe0  __mspabi_fltuf           
0000d150  __mspabi_func_epilog_1   
0000d14e  __mspabi_func_epilog_2   
0000d14c  __mspabi_func_epilog_3   
0000d14a  __mspabi_func_epilog_4   
0000d148  __mspabi_func_epilog_5   
0000d146  __mspabi_func_epilog_6   
0000d144  __mspabi_func_epilog_7   
0000c6f4  __mspabi_mpyf            
0000cf46  __mspabi_srai            
0000cf6e  __mspabi_srai_1          
0000cf5c  __mspabi_srai_10         
0000cf5a  __mspabi_srai_11         
0000cf58  __mspabi_srai_12         
0000cf56  __mspabi_srai_13         
0000cf54  __mspabi_srai_14         
0000cf52  __mspabi_srai_15         
0000cf6c  __mspabi_srai_2          
0000cf6a  __mspabi_srai_3          
0000cf68  __mspabi_srai_4          
0000cf66  __mspabi_srai_5          
0000cf64  __mspabi_srai_6          
0000cf62  __mspabi_srai_7          
0000cf60  __mspabi_srai_8          
0000cf5e  __mspabi_srai_9          
0000cc8c  __mspabi_srli            
0000ccd2  __mspabi_srli_1          
0000ccae  __mspabi_srli_10         
0000ccaa  __mspabi_srli_11         
0000cca6  __mspabi_srli_12         
0000cca2  __mspabi_srli_13         
0000cc9e  __mspabi_srli_14         
0000cc9a  __mspabi_srli_15         
0000ccce  __mspabi_srli_2          
0000ccca  __mspabi_srli_3          
0000ccc6  __mspabi_srli_4          
0000ccc2  __mspabi_srli_5          
0000ccbe  __mspabi_srli_6          
0000ccba  __mspabi_srli_7          
0000ccb6  __mspabi_srli_8          
0000ccb2  __mspabi_srli_9          
0000cc34  _auto_init               
0000d062  _c_int00_noargs_noexit   
0000fffe  _reset_vector            
000003b0  _stack                   
0000d1b2  _system_pre_init         
0000d1b6  abort                    
ffffffff  binit                    
00000200  buf                      
0000027b  coll_poss                
00000272  command                  
00000264  complete_uid             
00000280  direct_mode              
0000027e  enable                   
0000027a  host_control_flag        
00000276  i_reg                    
00000277  irq_flag                 
0000c862  main                     
0000d0f2  memcpy                   
00000278  rx_error_flag            
00000279  rxtx_state               
0000027d  stand_alone_flag         
0000027f  temp                     
0000cdb0  timerHandler             
0000027c  uid_pos                  
00000275  uid_pos1                 
0000d16e  watchdog_timer           


GLOBAL SYMBOLS: SORTED BY Symbol Address 

address   name                     
-------   ----                     
00000000  IE1                      
00000001  IE2                      
00000002  IFG1                     
00000003  IFG2                     
00000010  P3REN                    
00000018  P3IN                     
00000019  P3OUT                    
0000001a  P3DIR                    
0000001b  P3SEL                    
00000020  P1IN                     
00000021  P1OUT                    
00000022  P1DIR                    
00000023  P1IFG                    
00000024  P1IES                    
00000025  P1IE                     
00000026  P1SEL                    
00000027  P1REN                    
00000028  P2IN                     
00000029  P2OUT                    
0000002a  P2DIR                    
0000002b  P2IFG                    
0000002c  P2IES                    
0000002d  P2IE                     
0000002e  P2SEL                    
0000002f  P2REN                    
00000041  P1SEL2                   
00000042  P2SEL2                   
00000043  P3SEL2                   
00000048  ADC10DTC0                
00000049  ADC10DTC1                
0000004a  ADC10AE0                 
00000050  __STACK_SIZE             
00000053  BCSCTL3                  
00000056  DCOCTL                   
00000057  BCSCTL1                  
00000058  BCSCTL2                  
00000059  CACTL1                   
0000005a  CACTL2                   
0000005b  CAPD                     
0000005d  UCA0ABCTL                
0000005e  UCA0IRTCTL               
0000005f  UCA0IRRCTL               
00000060  UCA0CTL0                 
00000061  UCA0CTL1                 
00000062  UCA0BR0                  
00000063  UCA0BR1                  
00000064  UCA0MCTL                 
00000065  UCA0STAT                 
00000066  UCA0RXBUF                
00000067  UCA0TXBUF                
00000068  UCB0CTL0                 
00000069  UCB0CTL1                 
0000006a  UCB0BR0                  
0000006b  UCB0BR1                  
0000006c  UCB0I2CIE                
0000006d  UCB0STAT                 
0000006e  UCB0RXBUF                
0000006f  UCB0TXBUF                
00000118  UCB0I2COA                
0000011a  UCB0I2CSA                
0000011e  TA1IV                    
00000120  WDTCTL                   
00000128  FCTL1                    
0000012a  FCTL2                    
0000012c  FCTL3                    
0000012e  TA0IV                    
00000160  TA0CTL                   
00000162  TA0CCTL0                 
00000164  TA0CCTL1                 
00000166  TA0CCTL2                 
00000170  TA0R                     
00000172  TA0CCR0                  
00000174  TA0CCR1                  
00000176  TA0CCR2                  
00000180  TA1CTL                   
00000182  TA1CCTL0                 
00000184  TA1CCTL1                 
00000186  TA1CCTL2                 
00000190  TA1R                     
00000192  TA1CCR0                  
00000194  TA1CCR1                  
00000196  TA1CCR2                  
000001b0  ADC10CTL0                
000001b2  ADC10CTL1                
000001b4  ADC10MEM                 
000001bc  ADC10SA                  
00000200  buf                      
00000264  complete_uid             
00000272  command                  
00000274  Tag_Count                
00000275  uid_pos1                 
00000276  i_reg                    
00000277  irq_flag                 
00000278  rx_error_flag            
00000279  rxtx_state               
0000027a  host_control_flag        
0000027b  coll_poss                
0000027c  uid_pos                  
0000027d  stand_alone_flag         
0000027e  enable                   
0000027f  temp                     
00000280  direct_mode              
000003b0  _stack                   
00000400  __STACK_END              
000010c0  TLV_CHECKSUM             
000010da  TLV_ADC10_1_TAG          
000010db  TLV_ADC10_1_LEN          
000010f6  TLV_DCO_30_TAG           
000010f7  TLV_DCO_30_LEN           
000010f8  CALDCO_16MHZ             
000010f9  CALBC1_16MHZ             
000010fa  CALDCO_12MHZ             
000010fb  CALBC1_12MHZ             
000010fc  CALDCO_8MHZ              
000010fd  CALBC1_8MHZ              
000010fe  CALDCO_1MHZ              
000010ff  CALBC1_1MHZ              
0000c000  Iso14443aLoop            
0000c3bc  Trf7970ISR               
0000c5b6  Trf7970WriteIsoControl   
0000c6f4  __mspabi_mpyf            
0000c7b6  Iso14443aSelectCommand   
0000c862  main                     
0000c900  ISO14443IRQWaitTimeout   
0000c98c  Iso14443a_halt           
0000c9f6  SpiReadSingle            
0000ca5a  Trf7970PortB             
0000cb22  Iso14443aAnticollision   
0000cb80  McuOscSel                
0000cbdc  SpiReadCont              
0000cc34  _auto_init               
0000cc8c  __mspabi_srli            
0000cc9a  __mspabi_srli_15         
0000cc9e  __mspabi_srli_14         
0000cca2  __mspabi_srli_13         
0000cca6  __mspabi_srli_12         
0000ccaa  __mspabi_srli_11         
0000ccae  __mspabi_srli_10         
0000ccb2  __mspabi_srli_9          
0000ccb6  __mspabi_srli_8          
0000ccba  __mspabi_srli_7          
0000ccbe  __mspabi_srli_6          
0000ccc2  __mspabi_srli_5          
0000ccc6  __mspabi_srli_4          
0000ccca  __mspabi_srli_3          
0000ccce  __mspabi_srli_2          
0000ccd2  __mspabi_srli_1          
0000ccd8  SpiWriteSingle           
0000cd22  Iso14443a_command        
0000cd6a  __mspabi_fixfu           
0000cdb0  timerHandler             
0000cdee  SpiWriteCont             
0000ce2a  SpiUsciSet               
0000ce5c  UartSetup                
0000ce8e  SpiRawWrite              
0000cebe  Trf7970InitialSettings   
0000ceee  NFC_Init                 
0000cf1a  SpiDirectCommand         
0000cf46  __mspabi_srai            
0000cf52  __mspabi_srai_15         
0000cf54  __mspabi_srai_14         
0000cf56  __mspabi_srai_13         
0000cf58  __mspabi_srai_12         
0000cf5a  __mspabi_srai_11         
0000cf5c  __mspabi_srai_10         
0000cf5e  __mspabi_srai_9          
0000cf60  __mspabi_srai_8          
0000cf62  __mspabi_srai_7          
0000cf64  __mspabi_srai_6          
0000cf66  __mspabi_srai_5          
0000cf68  __mspabi_srai_4          
0000cf6a  __mspabi_srai_3          
0000cf6c  __mspabi_srai_2          
0000cf6e  __mspabi_srai_1          
0000cf72  UartPutByte              
0000cf98  Iso14443aFindTag         
0000cfbc  Trf7970TurnRfOff         
0000cfe0  __mspabi_fltuf           
0000d004  McuDelayMillisecond      
0000d026  SpiSetup                 
0000d048  Trf7970ResetIrqStatus    
0000d062  _c_int00_noargs_noexit   
0000d07c  Trf7970TurnRfOn          
0000d094  Trf7970ReadIrqStatus     
0000d0a8  __TI_zero_init           
0000d0bc  UartPutCrlf              
0000d0ce  UartSendCString          
0000d0e0  __TI_decompress_none     
0000d0f2  memcpy                   
0000d104  Iso14443_config          
0000d114  Trf7970Reset             
0000d124  Trf7970StopDecoders      
0000d134  UartNibble2Ascii         
0000d144  __mspabi_func_epilog_7   
0000d146  __mspabi_func_epilog_6   
0000d148  __mspabi_func_epilog_5   
0000d14a  __mspabi_func_epilog_4   
0000d14c  __mspabi_func_epilog_3   
0000d14e  __mspabi_func_epilog_2   
0000d150  __mspabi_func_epilog_1   
0000d154  McuCounterSet            
0000d162  UartPutChar              
0000d16e  watchdog_timer           
0000d176  Trf7970CommunicationSetup
0000d17c  Trf7970DirectCommand     
0000d182  Trf7970RawWrite          
0000d188  Trf7970ReConfig          
0000d18e  Trf7970ReadCont          
0000d194  Trf7970ReadSingle        
0000d19a  Trf7970WriteCont         
0000d1a0  Trf7970WriteSingle       
0000d1a6  __TI_ISR_TRAP            
0000d1ac  __TI_decompress_rle24    
0000d1b2  _system_pre_init         
0000d1b6  C$$EXIT                  
0000d1b6  abort                    
0000d1ba  ADC12_ISR                
0000d1bc  COMPARATORA_ISR          
0000d1be  NMI_ISR                  
0000d1c0  PORT1_ISR                
0000d1c2  TIMER0_A1_ISR            
0000d1c4  TIMER1_A0_ISR            
0000d1c6  TIMER1_A1_ISR            
0000d1c8  USCIAB0RX_ISR            
0000d1ca  USCIAB0TX_ISR            
0000d20c  __TI_Handler_Table_Base  
0000d212  __TI_Handler_Table_Limit 
0000d216  __TI_CINIT_Base          
0000d21e  __TI_CINIT_Limit         
0000ffe0  __TI_int00               
0000ffe4  __TI_int02               
0000ffe6  __TI_int03               
0000ffea  __TI_int05               
0000ffec  __TI_int06               
0000ffee  __TI_int07               
0000fff0  __TI_int08               
0000fff2  __TI_int09               
0000fff4  __TI_int10               
0000fff6  __TI_int11               
0000fff8  __TI_int12               
0000fffa  __TI_int13               
0000fffc  __TI_int14               
0000fffe  _reset_vector            
ffffffff  __binit__                
ffffffff  __c_args__               
ffffffff  binit                    
UNDEFED   __TI_INITARRAY_Base      
UNDEFED   __TI_INITARRAY_Limit     

[248 symbols]
