******************************************************************************
                  MSP430 Linker PC v4.4.5                      
******************************************************************************
>> Linked Thu Nov 05 00:20:26 2015

OUTPUT FILE NAME:   <SardNFC.out>
ENTRY POINT SYMBOL: "_c_int00_noargs_noexit"  address: 0000e952


MEMORY CONFIGURATION

         name            origin    length      used     unused   attr    fill
----------------------  --------  ---------  --------  --------  ----  --------
  SFR                   00000000   00000010  00000000  00000010  RWIX
  PERIPHERALS_8BIT      00000010   000000f0  00000000  000000f0  RWIX
  PERIPHERALS_16BIT     00000100   00000100  00000000  00000100  RWIX
  RAM                   00000200   00000200  00000164  0000009c  RWIX
  INFOD                 00001000   00000040  00000000  00000040  RWIX
  INFOC                 00001040   00000040  00000000  00000040  RWIX
  INFOB                 00001080   00000040  00000000  00000040  RWIX
  INFOA                 000010c0   00000040  00000000  00000040  RWIX
  FLASH                 0000c000   00003fde  00002e32  000011ac  RWIX
  BSLSIGNATURE          0000ffde   00000002  00000002  00000000  RWIX  ffff 
  INT00                 0000ffe0   00000002  00000002  00000000  RWIX
  INT01                 0000ffe2   00000002  00000000  00000002  RWIX
  INT02                 0000ffe4   00000002  00000002  00000000  RWIX
  INT03                 0000ffe6   00000002  00000002  00000000  RWIX
  INT04                 0000ffe8   00000002  00000000  00000002  RWIX
  INT05                 0000ffea   00000002  00000002  00000000  RWIX
  INT06                 0000ffec   00000002  00000002  00000000  RWIX
  INT07                 0000ffee   00000002  00000002  00000000  RWIX
  INT08                 0000fff0   00000002  00000002  00000000  RWIX
  INT09                 0000fff2   00000002  00000002  00000000  RWIX
  INT10                 0000fff4   00000002  00000002  00000000  RWIX
  INT11                 0000fff6   00000002  00000002  00000000  RWIX
  INT12                 0000fff8   00000002  00000002  00000000  RWIX
  INT13                 0000fffa   00000002  00000002  00000000  RWIX
  INT14                 0000fffc   00000002  00000002  00000000  RWIX
  RESET                 0000fffe   00000002  00000002  00000000  RWIX


SECTION ALLOCATION MAP

 output                                  attributes/
section   page    origin      length       input sections
--------  ----  ----------  ----------   ----------------
.bss       0    00000200    000000f7     UNINITIALIZED
                  00000200    00000064     (.common:buf)
                  00000264    0000003c     (.common:uart_rcv_buf)
                  000002a0    00000018     (.common:RxPacket)
                  000002b8    00000018     (.common:TxPacket)
                  000002d0    0000000e     (.common:Card_UID)
                  000002de    0000000e     (.common:complete_uid)
                  000002ec    00000002     (.common:command)
                  000002ee    00000002     (.common:nwk_header)
                  000002f0    00000001     (.common:Card_RSSI)
                  000002f1    00000001     (.common:Tag_Count)
                  000002f2    00000001     (.common:dummy)
                  000002f3    00000001     (.common:rssi_rx)
                  000002f4    00000001     (.common:uart_buf_head)
                  000002f5    00000001     (.common:uart_buf_tail)
                  000002f6    00000001     (.common:uid_pos1)

.data      0    000002f8    0000001d     UNINITIALIZED
                  000002f8    00000010     nwk_security.obj (.data:encryption_key)
                  00000308    00000005     NFC.obj (.data)
                  0000030d    00000004     main.obj (.data)
                  00000311    00000002     iso14443a.obj (.data)
                  00000313    00000001     spi.obj (.data)
                  00000314    00000001     trf7970.obj (.data)

.TI.persistent 
*          0    000002f8    00000000     UNINITIALIZED

.stack     0    000003b0    00000050     UNINITIALIZED
                  000003b0    00000002     rts430_eabi.lib : boot.obj (.stack)
                  000003b2    0000004e     --HOLE--

.text      0    0000c000    00002af8     
                  0000c000    000005e2     aes.obj (.text:aes_decr)
                  0000c5e2    000004e2     aes.obj (.text:aes_encr)
                  0000cac4    000002c2     main.obj (.text:main)
                  0000cd86    000002b0     iso14443a.obj (.text:Iso14443aLoop)
                  0000d036    000002a0     aes.obj (.text:expandKey)
                  0000d2d6    000001fa     radio.obj (.text:Radio_Init)
                  0000d4d0    000001fa     trf7970.obj (.text:Trf7970ISR)
                  0000d6ca    00000142     main.obj (.text:Action)
                  0000d80c    0000013e     trf7970.obj (.text:Trf7970WriteIsoControl)
                  0000d94a    000000ce     iso14443a.obj (.text:Copy_UID)
                  0000da18    000000ce     nwk_radio.obj (.text:Radio_Send_Data)
                  0000dae6    000000c2     rts430_eabi.lib : fs_mpy.obj (.text)
                  0000dba8    000000ac     iso14443a.obj (.text:Iso14443aSelectCommand)
                  0000dc54    00000092     system.obj (.text:cByteToHex)
                  0000dce6    0000008e     radio.obj (.text:Radio_Tx)
                  0000dd74    0000008c     iso14443a.obj (.text:ISO14443IRQWaitTimeout)
                  0000de00    0000007c     nwk_radio.obj (.text:Radio_Receive_Data)
                  0000de7c    0000007c     radio.obj (.text:Radio_Set_Channel)
                  0000def8    00000078     system.obj (.text:System_Set_Speed)
                  0000df70    00000076     radio.obj (.text:Radio_Rx)
                  0000dfe6    0000006a     iso14443a.obj (.text:Iso14443a_halt)
                  0000e050    00000066     soft_spi.obj (.text:Spi_Send)
                  0000e0b6    00000064     spi.obj (.text:SpiReadCont)
                  0000e11a    00000064     spi.obj (.text:SpiReadSingle)
                  0000e17e    00000064     trf7970.obj (.text:Trf7970PortB)
                  0000e1e2    00000064     rts430_eabi.lib : copy_decompress_rle.obj (.text:__TI_decompress_rle_core)
                  0000e246    00000058                     : autoinit.obj (.text:_auto_init)
                  0000e29e    0000004c                     : lsr16.obj (.text)
                  0000e2ea    0000004a     iso14443a.obj (.text:Iso14443aAnticollision)
                  0000e334    0000004a     spi.obj (.text:SpiWriteSingle)
                  0000e37e    00000048     iso14443a.obj (.text:Iso14443a_command)
                  0000e3c6    00000046     rts430_eabi.lib : fs_tou.obj (.text)
                  0000e40c    00000042     NFC.obj (.text:NFC_Read)
                  0000e44e    00000042     main.obj (.text:Print_Error)
                  0000e490    0000003e     uart.obj (.text:UART0_Send_ByteToChar)
                  0000e4ce    0000003e     trf7970BoosterPack.obj (.text:timerHandler)
                  0000e50c    0000003c     spi.obj (.text:SpiWriteCont)
                  0000e548    0000003a     radio.obj (.text:Radio_Set_Mode)
                  0000e582    0000003a     nwk_radio.obj (.text:_Modify_Packet_Header)
                  0000e5bc    00000038     NFC.obj (.text:Print_Card)
                  0000e5f4    00000036     uart.obj (.text:UART_Init)
                  0000e62a    00000036     radio.obj (.text:_Add_Address_To_Packet)
                  0000e660    00000032     spi.obj (.text:SpiUsciSet)
                  0000e692    00000030     spi.obj (.text:SpiRawWrite)
                  0000e6c2    00000030     trf7970.obj (.text:Trf7970InitialSettings)
                  0000e6f2    0000002c     spi.obj (.text:SpiDirectCommand)
                  0000e71e    0000002c     uart.obj (.text:USCI0RX_ISR)
                  0000e74a    0000002c     rts430_eabi.lib : asr16.obj (.text)
                  0000e776    0000002c                     : lsl16.obj (.text)
                  0000e7a2    00000028     soft_spi.obj (.text:SPI_Init)
                  0000e7ca    00000026     NFC.obj (.text:NFC_Init)
                  0000e7f0    00000024     iso14443a.obj (.text:Iso14443aFindTag)
                  0000e814    00000024     trf7970.obj (.text:Trf7970TurnRfOff)
                  0000e838    00000024     rts430_eabi.lib : fs_utof.obj (.text)
                  0000e85c    00000022     trf7970BoosterPack.obj (.text:McuDelayMillisecond)
                  0000e87e    00000022     soft_spi.obj (.text:SPI_Conf_Read_Register)
                  0000e8a0    00000020     soft_spi.obj (.text:SPI_Conf_Write_Register)
                  0000e8c0    00000020     soft_spi.obj (.text:SPI_Data_Write)
                  0000e8e0    0000001e     aes.obj (.text:aes_decrypt)
                  0000e8fe    0000001e     aes.obj (.text:aes_encrypt)
                  0000e91c    0000001c     aes.obj (.text:galois_mul2)
                  0000e938    0000001a     trf7970.obj (.text:Trf7970ResetIrqStatus)
                  0000e952    0000001a     rts430_eabi.lib : boot_special.obj (.text:_c_int00_noargs_noexit)
                  0000e96c    00000018     iso14443a.obj (.text:Copy_RSSI)
                  0000e984    00000018     trf7970.obj (.text:Trf7970TurnRfOn)
                  0000e99c    00000016     spi.obj (.text:SpiSetup)
                  0000e9b2    00000014     trf7970.obj (.text:Trf7970ReadIrqStatus)
                  0000e9c6    00000014     uart.obj (.text:UART_Send_Byte)
                  0000e9da    00000014     rts430_eabi.lib : copy_zero_init.obj (.text:decompress:ZI:__TI_zero_init)
                  0000e9ee    00000012     radio.obj (.text:Radio_Set_TxPower)
                  0000ea00    00000012     uart.obj (.text:UART_Send_Data)
                  0000ea12    00000012     rts430_eabi.lib : copy_decompress_none.obj (.text:decompress:none:__TI_decompress_none)
                  0000ea24    00000012                     : memcpy.obj (.text:memcpy)
                  0000ea36    00000010     iso14443a.obj (.text:Iso14443_config)
                  0000ea46    00000010     soft_spi.obj (.text:SPI_Data_Read)
                  0000ea56    00000010     trf7970.obj (.text:Trf7970Reset)
                  0000ea66    00000010     trf7970.obj (.text:Trf7970StopDecoders)
                  0000ea76    00000010     rts430_eabi.lib : epilog.obj (.text)
                  0000ea86    0000000e     trf7970BoosterPack.obj (.text:McuCounterSet)
                  0000ea94    0000000c     nwk_security.obj (.text:Payload_Decrypt)
                  0000eaa0    0000000c     nwk_security.obj (.text:Payload_Encrypt)
                  0000eaac    00000008     main.obj (.text:watchdog_timer)
                  0000eab4    00000006     trf7970.obj (.text:Trf7970CommunicationSetup)
                  0000eaba    00000006     trf7970.obj (.text:Trf7970DirectCommand)
                  0000eac0    00000006     trf7970.obj (.text:Trf7970RawWrite)
                  0000eac6    00000006     trf7970.obj (.text:Trf7970ReConfig)
                  0000eacc    00000006     trf7970.obj (.text:Trf7970ReadCont)
                  0000ead2    00000006     trf7970.obj (.text:Trf7970ReadSingle)
                  0000ead8    00000006     trf7970.obj (.text:Trf7970WriteCont)
                  0000eade    00000006     trf7970.obj (.text:Trf7970WriteSingle)
                  0000eae4    00000006     rts430_eabi.lib : isr_trap.obj (.text:_isr:__TI_ISR_TRAP)
                  0000eaea    00000006                     : copy_decompress_rle.obj (.text:decompress:rle24:__TI_decompress_rle24)
                  0000eaf0    00000004                     : pre_init.obj (.text:_system_pre_init)
                  0000eaf4    00000004                     : exit.obj (.text:abort)

.const     0    0000eaf8    00000308     
                  0000eaf8    00000100     aes.obj (.const:.string:rsbox)
                  0000ebf8    00000100     aes.obj (.const:.string:sbox)
                  0000ecf8    000000a6     main.obj (.const:.string)
                  0000ed9e    00000015     radio.obj (.const:.string:P_VALUE_CH_)
                  0000edb3    00000001     radio.obj (.const)
                  0000edb4    00000015     radio.obj (.const:.string:R_VALUE_CH_)
                  0000edc9    00000001     --HOLE-- [fill = 0]
                  0000edca    00000015     radio.obj (.const:.string:S_VALUE_CH_)
                  0000eddf    00000001     --HOLE-- [fill = 0]
                  0000ede0    00000010     main.obj (.const:.string:$P$T0$1)
                  0000edf0    0000000b     aes.obj (.const:.string:Rcon)
                  0000edfb    00000001     --HOLE-- [fill = 0]
                  0000edfc    00000004     NFC.obj (.const:.string)

.cinit     0    0000ee00    00000032     
                  0000ee00    0000001f     (.cinit..data.load) [load image, compression = rle]
                  0000ee1f    00000001     --HOLE-- [fill = 0]
                  0000ee20    00000006     (__TI_handler_table)
                  0000ee26    00000004     (.cinit..bss.load) [load image, compression = zero_init]
                  0000ee2a    00000008     (__TI_cinit_table)

.init_array 
*          0    0000c000    00000000     UNINITIALIZED

TRAPINT    0    0000ffe0    00000002     
                  0000ffe0    00000002     rts430_eabi.lib : int00.obj (.int00)

$fill000   0    0000ffde    00000002     
                  0000ffde    00000002     --HOLE-- [fill = ffff]

PORT1      0    0000ffe4    00000002     
                  0000ffe4    00000002     rts430_eabi.lib : int02.obj (.int02)

PORT2      0    0000ffe6    00000002     
                  0000ffe6    00000002     trf7970.obj (.int03)

ADC10      0    0000ffea    00000002     
                  0000ffea    00000002     rts430_eabi.lib : int05.obj (.int05)

USCIAB0TX 
*          0    0000ffec    00000002     
                  0000ffec    00000002     rts430_eabi.lib : int06.obj (.int06)

USCIAB0RX 
*          0    0000ffee    00000002     
                  0000ffee    00000002     uart.obj (.int07)

TIMER0_A1 
*          0    0000fff0    00000002     
                  0000fff0    00000002     rts430_eabi.lib : int08.obj (.int08)

TIMER0_A0 
*          0    0000fff2    00000002     
                  0000fff2    00000002     trf7970BoosterPack.obj (.int09)

WDT        0    0000fff4    00000002     
                  0000fff4    00000002     main.obj (.int10)

COMPARATORA 
*          0    0000fff6    00000002     
                  0000fff6    00000002     rts430_eabi.lib : int11.obj (.int11)

TIMER1_A1 
*          0    0000fff8    00000002     
                  0000fff8    00000002     rts430_eabi.lib : int12.obj (.int12)

TIMER1_A0 
*          0    0000fffa    00000002     
                  0000fffa    00000002     rts430_eabi.lib : int13.obj (.int13)

NMI        0    0000fffc    00000002     
                  0000fffc    00000002     rts430_eabi.lib : int14.obj (.int14)

.reset     0    0000fffe    00000002     
                  0000fffe    00000002     rts430_eabi.lib : boot.obj (.reset)


LINKER GENERATED COPY TABLES

__TI_cinit_table @ 0000ee2a records: 2, size/record: 4, table size: 8
	.data: load addr=0000ee00, load size=0000001f bytes, run addr=000002f8, run size=0000001d bytes, compression=rle
	.bss: load addr=0000ee26, load size=00000004 bytes, run addr=00000200, run size=000000f7 bytes, compression=zero_init


LINKER GENERATED HANDLER TABLE

__TI_handler_table @ 0000ee20 records: 3, size/record: 2, table size: 6
	index: 0, handler: __TI_zero_init
	index: 1, handler: __TI_decompress_rle24
	index: 2, handler: __TI_decompress_none


GLOBAL SYMBOLS: SORTED ALPHABETICALLY BY Name 

address   name                     
-------   ----                     
0000004a  ADC10AE0                 
000001b0  ADC10CTL0                
000001b2  ADC10CTL1                
00000048  ADC10DTC0                
00000049  ADC10DTC1                
000001b4  ADC10MEM                 
000001bc  ADC10SA                  
0000d6ca  Action                   
00000057  BCSCTL1                  
00000058  BCSCTL2                  
00000053  BCSCTL3                  
0000eaf4  C$$EXIT                  
00000059  CACTL1                   
0000005a  CACTL2                   
000010fb  CALBC1_12MHZ             
000010f9  CALBC1_16MHZ             
000010ff  CALBC1_1MHZ              
000010fd  CALBC1_8MHZ              
000010fa  CALDCO_12MHZ             
000010f8  CALDCO_16MHZ             
000010fe  CALDCO_1MHZ              
000010fc  CALDCO_8MHZ              
0000005b  CAPD                     
000002f0  Card_RSSI                
000002d0  Card_UID                 
0000e96c  Copy_RSSI                
0000d94a  Copy_UID                 
00000056  DCOCTL                   
00000128  FCTL1                    
0000012a  FCTL2                    
0000012c  FCTL3                    
00000000  IE1                      
00000001  IE2                      
00000002  IFG1                     
00000003  IFG2                     
0000dd74  ISO14443IRQWaitTimeout   
0000ea36  Iso14443_config          
0000e2ea  Iso14443aAnticollision   
0000e7f0  Iso14443aFindTag         
0000cd86  Iso14443aLoop            
0000dba8  Iso14443aSelectCommand   
0000e37e  Iso14443a_command        
0000dfe6  Iso14443a_halt           
0000030f  MasterMode               
0000ea86  McuCounterSet            
0000e85c  McuDelayMillisecond      
0000e7ca  NFC_Init                 
0000e40c  NFC_Read                 
00000022  P1DIR                    
00000025  P1IE                     
00000024  P1IES                    
00000023  P1IFG                    
00000020  P1IN                     
00000021  P1OUT                    
00000027  P1REN                    
00000026  P1SEL                    
00000041  P1SEL2                   
0000002a  P2DIR                    
0000002d  P2IE                     
0000002c  P2IES                    
0000002b  P2IFG                    
00000028  P2IN                     
00000029  P2OUT                    
0000002f  P2REN                    
0000002e  P2SEL                    
00000042  P2SEL2                   
0000001a  P3DIR                    
00000018  P3IN                     
00000019  P3OUT                    
00000010  P3REN                    
0000001b  P3SEL                    
00000043  P3SEL2                   
0000ed9e  P_VALUE_CH_              
0000ea94  Payload_Decrypt          
0000eaa0  Payload_Encrypt          
0000e5bc  Print_Card               
0000e44e  Print_Error              
0000edb4  R_VALUE_CH_              
0000d2d6  Radio_Init               
0000de00  Radio_Receive_Data       
0000df70  Radio_Rx                 
0000da18  Radio_Send_Data          
0000de7c  Radio_Set_Channel        
0000e548  Radio_Set_Mode           
0000e9ee  Radio_Set_TxPower        
0000dce6  Radio_Tx                 
0000edf0  Rcon                     
000002a0  RxPacket                 
0000e87e  SPI_Conf_Read_Register   
0000e8a0  SPI_Conf_Write_Register  
0000ea46  SPI_Data_Read            
0000e8c0  SPI_Data_Write           
0000e7a2  SPI_Init                 
0000edca  S_VALUE_CH_              
0000e6f2  SpiDirectCommand         
0000e692  SpiRawWrite              
0000e0b6  SpiReadCont              
0000e11a  SpiReadSingle            
0000e99c  SpiSetup                 
0000e660  SpiUsciSet               
0000e50c  SpiWriteCont             
0000e334  SpiWriteSingle           
0000e050  Spi_Send                 
0000def8  System_Set_Speed         
00000172  TA0CCR0                  
00000174  TA0CCR1                  
00000176  TA0CCR2                  
00000162  TA0CCTL0                 
00000164  TA0CCTL1                 
00000166  TA0CCTL2                 
00000160  TA0CTL                   
0000012e  TA0IV                    
00000170  TA0R                     
00000192  TA1CCR0                  
00000194  TA1CCR1                  
00000196  TA1CCR2                  
00000182  TA1CCTL0                 
00000184  TA1CCTL1                 
00000186  TA1CCTL2                 
00000180  TA1CTL                   
0000011e  TA1IV                    
00000190  TA1R                     
000010db  TLV_ADC10_1_LEN          
000010da  TLV_ADC10_1_TAG          
000010c0  TLV_CHECKSUM             
000010f7  TLV_DCO_30_LEN           
000010f6  TLV_DCO_30_TAG           
000002f1  Tag_Count                
0000eab4  Trf7970CommunicationSetup
0000eaba  Trf7970DirectCommand     
0000d4d0  Trf7970ISR               
0000e6c2  Trf7970InitialSettings   
0000e17e  Trf7970PortB             
0000eac0  Trf7970RawWrite          
0000eac6  Trf7970ReConfig          
0000eacc  Trf7970ReadCont          
0000e9b2  Trf7970ReadIrqStatus     
0000ead2  Trf7970ReadSingle        
0000ea56  Trf7970Reset             
0000e938  Trf7970ResetIrqStatus    
0000ea66  Trf7970StopDecoders      
0000e814  Trf7970TurnRfOff         
0000e984  Trf7970TurnRfOn          
0000ead8  Trf7970WriteCont         
0000d80c  Trf7970WriteIsoControl   
0000eade  Trf7970WriteSingle       
000002b8  TxPacket                 
0000e490  UART0_Send_ByteToChar    
0000e5f4  UART_Init                
0000e9c6  UART_Send_Byte           
0000ea00  UART_Send_Data           
0000005d  UCA0ABCTL                
00000062  UCA0BR0                  
00000063  UCA0BR1                  
00000060  UCA0CTL0                 
00000061  UCA0CTL1                 
0000005f  UCA0IRRCTL               
0000005e  UCA0IRTCTL               
00000064  UCA0MCTL                 
00000066  UCA0RXBUF                
00000065  UCA0STAT                 
00000067  UCA0TXBUF                
0000006a  UCB0BR0                  
0000006b  UCB0BR1                  
00000068  UCB0CTL0                 
00000069  UCB0CTL1                 
0000006c  UCB0I2CIE                
00000118  UCB0I2COA                
0000011a  UCB0I2CSA                
0000006e  UCB0RXBUF                
0000006d  UCB0STAT                 
0000006f  UCB0TXBUF                
0000e71e  USCI0RX_ISR              
00000120  WDTCTL                   
0000e62a  _Add_Address_To_Packet   
0000e582  _Modify_Packet_Header    
00000400  __STACK_END              
00000050  __STACK_SIZE             
0000ee2a  __TI_CINIT_Base          
0000ee32  __TI_CINIT_Limit         
0000ee20  __TI_Handler_Table_Base  
0000ee26  __TI_Handler_Table_Limit 
UNDEFED   __TI_INITARRAY_Base      
UNDEFED   __TI_INITARRAY_Limit     
0000eae4  __TI_ISR_TRAP            
0000ea12  __TI_decompress_none     
0000eaea  __TI_decompress_rle24    
0000ffe0  __TI_int00               
0000ffe4  __TI_int02               
0000ffe6  __TI_int03               
0000ffea  __TI_int05               
0000ffec  __TI_int06               
0000ffee  __TI_int07               
0000fff0  __TI_int08               
0000fff2  __TI_int09               
0000fff4  __TI_int10               
0000fff6  __TI_int11               
0000fff8  __TI_int12               
0000fffa  __TI_int13               
0000fffc  __TI_int14               
0000e9da  __TI_zero_init           
ffffffff  __binit__                
ffffffff  __c_args__               
0000e3c6  __mspabi_fixfu           
0000e838  __mspabi_fltuf           
0000ea82  __mspabi_func_epilog_1   
0000ea80  __mspabi_func_epilog_2   
0000ea7e  __mspabi_func_epilog_3   
0000ea7c  __mspabi_func_epilog_4   
0000ea7a  __mspabi_func_epilog_5   
0000ea78  __mspabi_func_epilog_6   
0000ea76  __mspabi_func_epilog_7   
0000dae6  __mspabi_mpyf            
0000e776  __mspabi_slli            
0000e79e  __mspabi_slli_1          
0000e78c  __mspabi_slli_10         
0000e78a  __mspabi_slli_11         
0000e788  __mspabi_slli_12         
0000e786  __mspabi_slli_13         
0000e784  __mspabi_slli_14         
0000e782  __mspabi_slli_15         
0000e79c  __mspabi_slli_2          
0000e79a  __mspabi_slli_3          
0000e798  __mspabi_slli_4          
0000e796  __mspabi_slli_5          
0000e794  __mspabi_slli_6          
0000e792  __mspabi_slli_7          
0000e790  __mspabi_slli_8          
0000e78e  __mspabi_slli_9          
0000e74a  __mspabi_srai            
0000e772  __mspabi_srai_1          
0000e760  __mspabi_srai_10         
0000e75e  __mspabi_srai_11         
0000e75c  __mspabi_srai_12         
0000e75a  __mspabi_srai_13         
0000e758  __mspabi_srai_14         
0000e756  __mspabi_srai_15         
0000e770  __mspabi_srai_2          
0000e76e  __mspabi_srai_3          
0000e76c  __mspabi_srai_4          
0000e76a  __mspabi_srai_5          
0000e768  __mspabi_srai_6          
0000e766  __mspabi_srai_7          
0000e764  __mspabi_srai_8          
0000e762  __mspabi_srai_9          
0000e29e  __mspabi_srli            
0000e2e4  __mspabi_srli_1          
0000e2c0  __mspabi_srli_10         
0000e2bc  __mspabi_srli_11         
0000e2b8  __mspabi_srli_12         
0000e2b4  __mspabi_srli_13         
0000e2b0  __mspabi_srli_14         
0000e2ac  __mspabi_srli_15         
0000e2e0  __mspabi_srli_2          
0000e2dc  __mspabi_srli_3          
0000e2d8  __mspabi_srli_4          
0000e2d4  __mspabi_srli_5          
0000e2d0  __mspabi_srli_6          
0000e2cc  __mspabi_srli_7          
0000e2c8  __mspabi_srli_8          
0000e2c4  __mspabi_srli_9          
0000e246  _auto_init               
0000e952  _c_int00_noargs_noexit   
0000fffe  _reset_vector            
000003b0  _stack                   
0000eaf0  _system_pre_init         
0000eaf4  abort                    
0000c000  aes_decr                 
0000e8e0  aes_decrypt              
0000c5e2  aes_encr                 
0000e8fe  aes_encrypt              
ffffffff  binit                    
00000200  buf                      
0000dc54  cByteToHex               
00000311  coll_poss                
000002ec  command                  
000002de  complete_uid             
00000314  direct_mode              
000002f2  dummy                    
0000030e  enable                   
000002f8  encryption_key           
0000d036  expandKey                
0000e91c  galois_mul2              
0000030c  host_control_flag        
00000308  i_reg                    
00000309  irq_flag                 
0000cac4  main                     
0000ea24  memcpy                   
000002ee  nwk_header               
0000eaf8  rsbox                    
000002f3  rssi_rx                  
0000030a  rx_error_flag            
0000030b  rxtx_state               
0000ebf8  sbox                     
0000030d  stand_alone_flag         
00000310  sysStatus                
00000313  temp                     
0000e4ce  timerHandler             
000002f4  uart_buf_head            
000002f5  uart_buf_tail            
00000264  uart_rcv_buf             
00000312  uid_pos                  
000002f6  uid_pos1                 
0000edb3  vcotune                  
0000eaac  watchdog_timer           


GLOBAL SYMBOLS: SORTED BY Symbol Address 

address   name                     
-------   ----                     
00000000  IE1                      
00000001  IE2                      
00000002  IFG1                     
00000003  IFG2                     
00000010  P3REN                    
00000018  P3IN                     
00000019  P3OUT                    
0000001a  P3DIR                    
0000001b  P3SEL                    
00000020  P1IN                     
00000021  P1OUT                    
00000022  P1DIR                    
00000023  P1IFG                    
00000024  P1IES                    
00000025  P1IE                     
00000026  P1SEL                    
00000027  P1REN                    
00000028  P2IN                     
00000029  P2OUT                    
0000002a  P2DIR                    
0000002b  P2IFG                    
0000002c  P2IES                    
0000002d  P2IE                     
0000002e  P2SEL                    
0000002f  P2REN                    
00000041  P1SEL2                   
00000042  P2SEL2                   
00000043  P3SEL2                   
00000048  ADC10DTC0                
00000049  ADC10DTC1                
0000004a  ADC10AE0                 
00000050  __STACK_SIZE             
00000053  BCSCTL3                  
00000056  DCOCTL                   
00000057  BCSCTL1                  
00000058  BCSCTL2                  
00000059  CACTL1                   
0000005a  CACTL2                   
0000005b  CAPD                     
0000005d  UCA0ABCTL                
0000005e  UCA0IRTCTL               
0000005f  UCA0IRRCTL               
00000060  UCA0CTL0                 
00000061  UCA0CTL1                 
00000062  UCA0BR0                  
00000063  UCA0BR1                  
00000064  UCA0MCTL                 
00000065  UCA0STAT                 
00000066  UCA0RXBUF                
00000067  UCA0TXBUF                
00000068  UCB0CTL0                 
00000069  UCB0CTL1                 
0000006a  UCB0BR0                  
0000006b  UCB0BR1                  
0000006c  UCB0I2CIE                
0000006d  UCB0STAT                 
0000006e  UCB0RXBUF                
0000006f  UCB0TXBUF                
00000118  UCB0I2COA                
0000011a  UCB0I2CSA                
0000011e  TA1IV                    
00000120  WDTCTL                   
00000128  FCTL1                    
0000012a  FCTL2                    
0000012c  FCTL3                    
0000012e  TA0IV                    
00000160  TA0CTL                   
00000162  TA0CCTL0                 
00000164  TA0CCTL1                 
00000166  TA0CCTL2                 
00000170  TA0R                     
00000172  TA0CCR0                  
00000174  TA0CCR1                  
00000176  TA0CCR2                  
00000180  TA1CTL                   
00000182  TA1CCTL0                 
00000184  TA1CCTL1                 
00000186  TA1CCTL2                 
00000190  TA1R                     
00000192  TA1CCR0                  
00000194  TA1CCR1                  
00000196  TA1CCR2                  
000001b0  ADC10CTL0                
000001b2  ADC10CTL1                
000001b4  ADC10MEM                 
000001bc  ADC10SA                  
00000200  buf                      
00000264  uart_rcv_buf             
000002a0  RxPacket                 
000002b8  TxPacket                 
000002d0  Card_UID                 
000002de  complete_uid             
000002ec  command                  
000002ee  nwk_header               
000002f0  Card_RSSI                
000002f1  Tag_Count                
000002f2  dummy                    
000002f3  rssi_rx                  
000002f4  uart_buf_head            
000002f5  uart_buf_tail            
000002f6  uid_pos1                 
000002f8  encryption_key           
00000308  i_reg                    
00000309  irq_flag                 
0000030a  rx_error_flag            
0000030b  rxtx_state               
0000030c  host_control_flag        
0000030d  stand_alone_flag         
0000030e  enable                   
0000030f  MasterMode               
00000310  sysStatus                
00000311  coll_poss                
00000312  uid_pos                  
00000313  temp                     
00000314  direct_mode              
000003b0  _stack                   
00000400  __STACK_END              
000010c0  TLV_CHECKSUM             
000010da  TLV_ADC10_1_TAG          
000010db  TLV_ADC10_1_LEN          
000010f6  TLV_DCO_30_TAG           
000010f7  TLV_DCO_30_LEN           
000010f8  CALDCO_16MHZ             
000010f9  CALBC1_16MHZ             
000010fa  CALDCO_12MHZ             
000010fb  CALBC1_12MHZ             
000010fc  CALDCO_8MHZ              
000010fd  CALBC1_8MHZ              
000010fe  CALDCO_1MHZ              
000010ff  CALBC1_1MHZ              
0000c000  aes_decr                 
0000c5e2  aes_encr                 
0000cac4  main                     
0000cd86  Iso14443aLoop            
0000d036  expandKey                
0000d2d6  Radio_Init               
0000d4d0  Trf7970ISR               
0000d6ca  Action                   
0000d80c  Trf7970WriteIsoControl   
0000d94a  Copy_UID                 
0000da18  Radio_Send_Data          
0000dae6  __mspabi_mpyf            
0000dba8  Iso14443aSelectCommand   
0000dc54  cByteToHex               
0000dce6  Radio_Tx                 
0000dd74  ISO14443IRQWaitTimeout   
0000de00  Radio_Receive_Data       
0000de7c  Radio_Set_Channel        
0000def8  System_Set_Speed         
0000df70  Radio_Rx                 
0000dfe6  Iso14443a_halt           
0000e050  Spi_Send                 
0000e0b6  SpiReadCont              
0000e11a  SpiReadSingle            
0000e17e  Trf7970PortB             
0000e246  _auto_init               
0000e29e  __mspabi_srli            
0000e2ac  __mspabi_srli_15         
0000e2b0  __mspabi_srli_14         
0000e2b4  __mspabi_srli_13         
0000e2b8  __mspabi_srli_12         
0000e2bc  __mspabi_srli_11         
0000e2c0  __mspabi_srli_10         
0000e2c4  __mspabi_srli_9          
0000e2c8  __mspabi_srli_8          
0000e2cc  __mspabi_srli_7          
0000e2d0  __mspabi_srli_6          
0000e2d4  __mspabi_srli_5          
0000e2d8  __mspabi_srli_4          
0000e2dc  __mspabi_srli_3          
0000e2e0  __mspabi_srli_2          
0000e2e4  __mspabi_srli_1          
0000e2ea  Iso14443aAnticollision   
0000e334  SpiWriteSingle           
0000e37e  Iso14443a_command        
0000e3c6  __mspabi_fixfu           
0000e40c  NFC_Read                 
0000e44e  Print_Error              
0000e490  UART0_Send_ByteToChar    
0000e4ce  timerHandler             
0000e50c  SpiWriteCont             
0000e548  Radio_Set_Mode           
0000e582  _Modify_Packet_Header    
0000e5bc  Print_Card               
0000e5f4  UART_Init                
0000e62a  _Add_Address_To_Packet   
0000e660  SpiUsciSet               
0000e692  SpiRawWrite              
0000e6c2  Trf7970InitialSettings   
0000e6f2  SpiDirectCommand         
0000e71e  USCI0RX_ISR              
0000e74a  __mspabi_srai            
0000e756  __mspabi_srai_15         
0000e758  __mspabi_srai_14         
0000e75a  __mspabi_srai_13         
0000e75c  __mspabi_srai_12         
0000e75e  __mspabi_srai_11         
0000e760  __mspabi_srai_10         
0000e762  __mspabi_srai_9          
0000e764  __mspabi_srai_8          
0000e766  __mspabi_srai_7          
0000e768  __mspabi_srai_6          
0000e76a  __mspabi_srai_5          
0000e76c  __mspabi_srai_4          
0000e76e  __mspabi_srai_3          
0000e770  __mspabi_srai_2          
0000e772  __mspabi_srai_1          
0000e776  __mspabi_slli            
0000e782  __mspabi_slli_15         
0000e784  __mspabi_slli_14         
0000e786  __mspabi_slli_13         
0000e788  __mspabi_slli_12         
0000e78a  __mspabi_slli_11         
0000e78c  __mspabi_slli_10         
0000e78e  __mspabi_slli_9          
0000e790  __mspabi_slli_8          
0000e792  __mspabi_slli_7          
0000e794  __mspabi_slli_6          
0000e796  __mspabi_slli_5          
0000e798  __mspabi_slli_4          
0000e79a  __mspabi_slli_3          
0000e79c  __mspabi_slli_2          
0000e79e  __mspabi_slli_1          
0000e7a2  SPI_Init                 
0000e7ca  NFC_Init                 
0000e7f0  Iso14443aFindTag         
0000e814  Trf7970TurnRfOff         
0000e838  __mspabi_fltuf           
0000e85c  McuDelayMillisecond      
0000e87e  SPI_Conf_Read_Register   
0000e8a0  SPI_Conf_Write_Register  
0000e8c0  SPI_Data_Write           
0000e8e0  aes_decrypt              
0000e8fe  aes_encrypt              
0000e91c  galois_mul2              
0000e938  Trf7970ResetIrqStatus    
0000e952  _c_int00_noargs_noexit   
0000e96c  Copy_RSSI                
0000e984  Trf7970TurnRfOn          
0000e99c  SpiSetup                 
0000e9b2  Trf7970ReadIrqStatus     
0000e9c6  UART_Send_Byte           
0000e9da  __TI_zero_init           
0000e9ee  Radio_Set_TxPower        
0000ea00  UART_Send_Data           
0000ea12  __TI_decompress_none     
0000ea24  memcpy                   
0000ea36  Iso14443_config          
0000ea46  SPI_Data_Read            
0000ea56  Trf7970Reset             
0000ea66  Trf7970StopDecoders      
0000ea76  __mspabi_func_epilog_7   
0000ea78  __mspabi_func_epilog_6   
0000ea7a  __mspabi_func_epilog_5   
0000ea7c  __mspabi_func_epilog_4   
0000ea7e  __mspabi_func_epilog_3   
0000ea80  __mspabi_func_epilog_2   
0000ea82  __mspabi_func_epilog_1   
0000ea86  McuCounterSet            
0000ea94  Payload_Decrypt          
0000eaa0  Payload_Encrypt          
0000eaac  watchdog_timer           
0000eab4  Trf7970CommunicationSetup
0000eaba  Trf7970DirectCommand     
0000eac0  Trf7970RawWrite          
0000eac6  Trf7970ReConfig          
0000eacc  Trf7970ReadCont          
0000ead2  Trf7970ReadSingle        
0000ead8  Trf7970WriteCont         
0000eade  Trf7970WriteSingle       
0000eae4  __TI_ISR_TRAP            
0000eaea  __TI_decompress_rle24    
0000eaf0  _system_pre_init         
0000eaf4  C$$EXIT                  
0000eaf4  abort                    
0000eaf8  rsbox                    
0000ebf8  sbox                     
0000ed9e  P_VALUE_CH_              
0000edb3  vcotune                  
0000edb4  R_VALUE_CH_              
0000edca  S_VALUE_CH_              
0000edf0  Rcon                     
0000ee20  __TI_Handler_Table_Base  
0000ee26  __TI_Handler_Table_Limit 
0000ee2a  __TI_CINIT_Base          
0000ee32  __TI_CINIT_Limit         
0000ffe0  __TI_int00               
0000ffe4  __TI_int02               
0000ffe6  __TI_int03               
0000ffea  __TI_int05               
0000ffec  __TI_int06               
0000ffee  __TI_int07               
0000fff0  __TI_int08               
0000fff2  __TI_int09               
0000fff4  __TI_int10               
0000fff6  __TI_int11               
0000fff8  __TI_int12               
0000fffa  __TI_int13               
0000fffc  __TI_int14               
0000fffe  _reset_vector            
ffffffff  __binit__                
ffffffff  __c_args__               
ffffffff  binit                    
UNDEFED   __TI_INITARRAY_Base      
UNDEFED   __TI_INITARRAY_Limit     

[305 symbols]
