<?xml version="1.0"?>
<link_info>
   <banner>MSP430 Linker PC v4.4.5</banner>
   <copyright>Copyright (c) 2003-2015 Texas Instruments Incorporated</copyright>
   <link_time>0x5665b0f7</link_time>
   <link_errors>0x0</link_errors>
   <output_file>SardNFC.out</output_file>
   <entry_point>
      <name>_c_int00_noargs_noexit</name>
      <address>0xe902</address>
   </entry_point>
   <input_file_list>
      <input_file id="fl-2">
         <path>.\</path>
         <kind>object</kind>
         <file>main.obj</file>
         <name>main.obj</name>
      </input_file>
      <input_file id="fl-3">
         <path>.\NWK\</path>
         <kind>object</kind>
         <file>aes.obj</file>
         <name>aes.obj</name>
      </input_file>
      <input_file id="fl-4">
         <path>.\NWK\</path>
         <kind>object</kind>
         <file>nwk_radio.obj</file>
         <name>nwk_radio.obj</name>
      </input_file>
      <input_file id="fl-5">
         <path>.\NWK\</path>
         <kind>object</kind>
         <file>nwk_security.obj</file>
         <name>nwk_security.obj</name>
      </input_file>
      <input_file id="fl-6">
         <path>.\NFC\</path>
         <kind>object</kind>
         <file>NFC.obj</file>
         <name>NFC.obj</name>
      </input_file>
      <input_file id="fl-7">
         <path>.\NFC\</path>
         <kind>object</kind>
         <file>iso14443a.obj</file>
         <name>iso14443a.obj</name>
      </input_file>
      <input_file id="fl-8">
         <path>.\NFC\</path>
         <kind>object</kind>
         <file>iso14443b.obj</file>
         <name>iso14443b.obj</name>
      </input_file>
      <input_file id="fl-9">
         <path>.\NFC\</path>
         <kind>object</kind>
         <file>iso15693.obj</file>
         <name>iso15693.obj</name>
      </input_file>
      <input_file id="fl-a">
         <path>.\LNK\</path>
         <kind>object</kind>
         <file>radio.obj</file>
         <name>radio.obj</name>
      </input_file>
      <input_file id="fl-b">
         <path>.\Hardware\</path>
         <kind>object</kind>
         <file>spi.obj</file>
         <name>spi.obj</name>
      </input_file>
      <input_file id="fl-c">
         <path>.\Hardware\</path>
         <kind>object</kind>
         <file>trf7970.obj</file>
         <name>trf7970.obj</name>
      </input_file>
      <input_file id="fl-d">
         <path>.\Hardware\</path>
         <kind>object</kind>
         <file>trf7970BoosterPack.obj</file>
         <name>trf7970BoosterPack.obj</name>
      </input_file>
      <input_file id="fl-e">
         <path>.\Drivers\</path>
         <kind>object</kind>
         <file>system.obj</file>
         <name>system.obj</name>
      </input_file>
      <input_file id="fl-f">
         <path>.\Drivers\Communication\</path>
         <kind>object</kind>
         <file>soft_spi.obj</file>
         <name>soft_spi.obj</name>
      </input_file>
      <input_file id="fl-10">
         <path>.\Drivers\Communication\</path>
         <kind>object</kind>
         <file>uart.obj</file>
         <name>uart.obj</name>
      </input_file>
      <input_file id="fl-3f">
         <path>C:\ti1\ccsv6\tools\compiler\ti-cgt-msp430_4.4.5\lib\</path>
         <kind>archive</kind>
         <file>rts430_eabi.lib</file>
         <name>asr16.obj</name>
      </input_file>
      <input_file id="fl-40">
         <path>C:\ti1\ccsv6\tools\compiler\ti-cgt-msp430_4.4.5\lib\</path>
         <kind>archive</kind>
         <file>rts430_eabi.lib</file>
         <name>boot.obj</name>
      </input_file>
      <input_file id="fl-41">
         <path>C:\ti1\ccsv6\tools\compiler\ti-cgt-msp430_4.4.5\lib\</path>
         <kind>archive</kind>
         <file>rts430_eabi.lib</file>
         <name>boot_special.obj</name>
      </input_file>
      <input_file id="fl-42">
         <path>C:\ti1\ccsv6\tools\compiler\ti-cgt-msp430_4.4.5\lib\</path>
         <kind>archive</kind>
         <file>rts430_eabi.lib</file>
         <name>copy_decompress_none.obj</name>
      </input_file>
      <input_file id="fl-43">
         <path>C:\ti1\ccsv6\tools\compiler\ti-cgt-msp430_4.4.5\lib\</path>
         <kind>archive</kind>
         <file>rts430_eabi.lib</file>
         <name>copy_decompress_rle.obj</name>
      </input_file>
      <input_file id="fl-44">
         <path>C:\ti1\ccsv6\tools\compiler\ti-cgt-msp430_4.4.5\lib\</path>
         <kind>archive</kind>
         <file>rts430_eabi.lib</file>
         <name>copy_zero_init.obj</name>
      </input_file>
      <input_file id="fl-45">
         <path>C:\ti1\ccsv6\tools\compiler\ti-cgt-msp430_4.4.5\lib\</path>
         <kind>archive</kind>
         <file>rts430_eabi.lib</file>
         <name>epilog.obj</name>
      </input_file>
      <input_file id="fl-46">
         <path>C:\ti1\ccsv6\tools\compiler\ti-cgt-msp430_4.4.5\lib\</path>
         <kind>archive</kind>
         <file>rts430_eabi.lib</file>
         <name>exit.obj</name>
      </input_file>
      <input_file id="fl-47">
         <path>C:\ti1\ccsv6\tools\compiler\ti-cgt-msp430_4.4.5\lib\</path>
         <kind>archive</kind>
         <file>rts430_eabi.lib</file>
         <name>exit_gvars.obj</name>
      </input_file>
      <input_file id="fl-48">
         <path>C:\ti1\ccsv6\tools\compiler\ti-cgt-msp430_4.4.5\lib\</path>
         <kind>archive</kind>
         <file>rts430_eabi.lib</file>
         <name>fs_mpy.obj</name>
      </input_file>
      <input_file id="fl-49">
         <path>C:\ti1\ccsv6\tools\compiler\ti-cgt-msp430_4.4.5\lib\</path>
         <kind>archive</kind>
         <file>rts430_eabi.lib</file>
         <name>fs_tou.obj</name>
      </input_file>
      <input_file id="fl-4a">
         <path>C:\ti1\ccsv6\tools\compiler\ti-cgt-msp430_4.4.5\lib\</path>
         <kind>archive</kind>
         <file>rts430_eabi.lib</file>
         <name>fs_utof.obj</name>
      </input_file>
      <input_file id="fl-4b">
         <path>C:\ti1\ccsv6\tools\compiler\ti-cgt-msp430_4.4.5\lib\</path>
         <kind>archive</kind>
         <file>rts430_eabi.lib</file>
         <name>int00.obj</name>
      </input_file>
      <input_file id="fl-4c">
         <path>C:\ti1\ccsv6\tools\compiler\ti-cgt-msp430_4.4.5\lib\</path>
         <kind>archive</kind>
         <file>rts430_eabi.lib</file>
         <name>int02.obj</name>
      </input_file>
      <input_file id="fl-4d">
         <path>C:\ti1\ccsv6\tools\compiler\ti-cgt-msp430_4.4.5\lib\</path>
         <kind>archive</kind>
         <file>rts430_eabi.lib</file>
         <name>int05.obj</name>
      </input_file>
      <input_file id="fl-4e">
         <path>C:\ti1\ccsv6\tools\compiler\ti-cgt-msp430_4.4.5\lib\</path>
         <kind>archive</kind>
         <file>rts430_eabi.lib</file>
         <name>int06.obj</name>
      </input_file>
      <input_file id="fl-4f">
         <path>C:\ti1\ccsv6\tools\compiler\ti-cgt-msp430_4.4.5\lib\</path>
         <kind>archive</kind>
         <file>rts430_eabi.lib</file>
         <name>int08.obj</name>
      </input_file>
      <input_file id="fl-50">
         <path>C:\ti1\ccsv6\tools\compiler\ti-cgt-msp430_4.4.5\lib\</path>
         <kind>archive</kind>
         <file>rts430_eabi.lib</file>
         <name>int11.obj</name>
      </input_file>
      <input_file id="fl-51">
         <path>C:\ti1\ccsv6\tools\compiler\ti-cgt-msp430_4.4.5\lib\</path>
         <kind>archive</kind>
         <file>rts430_eabi.lib</file>
         <name>int12.obj</name>
      </input_file>
      <input_file id="fl-52">
         <path>C:\ti1\ccsv6\tools\compiler\ti-cgt-msp430_4.4.5\lib\</path>
         <kind>archive</kind>
         <file>rts430_eabi.lib</file>
         <name>int13.obj</name>
      </input_file>
      <input_file id="fl-53">
         <path>C:\ti1\ccsv6\tools\compiler\ti-cgt-msp430_4.4.5\lib\</path>
         <kind>archive</kind>
         <file>rts430_eabi.lib</file>
         <name>int14.obj</name>
      </input_file>
      <input_file id="fl-54">
         <path>C:\ti1\ccsv6\tools\compiler\ti-cgt-msp430_4.4.5\lib\</path>
         <kind>archive</kind>
         <file>rts430_eabi.lib</file>
         <name>isr_trap.obj</name>
      </input_file>
      <input_file id="fl-55">
         <path>C:\ti1\ccsv6\tools\compiler\ti-cgt-msp430_4.4.5\lib\</path>
         <kind>archive</kind>
         <file>rts430_eabi.lib</file>
         <name>lsl16.obj</name>
      </input_file>
      <input_file id="fl-56">
         <path>C:\ti1\ccsv6\tools\compiler\ti-cgt-msp430_4.4.5\lib\</path>
         <kind>archive</kind>
         <file>rts430_eabi.lib</file>
         <name>lsr16.obj</name>
      </input_file>
      <input_file id="fl-57">
         <path>C:\ti1\ccsv6\tools\compiler\ti-cgt-msp430_4.4.5\lib\</path>
         <kind>archive</kind>
         <file>rts430_eabi.lib</file>
         <name>lsr32.obj</name>
      </input_file>
      <input_file id="fl-58">
         <path>C:\ti1\ccsv6\tools\compiler\ti-cgt-msp430_4.4.5\lib\</path>
         <kind>archive</kind>
         <file>rts430_eabi.lib</file>
         <name>memcpy.obj</name>
      </input_file>
      <input_file id="fl-59">
         <path>C:\ti1\ccsv6\tools\compiler\ti-cgt-msp430_4.4.5\lib\</path>
         <kind>archive</kind>
         <file>rts430_eabi.lib</file>
         <name>mpu_init.obj</name>
      </input_file>
      <input_file id="fl-5a">
         <path>C:\ti1\ccsv6\tools\compiler\ti-cgt-msp430_4.4.5\lib\</path>
         <kind>archive</kind>
         <file>rts430_eabi.lib</file>
         <name>pre_init.obj</name>
      </input_file>
      <input_file id="fl-5b">
         <path>C:\ti1\ccsv6\tools\compiler\ti-cgt-msp430_4.4.5\lib\</path>
         <kind>archive</kind>
         <file>rts430_eabi.lib</file>
         <name>_lock.obj</name>
      </input_file>
      <input_file id="fl-5c">
         <path>C:\ti1\ccsv6\tools\compiler\ti-cgt-msp430_4.4.5\lib\</path>
         <kind>archive</kind>
         <file>rts430_eabi.lib</file>
         <name>args_main.obj</name>
      </input_file>
      <input_file id="fl-5d">
         <path>C:\ti1\ccsv6\tools\compiler\ti-cgt-msp430_4.4.5\lib\</path>
         <kind>archive</kind>
         <file>rts430_eabi.lib</file>
         <name>autoinit.obj</name>
      </input_file>
   </input_file_list>
   <object_component_list>
      <object_component id="oc-13e">
         <name>.common:uart_buf_head</name>
         <uninitialized>true</uninitialized>
         <run_address>0x2f4</run_address>
         <size>0x1</size>
      </object_component>
      <object_component id="oc-260">
         <name>.common:uart_buf_tail</name>
         <uninitialized>true</uninitialized>
         <run_address>0x2f5</run_address>
         <size>0x1</size>
      </object_component>
      <object_component id="oc-155">
         <name>.common:uart_rcv_buf</name>
         <uninitialized>true</uninitialized>
         <run_address>0x264</run_address>
         <size>0x3c</size>
      </object_component>
      <object_component id="oc-2bf">
         <name>.common:TxPacket</name>
         <uninitialized>true</uninitialized>
         <run_address>0x2b8</run_address>
         <size>0x18</size>
      </object_component>
      <object_component id="oc-1b0">
         <name>.common:RxPacket</name>
         <uninitialized>true</uninitialized>
         <run_address>0x2a0</run_address>
         <size>0x18</size>
      </object_component>
      <object_component id="oc-1a9">
         <name>.common:rssi_rx</name>
         <uninitialized>true</uninitialized>
         <run_address>0x2f3</run_address>
         <size>0x1</size>
      </object_component>
      <object_component id="oc-29c">
         <name>.common:nwk_header</name>
         <uninitialized>true</uninitialized>
         <run_address>0x2ee</run_address>
         <size>0x2</size>
      </object_component>
      <object_component id="oc-1d0">
         <name>.common:Card_RSSI</name>
         <uninitialized>true</uninitialized>
         <run_address>0x2f0</run_address>
         <size>0x1</size>
      </object_component>
      <object_component id="oc-1c3">
         <name>.common:Card_UID</name>
         <uninitialized>true</uninitialized>
         <run_address>0x2d0</run_address>
         <size>0xe</size>
      </object_component>
      <object_component id="oc-20c">
         <name>.common:buf</name>
         <uninitialized>true</uninitialized>
         <run_address>0x200</run_address>
         <size>0x64</size>
      </object_component>
      <object_component id="oc-292">
         <name>.common:Tag_Count</name>
         <uninitialized>true</uninitialized>
         <run_address>0x2f1</run_address>
         <size>0x1</size>
      </object_component>
      <object_component id="oc-3bc">
         <name>.common:complete_uid</name>
         <uninitialized>true</uninitialized>
         <run_address>0x2de</run_address>
         <size>0xe</size>
      </object_component>
      <object_component id="oc-3cf">
         <name>.common:uid_pos1</name>
         <uninitialized>true</uninitialized>
         <run_address>0x2f6</run_address>
         <size>0x1</size>
      </object_component>
      <object_component id="oc-2cd">
         <name>.common:command</name>
         <uninitialized>true</uninitialized>
         <run_address>0x2ec</run_address>
         <size>0x2</size>
      </object_component>
      <object_component id="oc-2f9">
         <name>.common:dummy</name>
         <uninitialized>true</uninitialized>
         <run_address>0x2f2</run_address>
         <size>0x1</size>
      </object_component>
      <object_component id="oc-8d">
         <name>.stack</name>
         <uninitialized>true</uninitialized>
         <run_address>0x3b0</run_address>
         <size>0x2</size>
         <input_file_ref idref="fl-40"/>
      </object_component>
      <object_component id="oc-455">
         <name>.stack</name>
         <uninitialized>true</uninitialized>
         <run_address>0x3b0</run_address>
         <size>0x0</size>
      </object_component>
      <object_component id="oc-395">
         <name>.text:aes_decr</name>
         <load_address>0xc000</load_address>
         <run_address>0xc000</run_address>
         <size>0x5e2</size>
         <input_file_ref idref="fl-3"/>
      </object_component>
      <object_component id="oc-388">
         <name>.text:aes_encr</name>
         <load_address>0xc5e2</load_address>
         <run_address>0xc5e2</run_address>
         <size>0x4e2</size>
         <input_file_ref idref="fl-3"/>
      </object_component>
      <object_component id="oc-378">
         <name>.text:Iso14443aLoop</name>
         <load_address>0xcac4</load_address>
         <run_address>0xcac4</run_address>
         <size>0x2b0</size>
         <input_file_ref idref="fl-7"/>
      </object_component>
      <object_component id="oc-ef">
         <name>.text:main</name>
         <load_address>0xcd74</load_address>
         <run_address>0xcd74</run_address>
         <size>0x2a8</size>
         <input_file_ref idref="fl-2"/>
      </object_component>
      <object_component id="oc-382">
         <name>.text:expandKey</name>
         <load_address>0xd01c</load_address>
         <run_address>0xd01c</run_address>
         <size>0x2a0</size>
         <input_file_ref idref="fl-3"/>
      </object_component>
      <object_component id="oc-197">
         <name>.text:Radio_Init</name>
         <load_address>0xd2bc</load_address>
         <run_address>0xd2bc</run_address>
         <size>0x1fa</size>
         <input_file_ref idref="fl-a"/>
      </object_component>
      <object_component id="oc-130">
         <name>.text:Trf7970ISR</name>
         <load_address>0xd4b6</load_address>
         <run_address>0xd4b6</run_address>
         <size>0x1fa</size>
         <input_file_ref idref="fl-c"/>
      </object_component>
      <object_component id="oc-30f">
         <name>.text:Trf7970WriteIsoControl</name>
         <load_address>0xd6b0</load_address>
         <run_address>0xd6b0</run_address>
         <size>0x13e</size>
         <input_file_ref idref="fl-c"/>
      </object_component>
      <object_component id="oc-1b1">
         <name>.text:Action</name>
         <load_address>0xd7ee</load_address>
         <run_address>0xd7ee</run_address>
         <size>0x116</size>
         <input_file_ref idref="fl-2"/>
      </object_component>
      <object_component id="oc-3c3">
         <name>.text:Copy_UID</name>
         <load_address>0xd904</load_address>
         <run_address>0xd904</run_address>
         <size>0xce</size>
         <input_file_ref idref="fl-7"/>
      </object_component>
      <object_component id="oc-1c4">
         <name>.text:Radio_Send_Data</name>
         <load_address>0xd9d2</load_address>
         <run_address>0xd9d2</run_address>
         <size>0xce</size>
         <input_file_ref idref="fl-4"/>
      </object_component>
      <object_component id="oc-400">
         <name>.text</name>
         <load_address>0xdaa0</load_address>
         <run_address>0xdaa0</run_address>
         <size>0xc2</size>
         <input_file_ref idref="fl-48"/>
      </object_component>
      <object_component id="oc-3bd">
         <name>.text:Iso14443aSelectCommand</name>
         <load_address>0xdb62</load_address>
         <run_address>0xdb62</run_address>
         <size>0xac</size>
         <input_file_ref idref="fl-7"/>
      </object_component>
      <object_component id="oc-28a">
         <name>.text:cByteToHex</name>
         <load_address>0xdc0e</load_address>
         <run_address>0xdc0e</run_address>
         <size>0x92</size>
         <input_file_ref idref="fl-e"/>
      </object_component>
      <object_component id="oc-2a9">
         <name>.text:Radio_Tx</name>
         <load_address>0xdca0</load_address>
         <run_address>0xdca0</run_address>
         <size>0x8e</size>
         <input_file_ref idref="fl-a"/>
      </object_component>
      <object_component id="oc-3b0">
         <name>.text:ISO14443IRQWaitTimeout</name>
         <load_address>0xdd2e</load_address>
         <run_address>0xdd2e</run_address>
         <size>0x8c</size>
         <input_file_ref idref="fl-7"/>
      </object_component>
      <object_component id="oc-1d4">
         <name>.text:Radio_Receive_Data</name>
         <load_address>0xddba</load_address>
         <run_address>0xddba</run_address>
         <size>0x7c</size>
         <input_file_ref idref="fl-4"/>
      </object_component>
      <object_component id="oc-1a3">
         <name>.text:Radio_Set_Channel</name>
         <load_address>0xde36</load_address>
         <run_address>0xde36</run_address>
         <size>0x7c</size>
         <input_file_ref idref="fl-a"/>
      </object_component>
      <object_component id="oc-172">
         <name>.text:System_Set_Speed</name>
         <load_address>0xdeb2</load_address>
         <run_address>0xdeb2</run_address>
         <size>0x78</size>
         <input_file_ref idref="fl-e"/>
      </object_component>
      <object_component id="oc-2b3">
         <name>.text:Radio_Rx</name>
         <load_address>0xdf2a</load_address>
         <run_address>0xdf2a</run_address>
         <size>0x76</size>
         <input_file_ref idref="fl-a"/>
      </object_component>
      <object_component id="oc-3d0">
         <name>.text:Iso14443a_halt</name>
         <load_address>0xdfa0</load_address>
         <run_address>0xdfa0</run_address>
         <size>0x6a</size>
         <input_file_ref idref="fl-7"/>
      </object_component>
      <object_component id="oc-2f3">
         <name>.text:Spi_Send</name>
         <load_address>0xe00a</load_address>
         <run_address>0xe00a</run_address>
         <size>0x66</size>
         <input_file_ref idref="fl-f"/>
      </object_component>
      <object_component id="oc-2c6">
         <name>.text:SpiReadCont</name>
         <load_address>0xe070</load_address>
         <run_address>0xe070</run_address>
         <size>0x64</size>
         <input_file_ref idref="fl-b"/>
      </object_component>
      <object_component id="oc-1ec">
         <name>.text:SpiReadSingle</name>
         <load_address>0xe0d4</load_address>
         <run_address>0xe0d4</run_address>
         <size>0x64</size>
         <input_file_ref idref="fl-b"/>
      </object_component>
      <object_component id="oc-b0">
         <name>.text:Trf7970PortB</name>
         <load_address>0xe138</load_address>
         <run_address>0xe138</run_address>
         <size>0x64</size>
         <input_file_ref idref="fl-c"/>
      </object_component>
      <object_component id="oc-9e">
         <name>.text:__TI_decompress_rle_core</name>
         <load_address>0xe19c</load_address>
         <run_address>0xe19c</run_address>
         <size>0x64</size>
         <input_file_ref idref="fl-43"/>
      </object_component>
      <object_component id="oc-d5">
         <name>.text:_auto_init</name>
         <load_address>0xe200</load_address>
         <run_address>0xe200</run_address>
         <size>0x58</size>
         <input_file_ref idref="fl-5d"/>
      </object_component>
      <object_component id="oc-3b7">
         <name>.text</name>
         <load_address>0xe258</load_address>
         <run_address>0xe258</run_address>
         <size>0x4c</size>
         <input_file_ref idref="fl-56"/>
      </object_component>
      <object_component id="oc-315">
         <name>.text:Iso14443aAnticollision</name>
         <load_address>0xe2a4</load_address>
         <run_address>0xe2a4</run_address>
         <size>0x4a</size>
         <input_file_ref idref="fl-7"/>
      </object_component>
      <object_component id="oc-354">
         <name>.text:SpiWriteSingle</name>
         <load_address>0xe2ee</load_address>
         <run_address>0xe2ee</run_address>
         <size>0x4a</size>
         <input_file_ref idref="fl-b"/>
      </object_component>
      <object_component id="oc-372">
         <name>.text:Iso14443a_command</name>
         <load_address>0xe338</load_address>
         <run_address>0xe338</run_address>
         <size>0x48</size>
         <input_file_ref idref="fl-7"/>
      </object_component>
      <object_component id="oc-405">
         <name>.text</name>
         <load_address>0xe380</load_address>
         <run_address>0xe380</run_address>
         <size>0x46</size>
         <input_file_ref idref="fl-49"/>
      </object_component>
      <object_component id="oc-19d">
         <name>.text:Print_Error</name>
         <load_address>0xe3c6</load_address>
         <run_address>0xe3c6</run_address>
         <size>0x42</size>
         <input_file_ref idref="fl-2"/>
      </object_component>
      <object_component id="oc-1aa">
         <name>.text:UART0_Send_ByteToChar</name>
         <load_address>0xe408</load_address>
         <run_address>0xe408</run_address>
         <size>0x3e</size>
         <input_file_ref idref="fl-10"/>
      </object_component>
      <object_component id="oc-bc">
         <name>.text:timerHandler</name>
         <load_address>0xe446</load_address>
         <run_address>0xe446</run_address>
         <size>0x3e</size>
         <input_file_ref idref="fl-d"/>
      </object_component>
      <object_component id="oc-3a2">
         <name>.text:SpiWriteCont</name>
         <load_address>0xe484</load_address>
         <run_address>0xe484</run_address>
         <size>0x3c</size>
         <input_file_ref idref="fl-b"/>
      </object_component>
      <object_component id="oc-1ca">
         <name>.text:Radio_Set_Mode</name>
         <load_address>0xe4c0</load_address>
         <run_address>0xe4c0</run_address>
         <size>0x3a</size>
         <input_file_ref idref="fl-a"/>
      </object_component>
      <object_component id="oc-29d">
         <name>.text:_Modify_Packet_Header</name>
         <load_address>0xe4fa</load_address>
         <run_address>0xe4fa</run_address>
         <size>0x3a</size>
         <input_file_ref idref="fl-4"/>
      </object_component>
      <object_component id="oc-1b7">
         <name>.text:NFC_Read</name>
         <load_address>0xe534</load_address>
         <run_address>0xe534</run_address>
         <size>0x38</size>
         <input_file_ref idref="fl-6"/>
      </object_component>
      <object_component id="oc-1bd">
         <name>.text:Print_Card</name>
         <load_address>0xe56c</load_address>
         <run_address>0xe56c</run_address>
         <size>0x38</size>
         <input_file_ref idref="fl-6"/>
      </object_component>
      <object_component id="oc-184">
         <name>.text:UART_Init</name>
         <load_address>0xe5a4</load_address>
         <run_address>0xe5a4</run_address>
         <size>0x36</size>
         <input_file_ref idref="fl-10"/>
      </object_component>
      <object_component id="oc-32e">
         <name>.text:_Add_Address_To_Packet</name>
         <load_address>0xe5da</load_address>
         <run_address>0xe5da</run_address>
         <size>0x36</size>
         <input_file_ref idref="fl-a"/>
      </object_component>
      <object_component id="oc-2ec">
         <name>.text:SpiUsciSet</name>
         <load_address>0xe610</load_address>
         <run_address>0xe610</run_address>
         <size>0x32</size>
         <input_file_ref idref="fl-b"/>
      </object_component>
      <object_component id="oc-3ee">
         <name>.text:SpiRawWrite</name>
         <load_address>0xe642</load_address>
         <run_address>0xe642</run_address>
         <size>0x30</size>
         <input_file_ref idref="fl-b"/>
      </object_component>
      <object_component id="oc-253">
         <name>.text:Trf7970InitialSettings</name>
         <load_address>0xe672</load_address>
         <run_address>0xe672</run_address>
         <size>0x30</size>
         <input_file_ref idref="fl-c"/>
      </object_component>
      <object_component id="oc-34c">
         <name>.text:SpiDirectCommand</name>
         <load_address>0xe6a2</load_address>
         <run_address>0xe6a2</run_address>
         <size>0x2c</size>
         <input_file_ref idref="fl-b"/>
      </object_component>
      <object_component id="oc-b6">
         <name>.text:USCI0RX_ISR</name>
         <load_address>0xe6ce</load_address>
         <run_address>0xe6ce</run_address>
         <size>0x2c</size>
         <input_file_ref idref="fl-10"/>
      </object_component>
      <object_component id="oc-285">
         <name>.text</name>
         <load_address>0xe6fa</load_address>
         <run_address>0xe6fa</run_address>
         <size>0x2c</size>
         <input_file_ref idref="fl-3f"/>
      </object_component>
      <object_component id="oc-35c">
         <name>.text</name>
         <load_address>0xe726</load_address>
         <run_address>0xe726</run_address>
         <size>0x2c</size>
         <input_file_ref idref="fl-55"/>
      </object_component>
      <object_component id="oc-18a">
         <name>.text:SPI_Init</name>
         <load_address>0xe752</load_address>
         <run_address>0xe752</run_address>
         <size>0x28</size>
         <input_file_ref idref="fl-f"/>
      </object_component>
      <object_component id="oc-17e">
         <name>.text:NFC_Init</name>
         <load_address>0xe77a</load_address>
         <run_address>0xe77a</run_address>
         <size>0x26</size>
         <input_file_ref idref="fl-6"/>
      </object_component>
      <object_component id="oc-293">
         <name>.text:Iso14443aFindTag</name>
         <load_address>0xe7a0</load_address>
         <run_address>0xe7a0</run_address>
         <size>0x24</size>
         <input_file_ref idref="fl-7"/>
      </object_component>
      <object_component id="oc-31b">
         <name>.text:Trf7970TurnRfOff</name>
         <load_address>0xe7c4</load_address>
         <run_address>0xe7c4</run_address>
         <size>0x24</size>
         <input_file_ref idref="fl-c"/>
      </object_component>
      <object_component id="oc-3fb">
         <name>.text</name>
         <load_address>0xe7e8</load_address>
         <run_address>0xe7e8</run_address>
         <size>0x24</size>
         <input_file_ref idref="fl-4a"/>
      </object_component>
      <object_component id="oc-178">
         <name>.text:McuDelayMillisecond</name>
         <load_address>0xe80c</load_address>
         <run_address>0xe80c</run_address>
         <size>0x22</size>
         <input_file_ref idref="fl-d"/>
      </object_component>
      <object_component id="oc-27c">
         <name>.text:SPI_Conf_Read_Register</name>
         <load_address>0xe82e</load_address>
         <run_address>0xe82e</run_address>
         <size>0x22</size>
         <input_file_ref idref="fl-f"/>
      </object_component>
      <object_component id="oc-264">
         <name>.text:SPI_Conf_Write_Register</name>
         <load_address>0xe850</load_address>
         <run_address>0xe850</run_address>
         <size>0x20</size>
         <input_file_ref idref="fl-f"/>
      </object_component>
      <object_component id="oc-334">
         <name>.text:SPI_Data_Write</name>
         <load_address>0xe870</load_address>
         <run_address>0xe870</run_address>
         <size>0x20</size>
         <input_file_ref idref="fl-f"/>
      </object_component>
      <object_component id="oc-342">
         <name>.text:aes_decrypt</name>
         <load_address>0xe890</load_address>
         <run_address>0xe890</run_address>
         <size>0x1e</size>
         <input_file_ref idref="fl-3"/>
      </object_component>
      <object_component id="oc-326">
         <name>.text:aes_encrypt</name>
         <load_address>0xe8ae</load_address>
         <run_address>0xe8ae</run_address>
         <size>0x1e</size>
         <input_file_ref idref="fl-3"/>
      </object_component>
      <object_component id="oc-3de">
         <name>.text:galois_mul2</name>
         <load_address>0xe8cc</load_address>
         <run_address>0xe8cc</run_address>
         <size>0x1c</size>
         <input_file_ref idref="fl-3"/>
      </object_component>
      <object_component id="oc-206">
         <name>.text:Trf7970ResetIrqStatus</name>
         <load_address>0xe8e8</load_address>
         <run_address>0xe8e8</run_address>
         <size>0x1a</size>
         <input_file_ref idref="fl-c"/>
      </object_component>
      <object_component id="oc-69">
         <name>.text:_c_int00_noargs_noexit</name>
         <load_address>0xe902</load_address>
         <run_address>0xe902</run_address>
         <size>0x1a</size>
         <input_file_ref idref="fl-41"/>
      </object_component>
      <object_component id="oc-3c9">
         <name>.text:Copy_RSSI</name>
         <load_address>0xe91c</load_address>
         <run_address>0xe91c</run_address>
         <size>0x18</size>
         <input_file_ref idref="fl-7"/>
      </object_component>
      <object_component id="oc-309">
         <name>.text:Trf7970TurnRfOn</name>
         <load_address>0xe934</load_address>
         <run_address>0xe934</run_address>
         <size>0x18</size>
         <input_file_ref idref="fl-c"/>
      </object_component>
      <object_component id="oc-2de">
         <name>.text:SpiSetup</name>
         <load_address>0xe94c</load_address>
         <run_address>0xe94c</run_address>
         <size>0x16</size>
         <input_file_ref idref="fl-b"/>
      </object_component>
      <object_component id="oc-12a">
         <name>.text:Trf7970ReadIrqStatus</name>
         <load_address>0xe962</load_address>
         <run_address>0xe962</run_address>
         <size>0x14</size>
         <input_file_ref idref="fl-c"/>
      </object_component>
      <object_component id="oc-1da">
         <name>.text:UART_Send_Byte</name>
         <load_address>0xe976</load_address>
         <run_address>0xe976</run_address>
         <size>0x14</size>
         <input_file_ref idref="fl-10"/>
      </object_component>
      <object_component id="oc-4b">
         <name>.text:decompress:ZI:__TI_zero_init</name>
         <load_address>0xe98a</load_address>
         <run_address>0xe98a</run_address>
         <size>0x14</size>
         <input_file_ref idref="fl-44"/>
      </object_component>
      <object_component id="oc-273">
         <name>.text:Radio_Set_TxPower</name>
         <load_address>0xe99e</load_address>
         <run_address>0xe99e</run_address>
         <size>0x12</size>
         <input_file_ref idref="fl-a"/>
      </object_component>
      <object_component id="oc-191">
         <name>.text:UART_Send_Data</name>
         <load_address>0xe9b0</load_address>
         <run_address>0xe9b0</run_address>
         <size>0x12</size>
         <input_file_ref idref="fl-10"/>
      </object_component>
      <object_component id="oc-32">
         <name>.text:decompress:none:__TI_decompress_none</name>
         <load_address>0xe9c2</load_address>
         <run_address>0xe9c2</run_address>
         <size>0x12</size>
         <input_file_ref idref="fl-42"/>
      </object_component>
      <object_component id="oc-91">
         <name>.text:memcpy</name>
         <load_address>0xe9d4</load_address>
         <run_address>0xe9d4</run_address>
         <size>0x12</size>
         <input_file_ref idref="fl-58"/>
      </object_component>
      <object_component id="oc-36c">
         <name>.text:Iso14443_config</name>
         <load_address>0xe9e6</load_address>
         <run_address>0xe9e6</run_address>
         <size>0x10</size>
         <input_file_ref idref="fl-7"/>
      </object_component>
      <object_component id="oc-33b">
         <name>.text:SPI_Data_Read</name>
         <load_address>0xe9f6</load_address>
         <run_address>0xe9f6</run_address>
         <size>0x10</size>
         <input_file_ref idref="fl-f"/>
      </object_component>
      <object_component id="oc-200">
         <name>.text:Trf7970Reset</name>
         <load_address>0xea06</load_address>
         <run_address>0xea06</run_address>
         <size>0x10</size>
         <input_file_ref idref="fl-c"/>
      </object_component>
      <object_component id="oc-1fa">
         <name>.text:Trf7970StopDecoders</name>
         <load_address>0xea16</load_address>
         <run_address>0xea16</run_address>
         <size>0x10</size>
         <input_file_ref idref="fl-c"/>
      </object_component>
      <object_component id="oc-118">
         <name>.text</name>
         <load_address>0xea26</load_address>
         <run_address>0xea26</run_address>
         <size>0x10</size>
         <input_file_ref idref="fl-45"/>
      </object_component>
      <object_component id="oc-3f5">
         <name>.text:McuCounterSet</name>
         <load_address>0xea36</load_address>
         <run_address>0xea36</run_address>
         <size>0xe</size>
         <input_file_ref idref="fl-d"/>
      </object_component>
      <object_component id="oc-2b9">
         <name>.text:Payload_Decrypt</name>
         <load_address>0xea44</load_address>
         <run_address>0xea44</run_address>
         <size>0xc</size>
         <input_file_ref idref="fl-5"/>
      </object_component>
      <object_component id="oc-2a3">
         <name>.text:Payload_Encrypt</name>
         <load_address>0xea50</load_address>
         <run_address>0xea50</run_address>
         <size>0xc</size>
         <input_file_ref idref="fl-5"/>
      </object_component>
      <object_component id="oc-c2">
         <name>.text:watchdog_timer</name>
         <load_address>0xea5c</load_address>
         <run_address>0xea5c</run_address>
         <size>0x8</size>
         <input_file_ref idref="fl-2"/>
      </object_component>
      <object_component id="oc-24d">
         <name>.text:Trf7970CommunicationSetup</name>
         <load_address>0xea64</load_address>
         <run_address>0xea64</run_address>
         <size>0x6</size>
         <input_file_ref idref="fl-c"/>
      </object_component>
      <object_component id="oc-2ce">
         <name>.text:Trf7970DirectCommand</name>
         <load_address>0xea6a</load_address>
         <run_address>0xea6a</run_address>
         <size>0x6</size>
         <input_file_ref idref="fl-c"/>
      </object_component>
      <object_component id="oc-3aa">
         <name>.text:Trf7970RawWrite</name>
         <load_address>0xea70</load_address>
         <run_address>0xea70</run_address>
         <size>0x6</size>
         <input_file_ref idref="fl-c"/>
      </object_component>
      <object_component id="oc-259">
         <name>.text:Trf7970ReConfig</name>
         <load_address>0xea76</load_address>
         <run_address>0xea76</run_address>
         <size>0x6</size>
         <input_file_ref idref="fl-c"/>
      </object_component>
      <object_component id="oc-1f3">
         <name>.text:Trf7970ReadCont</name>
         <load_address>0xea7c</load_address>
         <run_address>0xea7c</run_address>
         <size>0x6</size>
         <input_file_ref idref="fl-c"/>
      </object_component>
      <object_component id="oc-124">
         <name>.text:Trf7970ReadSingle</name>
         <load_address>0xea82</load_address>
         <run_address>0xea82</run_address>
         <size>0x6</size>
         <input_file_ref idref="fl-c"/>
      </object_component>
      <object_component id="oc-365">
         <name>.text:Trf7970WriteCont</name>
         <load_address>0xea88</load_address>
         <run_address>0xea88</run_address>
         <size>0x6</size>
         <input_file_ref idref="fl-c"/>
      </object_component>
      <object_component id="oc-2e5">
         <name>.text:Trf7970WriteSingle</name>
         <load_address>0xea8e</load_address>
         <run_address>0xea8e</run_address>
         <size>0x6</size>
         <input_file_ref idref="fl-c"/>
      </object_component>
      <object_component id="oc-ab">
         <name>.text:_isr:__TI_ISR_TRAP</name>
         <load_address>0xea94</load_address>
         <run_address>0xea94</run_address>
         <size>0x6</size>
         <input_file_ref idref="fl-54"/>
      </object_component>
      <object_component id="oc-38">
         <name>.text:decompress:rle24:__TI_decompress_rle24</name>
         <load_address>0xea9a</load_address>
         <run_address>0xea9a</run_address>
         <size>0x6</size>
         <input_file_ref idref="fl-43"/>
      </object_component>
      <object_component id="oc-cf">
         <name>.text:_system_pre_init</name>
         <load_address>0xeaa0</load_address>
         <run_address>0xeaa0</run_address>
         <size>0x4</size>
         <input_file_ref idref="fl-5a"/>
      </object_component>
      <object_component id="oc-f7">
         <name>.text:abort</name>
         <load_address>0xeaa4</load_address>
         <run_address>0xeaa4</run_address>
         <size>0x4</size>
         <input_file_ref idref="fl-46"/>
      </object_component>
      <object_component id="oc-454">
         <name>.cinit..data.load</name>
         <load_address>0xedb0</load_address>
         <run_address>0xedb0</run_address>
         <size>0x1f</size>
      </object_component>
      <object_component id="oc-451">
         <name>__TI_handler_table</name>
         <load_address>0xedd0</load_address>
         <run_address>0xedd0</run_address>
         <size>0x6</size>
      </object_component>
      <object_component id="oc-453">
         <name>.cinit..bss.load</name>
         <load_address>0xedd6</load_address>
         <run_address>0xedd6</run_address>
         <size>0x4</size>
      </object_component>
      <object_component id="oc-452">
         <name>__TI_cinit_table</name>
         <load_address>0xedda</load_address>
         <run_address>0xedda</run_address>
         <size>0x8</size>
      </object_component>
      <object_component id="oc-3e7">
         <name>.const:.string:rsbox</name>
         <load_address>0xeaa8</load_address>
         <run_address>0xeaa8</run_address>
         <size>0x100</size>
         <input_file_ref idref="fl-3"/>
      </object_component>
      <object_component id="oc-3d7">
         <name>.const:.string:sbox</name>
         <load_address>0xeba8</load_address>
         <run_address>0xeba8</run_address>
         <size>0x100</size>
         <input_file_ref idref="fl-3"/>
      </object_component>
      <object_component id="oc-190">
         <name>.const:.string</name>
         <load_address>0xeca8</load_address>
         <run_address>0xeca8</run_address>
         <size>0xa6</size>
         <input_file_ref idref="fl-2"/>
      </object_component>
      <object_component id="oc-26d">
         <name>.const:.string:P_VALUE_CH_</name>
         <load_address>0xed4e</load_address>
         <run_address>0xed4e</run_address>
         <size>0x15</size>
         <input_file_ref idref="fl-a"/>
      </object_component>
      <object_component id="oc-279">
         <name>.const</name>
         <load_address>0xed63</load_address>
         <run_address>0xed63</run_address>
         <size>0x1</size>
         <input_file_ref idref="fl-a"/>
      </object_component>
      <object_component id="oc-26a">
         <name>.const:.string:R_VALUE_CH_</name>
         <load_address>0xed64</load_address>
         <run_address>0xed64</run_address>
         <size>0x15</size>
         <input_file_ref idref="fl-a"/>
      </object_component>
      <object_component id="oc-270">
         <name>.const:.string:S_VALUE_CH_</name>
         <load_address>0xed7a</load_address>
         <run_address>0xed7a</run_address>
         <size>0x15</size>
         <input_file_ref idref="fl-a"/>
      </object_component>
      <object_component id="oc-16f">
         <name>.const:.string:$P$T0$1</name>
         <load_address>0xed90</load_address>
         <run_address>0xed90</run_address>
         <size>0x10</size>
         <input_file_ref idref="fl-2"/>
      </object_component>
      <object_component id="oc-3da">
         <name>.const:.string:Rcon</name>
         <load_address>0xeda0</load_address>
         <run_address>0xeda0</run_address>
         <size>0xb</size>
         <input_file_ref idref="fl-3"/>
      </object_component>
      <object_component id="oc-29a">
         <name>.const:.string</name>
         <load_address>0xedac</load_address>
         <run_address>0xedac</run_address>
         <size>0x4</size>
         <input_file_ref idref="fl-6"/>
      </object_component>
      <object_component id="oc-3e">
         <name>.int00</name>
         <load_address>0xffe0</load_address>
         <run_address>0xffe0</run_address>
         <size>0x2</size>
         <input_file_ref idref="fl-4b"/>
      </object_component>
      <object_component id="oc-3f">
         <name>.int02</name>
         <load_address>0xffe4</load_address>
         <run_address>0xffe4</run_address>
         <size>0x2</size>
         <input_file_ref idref="fl-4c"/>
      </object_component>
      <object_component id="oc-40">
         <name>.int03</name>
         <load_address>0xffe6</load_address>
         <run_address>0xffe6</run_address>
         <size>0x2</size>
         <input_file_ref idref="fl-c"/>
      </object_component>
      <object_component id="oc-41">
         <name>.int05</name>
         <load_address>0xffea</load_address>
         <run_address>0xffea</run_address>
         <size>0x2</size>
         <input_file_ref idref="fl-4d"/>
      </object_component>
      <object_component id="oc-42">
         <name>.int06</name>
         <load_address>0xffec</load_address>
         <run_address>0xffec</run_address>
         <size>0x2</size>
         <input_file_ref idref="fl-4e"/>
      </object_component>
      <object_component id="oc-43">
         <name>.int07</name>
         <load_address>0xffee</load_address>
         <run_address>0xffee</run_address>
         <size>0x2</size>
         <input_file_ref idref="fl-10"/>
      </object_component>
      <object_component id="oc-44">
         <name>.int08</name>
         <load_address>0xfff0</load_address>
         <run_address>0xfff0</run_address>
         <size>0x2</size>
         <input_file_ref idref="fl-4f"/>
      </object_component>
      <object_component id="oc-45">
         <name>.int09</name>
         <load_address>0xfff2</load_address>
         <run_address>0xfff2</run_address>
         <size>0x2</size>
         <input_file_ref idref="fl-d"/>
      </object_component>
      <object_component id="oc-46">
         <name>.int10</name>
         <load_address>0xfff4</load_address>
         <run_address>0xfff4</run_address>
         <size>0x2</size>
         <input_file_ref idref="fl-2"/>
      </object_component>
      <object_component id="oc-47">
         <name>.int11</name>
         <load_address>0xfff6</load_address>
         <run_address>0xfff6</run_address>
         <size>0x2</size>
         <input_file_ref idref="fl-50"/>
      </object_component>
      <object_component id="oc-48">
         <name>.int12</name>
         <load_address>0xfff8</load_address>
         <run_address>0xfff8</run_address>
         <size>0x2</size>
         <input_file_ref idref="fl-51"/>
      </object_component>
      <object_component id="oc-49">
         <name>.int13</name>
         <load_address>0xfffa</load_address>
         <run_address>0xfffa</run_address>
         <size>0x2</size>
         <input_file_ref idref="fl-52"/>
      </object_component>
      <object_component id="oc-4a">
         <name>.int14</name>
         <load_address>0xfffc</load_address>
         <run_address>0xfffc</run_address>
         <size>0x2</size>
         <input_file_ref idref="fl-53"/>
      </object_component>
      <object_component id="oc-90">
         <name>.reset</name>
         <load_address>0xfffe</load_address>
         <run_address>0xfffe</run_address>
         <size>0x2</size>
         <input_file_ref idref="fl-40"/>
      </object_component>
      <object_component id="oc-1d1">
         <name>.data</name>
         <load_address>0x30d</load_address>
         <run_address>0x30d</run_address>
         <size>0x4</size>
         <input_file_ref idref="fl-2"/>
      </object_component>
      <object_component id="oc-323">
         <name>.data:encryption_key</name>
         <load_address>0x2f8</load_address>
         <run_address>0x2f8</run_address>
         <size>0x10</size>
         <input_file_ref idref="fl-5"/>
      </object_component>
      <object_component id="oc-121">
         <name>.data</name>
         <load_address>0x308</load_address>
         <run_address>0x308</run_address>
         <size>0x5</size>
         <input_file_ref idref="fl-6"/>
      </object_component>
      <object_component id="oc-20d">
         <name>.data</name>
         <load_address>0x311</load_address>
         <run_address>0x311</run_address>
         <size>0x2</size>
         <input_file_ref idref="fl-7"/>
      </object_component>
      <object_component id="oc-2c2">
         <name>.data</name>
         <load_address>0x313</load_address>
         <run_address>0x313</run_address>
         <size>0x1</size>
         <input_file_ref idref="fl-b"/>
      </object_component>
      <object_component id="oc-39d">
         <name>.data</name>
         <load_address>0x314</load_address>
         <run_address>0x314</run_address>
         <size>0x1</size>
         <input_file_ref idref="fl-c"/>
      </object_component>
      <object_component id="oc-13f">
         <name>.debug_info</name>
         <load_address>0x0</load_address>
         <run_address>0x0</run_address>
         <size>0x6b8</size>
         <input_file_ref idref="fl-2"/>
      </object_component>
      <object_component id="oc-1d2">
         <name>.debug_info</name>
         <load_address>0x6b8</load_address>
         <run_address>0x6b8</run_address>
         <size>0x136</size>
         <input_file_ref idref="fl-2"/>
      </object_component>
      <object_component id="oc-170">
         <name>.debug_info</name>
         <load_address>0x7ee</load_address>
         <run_address>0x7ee</run_address>
         <size>0xbe</size>
         <input_file_ref idref="fl-2"/>
      </object_component>
      <object_component id="oc-f0">
         <name>.debug_info</name>
         <load_address>0x8ac</load_address>
         <run_address>0x8ac</run_address>
         <size>0x54d</size>
         <input_file_ref idref="fl-2"/>
      </object_component>
      <object_component id="oc-c3">
         <name>.debug_info</name>
         <load_address>0xdf9</load_address>
         <run_address>0xdf9</run_address>
         <size>0xf8</size>
         <input_file_ref idref="fl-2"/>
      </object_component>
      <object_component id="oc-19e">
         <name>.debug_info</name>
         <load_address>0xef1</load_address>
         <run_address>0xef1</run_address>
         <size>0x183</size>
         <input_file_ref idref="fl-2"/>
      </object_component>
      <object_component id="oc-1b2">
         <name>.debug_info</name>
         <load_address>0x1074</load_address>
         <run_address>0x1074</run_address>
         <size>0x1d9</size>
         <input_file_ref idref="fl-2"/>
      </object_component>
      <object_component id="oc-105">
         <name>.debug_info</name>
         <load_address>0x124d</load_address>
         <run_address>0x124d</run_address>
         <size>0x84</size>
         <input_file_ref idref="fl-2"/>
      </object_component>
      <object_component id="oc-1e1">
         <name>.debug_info</name>
         <load_address>0x12d1</load_address>
         <run_address>0x12d1</run_address>
         <size>0x6d</size>
         <input_file_ref idref="fl-2"/>
      </object_component>
      <object_component id="oc-137">
         <name>.debug_info</name>
         <load_address>0x133e</load_address>
         <run_address>0x133e</run_address>
         <size>0x6d</size>
         <input_file_ref idref="fl-2"/>
      </object_component>
      <object_component id="oc-38f">
         <name>.debug_info</name>
         <load_address>0x13ab</load_address>
         <run_address>0x13ab</run_address>
         <size>0x151</size>
         <input_file_ref idref="fl-3"/>
      </object_component>
      <object_component id="oc-3d8">
         <name>.debug_info</name>
         <load_address>0x14fc</load_address>
         <run_address>0x14fc</run_address>
         <size>0xbc</size>
         <input_file_ref idref="fl-3"/>
      </object_component>
      <object_component id="oc-3e8">
         <name>.debug_info</name>
         <load_address>0x15b8</load_address>
         <run_address>0x15b8</run_address>
         <size>0xbe</size>
         <input_file_ref idref="fl-3"/>
      </object_component>
      <object_component id="oc-3db">
         <name>.debug_info</name>
         <load_address>0x1676</load_address>
         <run_address>0x1676</run_address>
         <size>0xbc</size>
         <input_file_ref idref="fl-3"/>
      </object_component>
      <object_component id="oc-383">
         <name>.debug_info</name>
         <load_address>0x1732</load_address>
         <run_address>0x1732</run_address>
         <size>0x590</size>
         <input_file_ref idref="fl-3"/>
      </object_component>
      <object_component id="oc-3df">
         <name>.debug_info</name>
         <load_address>0x1cc2</load_address>
         <run_address>0x1cc2</run_address>
         <size>0x13a</size>
         <input_file_ref idref="fl-3"/>
      </object_component>
      <object_component id="oc-389">
         <name>.debug_info</name>
         <load_address>0x1dfc</load_address>
         <run_address>0x1dfc</run_address>
         <size>0x57e</size>
         <input_file_ref idref="fl-3"/>
      </object_component>
      <object_component id="oc-396">
         <name>.debug_info</name>
         <load_address>0x237a</load_address>
         <run_address>0x237a</run_address>
         <size>0x69f</size>
         <input_file_ref idref="fl-3"/>
      </object_component>
      <object_component id="oc-327">
         <name>.debug_info</name>
         <load_address>0x2a19</load_address>
         <run_address>0x2a19</run_address>
         <size>0x171</size>
         <input_file_ref idref="fl-3"/>
      </object_component>
      <object_component id="oc-343">
         <name>.debug_info</name>
         <load_address>0x2b8a</load_address>
         <run_address>0x2b8a</run_address>
         <size>0x171</size>
         <input_file_ref idref="fl-3"/>
      </object_component>
      <object_component id="oc-141">
         <name>.debug_info</name>
         <load_address>0x2cfb</load_address>
         <run_address>0x2cfb</run_address>
         <size>0x3ee</size>
         <input_file_ref idref="fl-4"/>
      </object_component>
      <object_component id="oc-1c5">
         <name>.debug_info</name>
         <load_address>0x30e9</load_address>
         <run_address>0x30e9</run_address>
         <size>0x27e</size>
         <input_file_ref idref="fl-4"/>
      </object_component>
      <object_component id="oc-1d5">
         <name>.debug_info</name>
         <load_address>0x3367</load_address>
         <run_address>0x3367</run_address>
         <size>0x264</size>
         <input_file_ref idref="fl-4"/>
      </object_component>
      <object_component id="oc-29e">
         <name>.debug_info</name>
         <load_address>0x35cb</load_address>
         <run_address>0x35cb</run_address>
         <size>0x223</size>
         <input_file_ref idref="fl-4"/>
      </object_component>
      <object_component id="oc-32d">
         <name>.debug_info</name>
         <load_address>0x37ee</load_address>
         <run_address>0x37ee</run_address>
         <size>0x1c6</size>
         <input_file_ref idref="fl-5"/>
      </object_component>
      <object_component id="oc-324">
         <name>.debug_info</name>
         <load_address>0x39b4</load_address>
         <run_address>0x39b4</run_address>
         <size>0xd9</size>
         <input_file_ref idref="fl-5"/>
      </object_component>
      <object_component id="oc-2a4">
         <name>.debug_info</name>
         <load_address>0x3a8d</load_address>
         <run_address>0x3a8d</run_address>
         <size>0x142</size>
         <input_file_ref idref="fl-5"/>
      </object_component>
      <object_component id="oc-2ba">
         <name>.debug_info</name>
         <load_address>0x3bcf</load_address>
         <run_address>0x3bcf</run_address>
         <size>0x142</size>
         <input_file_ref idref="fl-5"/>
      </object_component>
      <object_component id="oc-143">
         <name>.debug_info</name>
         <load_address>0x3d11</load_address>
         <run_address>0x3d11</run_address>
         <size>0x470</size>
         <input_file_ref idref="fl-6"/>
      </object_component>
      <object_component id="oc-122">
         <name>.debug_info</name>
         <load_address>0x4181</load_address>
         <run_address>0x4181</run_address>
         <size>0x162</size>
         <input_file_ref idref="fl-6"/>
      </object_component>
      <object_component id="oc-17f">
         <name>.debug_info</name>
         <load_address>0x42e3</load_address>
         <run_address>0x42e3</run_address>
         <size>0x161</size>
         <input_file_ref idref="fl-6"/>
      </object_component>
      <object_component id="oc-1b8">
         <name>.debug_info</name>
         <load_address>0x4444</load_address>
         <run_address>0x4444</run_address>
         <size>0x10f</size>
         <input_file_ref idref="fl-6"/>
      </object_component>
      <object_component id="oc-1be">
         <name>.debug_info</name>
         <load_address>0x4553</load_address>
         <run_address>0x4553</run_address>
         <size>0x165</size>
         <input_file_ref idref="fl-6"/>
      </object_component>
      <object_component id="oc-145">
         <name>.debug_info</name>
         <load_address>0x46b8</load_address>
         <run_address>0x46b8</run_address>
         <size>0x598</size>
         <input_file_ref idref="fl-7"/>
      </object_component>
      <object_component id="oc-20e">
         <name>.debug_info</name>
         <load_address>0x4c50</load_address>
         <run_address>0x4c50</run_address>
         <size>0xeb</size>
         <input_file_ref idref="fl-7"/>
      </object_component>
      <object_component id="oc-294">
         <name>.debug_info</name>
         <load_address>0x4d3b</load_address>
         <run_address>0x4d3b</run_address>
         <size>0x1b3</size>
         <input_file_ref idref="fl-7"/>
      </object_component>
      <object_component id="oc-316">
         <name>.debug_info</name>
         <load_address>0x4eee</load_address>
         <run_address>0x4eee</run_address>
         <size>0x1b4</size>
         <input_file_ref idref="fl-7"/>
      </object_component>
      <object_component id="oc-379">
         <name>.debug_info</name>
         <load_address>0x50a2</load_address>
         <run_address>0x50a2</run_address>
         <size>0x3bf</size>
         <input_file_ref idref="fl-7"/>
      </object_component>
      <object_component id="oc-3b1">
         <name>.debug_info</name>
         <load_address>0x5461</load_address>
         <run_address>0x5461</run_address>
         <size>0x235</size>
         <input_file_ref idref="fl-7"/>
      </object_component>
      <object_component id="oc-3be">
         <name>.debug_info</name>
         <load_address>0x5696</load_address>
         <run_address>0x5696</run_address>
         <size>0x219</size>
         <input_file_ref idref="fl-7"/>
      </object_component>
      <object_component id="oc-3d1">
         <name>.debug_info</name>
         <load_address>0x58af</load_address>
         <run_address>0x58af</run_address>
         <size>0x155</size>
         <input_file_ref idref="fl-7"/>
      </object_component>
      <object_component id="oc-373">
         <name>.debug_info</name>
         <load_address>0x5a04</load_address>
         <run_address>0x5a04</run_address>
         <size>0x17c</size>
         <input_file_ref idref="fl-7"/>
      </object_component>
      <object_component id="oc-36d">
         <name>.debug_info</name>
         <load_address>0x5b80</load_address>
         <run_address>0x5b80</run_address>
         <size>0x15b</size>
         <input_file_ref idref="fl-7"/>
      </object_component>
      <object_component id="oc-3c4">
         <name>.debug_info</name>
         <load_address>0x5cdb</load_address>
         <run_address>0x5cdb</run_address>
         <size>0x165</size>
         <input_file_ref idref="fl-7"/>
      </object_component>
      <object_component id="oc-3ca">
         <name>.debug_info</name>
         <load_address>0x5e40</load_address>
         <run_address>0x5e40</run_address>
         <size>0x135</size>
         <input_file_ref idref="fl-7"/>
      </object_component>
      <object_component id="oc-147">
         <name>.debug_info</name>
         <load_address>0x5f75</load_address>
         <run_address>0x5f75</run_address>
         <size>0x4ce</size>
         <input_file_ref idref="fl-8"/>
      </object_component>
      <object_component id="oc-149">
         <name>.debug_info</name>
         <load_address>0x6443</load_address>
         <run_address>0x6443</run_address>
         <size>0x5b5</size>
         <input_file_ref idref="fl-9"/>
      </object_component>
      <object_component id="oc-14b">
         <name>.debug_info</name>
         <load_address>0x69f8</load_address>
         <run_address>0x69f8</run_address>
         <size>0x40f</size>
         <input_file_ref idref="fl-a"/>
      </object_component>
      <object_component id="oc-27a">
         <name>.debug_info</name>
         <load_address>0x6e07</load_address>
         <run_address>0x6e07</run_address>
         <size>0xc4</size>
         <input_file_ref idref="fl-a"/>
      </object_component>
      <object_component id="oc-26e">
         <name>.debug_info</name>
         <load_address>0x6ecb</load_address>
         <run_address>0x6ecb</run_address>
         <size>0xcc</size>
         <input_file_ref idref="fl-a"/>
      </object_component>
      <object_component id="oc-26b">
         <name>.debug_info</name>
         <load_address>0x6f97</load_address>
         <run_address>0x6f97</run_address>
         <size>0xcc</size>
         <input_file_ref idref="fl-a"/>
      </object_component>
      <object_component id="oc-271">
         <name>.debug_info</name>
         <load_address>0x7063</load_address>
         <run_address>0x7063</run_address>
         <size>0xcc</size>
         <input_file_ref idref="fl-a"/>
      </object_component>
      <object_component id="oc-198">
         <name>.debug_info</name>
         <load_address>0x712f</load_address>
         <run_address>0x712f</run_address>
         <size>0x58b</size>
         <input_file_ref idref="fl-a"/>
      </object_component>
      <object_component id="oc-2aa">
         <name>.debug_info</name>
         <load_address>0x76ba</load_address>
         <run_address>0x76ba</run_address>
         <size>0x270</size>
         <input_file_ref idref="fl-a"/>
      </object_component>
      <object_component id="oc-2b4">
         <name>.debug_info</name>
         <load_address>0x792a</load_address>
         <run_address>0x792a</run_address>
         <size>0x1f0</size>
         <input_file_ref idref="fl-a"/>
      </object_component>
      <object_component id="oc-1a4">
         <name>.debug_info</name>
         <load_address>0x7b1a</load_address>
         <run_address>0x7b1a</run_address>
         <size>0x213</size>
         <input_file_ref idref="fl-a"/>
      </object_component>
      <object_component id="oc-274">
         <name>.debug_info</name>
         <load_address>0x7d2d</load_address>
         <run_address>0x7d2d</run_address>
         <size>0x157</size>
         <input_file_ref idref="fl-a"/>
      </object_component>
      <object_component id="oc-1cb">
         <name>.debug_info</name>
         <load_address>0x7e84</load_address>
         <run_address>0x7e84</run_address>
         <size>0x189</size>
         <input_file_ref idref="fl-a"/>
      </object_component>
      <object_component id="oc-32f">
         <name>.debug_info</name>
         <load_address>0x800d</load_address>
         <run_address>0x800d</run_address>
         <size>0x1e3</size>
         <input_file_ref idref="fl-a"/>
      </object_component>
      <object_component id="oc-14d">
         <name>.debug_info</name>
         <load_address>0x81f0</load_address>
         <run_address>0x81f0</run_address>
         <size>0x3c6</size>
         <input_file_ref idref="fl-b"/>
      </object_component>
      <object_component id="oc-2c3">
         <name>.debug_info</name>
         <load_address>0x85b6</load_address>
         <run_address>0x85b6</run_address>
         <size>0xc1</size>
         <input_file_ref idref="fl-b"/>
      </object_component>
      <object_component id="oc-34d">
         <name>.debug_info</name>
         <load_address>0x8677</load_address>
         <run_address>0x8677</run_address>
         <size>0x135</size>
         <input_file_ref idref="fl-b"/>
      </object_component>
      <object_component id="oc-3ef">
         <name>.debug_info</name>
         <load_address>0x87ac</load_address>
         <run_address>0x87ac</run_address>
         <size>0x155</size>
         <input_file_ref idref="fl-b"/>
      </object_component>
      <object_component id="oc-2c7">
         <name>.debug_info</name>
         <load_address>0x8901</load_address>
         <run_address>0x8901</run_address>
         <size>0x16c</size>
         <input_file_ref idref="fl-b"/>
      </object_component>
      <object_component id="oc-1ed">
         <name>.debug_info</name>
         <load_address>0x8a6d</load_address>
         <run_address>0x8a6d</run_address>
         <size>0x15c</size>
         <input_file_ref idref="fl-b"/>
      </object_component>
      <object_component id="oc-2df">
         <name>.debug_info</name>
         <load_address>0x8bc9</load_address>
         <run_address>0x8bc9</run_address>
         <size>0x117</size>
         <input_file_ref idref="fl-b"/>
      </object_component>
      <object_component id="oc-2ed">
         <name>.debug_info</name>
         <load_address>0x8ce0</load_address>
         <run_address>0x8ce0</run_address>
         <size>0x10a</size>
         <input_file_ref idref="fl-b"/>
      </object_component>
      <object_component id="oc-3a3">
         <name>.debug_info</name>
         <load_address>0x8dea</load_address>
         <run_address>0x8dea</run_address>
         <size>0x15a</size>
         <input_file_ref idref="fl-b"/>
      </object_component>
      <object_component id="oc-355">
         <name>.debug_info</name>
         <load_address>0x8f44</load_address>
         <run_address>0x8f44</run_address>
         <size>0x169</size>
         <input_file_ref idref="fl-b"/>
      </object_component>
      <object_component id="oc-13c">
         <name>.debug_info</name>
         <load_address>0x90ad</load_address>
         <run_address>0x90ad</run_address>
         <size>0x4fc</size>
         <input_file_ref idref="fl-c"/>
      </object_component>
      <object_component id="oc-39e">
         <name>.debug_info</name>
         <load_address>0x95a9</load_address>
         <run_address>0x95a9</run_address>
         <size>0xd3</size>
         <input_file_ref idref="fl-c"/>
      </object_component>
      <object_component id="oc-24e">
         <name>.debug_info</name>
         <load_address>0x967c</load_address>
         <run_address>0x967c</run_address>
         <size>0x140</size>
         <input_file_ref idref="fl-c"/>
      </object_component>
      <object_component id="oc-2cf">
         <name>.debug_info</name>
         <load_address>0x97bc</load_address>
         <run_address>0x97bc</run_address>
         <size>0x14f</size>
         <input_file_ref idref="fl-c"/>
      </object_component>
      <object_component id="oc-254">
         <name>.debug_info</name>
         <load_address>0x990b</load_address>
         <run_address>0x990b</run_address>
         <size>0x17a</size>
         <input_file_ref idref="fl-c"/>
      </object_component>
      <object_component id="oc-131">
         <name>.debug_info</name>
         <load_address>0x9a85</load_address>
         <run_address>0x9a85</run_address>
         <size>0x318</size>
         <input_file_ref idref="fl-c"/>
      </object_component>
      <object_component id="oc-b1">
         <name>.debug_info</name>
         <load_address>0x9d9d</load_address>
         <run_address>0x9d9d</run_address>
         <size>0x19d</size>
         <input_file_ref idref="fl-c"/>
      </object_component>
      <object_component id="oc-3ab">
         <name>.debug_info</name>
         <load_address>0x9f3a</load_address>
         <run_address>0x9f3a</run_address>
         <size>0x158</size>
         <input_file_ref idref="fl-c"/>
      </object_component>
      <object_component id="oc-25a">
         <name>.debug_info</name>
         <load_address>0xa092</load_address>
         <run_address>0xa092</run_address>
         <size>0x131</size>
         <input_file_ref idref="fl-c"/>
      </object_component>
      <object_component id="oc-1f4">
         <name>.debug_info</name>
         <load_address>0xa1c3</load_address>
         <run_address>0xa1c3</run_address>
         <size>0x158</size>
         <input_file_ref idref="fl-c"/>
      </object_component>
      <object_component id="oc-12b">
         <name>.debug_info</name>
         <load_address>0xa31b</load_address>
         <run_address>0xa31b</run_address>
         <size>0x162</size>
         <input_file_ref idref="fl-c"/>
      </object_component>
      <object_component id="oc-125">
         <name>.debug_info</name>
         <load_address>0xa47d</load_address>
         <run_address>0xa47d</run_address>
         <size>0x15e</size>
         <input_file_ref idref="fl-c"/>
      </object_component>
      <object_component id="oc-201">
         <name>.debug_info</name>
         <load_address>0xa5db</load_address>
         <run_address>0xa5db</run_address>
         <size>0x135</size>
         <input_file_ref idref="fl-c"/>
      </object_component>
      <object_component id="oc-207">
         <name>.debug_info</name>
         <load_address>0xa710</load_address>
         <run_address>0xa710</run_address>
         <size>0x160</size>
         <input_file_ref idref="fl-c"/>
      </object_component>
      <object_component id="oc-1fb">
         <name>.debug_info</name>
         <load_address>0xa870</load_address>
         <run_address>0xa870</run_address>
         <size>0x143</size>
         <input_file_ref idref="fl-c"/>
      </object_component>
      <object_component id="oc-31c">
         <name>.debug_info</name>
         <load_address>0xa9b3</load_address>
         <run_address>0xa9b3</run_address>
         <size>0x153</size>
         <input_file_ref idref="fl-c"/>
      </object_component>
      <object_component id="oc-30a">
         <name>.debug_info</name>
         <load_address>0xab06</load_address>
         <run_address>0xab06</run_address>
         <size>0x14d</size>
         <input_file_ref idref="fl-c"/>
      </object_component>
      <object_component id="oc-366">
         <name>.debug_info</name>
         <load_address>0xac53</load_address>
         <run_address>0xac53</run_address>
         <size>0x15b</size>
         <input_file_ref idref="fl-c"/>
      </object_component>
      <object_component id="oc-310">
         <name>.debug_info</name>
         <load_address>0xadae</load_address>
         <run_address>0xadae</run_address>
         <size>0x1f7</size>
         <input_file_ref idref="fl-c"/>
      </object_component>
      <object_component id="oc-2e6">
         <name>.debug_info</name>
         <load_address>0xafa5</load_address>
         <run_address>0xafa5</run_address>
         <size>0x161</size>
         <input_file_ref idref="fl-c"/>
      </object_component>
      <object_component id="oc-14f">
         <name>.debug_info</name>
         <load_address>0xb106</load_address>
         <run_address>0xb106</run_address>
         <size>0x3bd</size>
         <input_file_ref idref="fl-d"/>
      </object_component>
      <object_component id="oc-179">
         <name>.debug_info</name>
         <load_address>0xb4c3</load_address>
         <run_address>0xb4c3</run_address>
         <size>0x168</size>
         <input_file_ref idref="fl-d"/>
      </object_component>
      <object_component id="oc-3f6">
         <name>.debug_info</name>
         <load_address>0xb62b</load_address>
         <run_address>0xb62b</run_address>
         <size>0x13a</size>
         <input_file_ref idref="fl-d"/>
      </object_component>
      <object_component id="oc-bd">
         <name>.debug_info</name>
         <load_address>0xb765</load_address>
         <run_address>0xb765</run_address>
         <size>0x172</size>
         <input_file_ref idref="fl-d"/>
      </object_component>
      <object_component id="oc-151">
         <name>.debug_info</name>
         <load_address>0xb8d7</load_address>
         <run_address>0xb8d7</run_address>
         <size>0x3ef</size>
         <input_file_ref idref="fl-e"/>
      </object_component>
      <object_component id="oc-173">
         <name>.debug_info</name>
         <load_address>0xbcc6</load_address>
         <run_address>0xbcc6</run_address>
         <size>0x171</size>
         <input_file_ref idref="fl-e"/>
      </object_component>
      <object_component id="oc-28b">
         <name>.debug_info</name>
         <load_address>0xbe37</load_address>
         <run_address>0xbe37</run_address>
         <size>0x14c</size>
         <input_file_ref idref="fl-e"/>
      </object_component>
      <object_component id="oc-2fa">
         <name>.debug_info</name>
         <load_address>0xbf83</load_address>
         <run_address>0xbf83</run_address>
         <size>0x24e</size>
         <input_file_ref idref="fl-f"/>
      </object_component>
      <object_component id="oc-18b">
         <name>.debug_info</name>
         <load_address>0xc1d1</load_address>
         <run_address>0xc1d1</run_address>
         <size>0x139</size>
         <input_file_ref idref="fl-f"/>
      </object_component>
      <object_component id="oc-2f4">
         <name>.debug_info</name>
         <load_address>0xc30a</load_address>
         <run_address>0xc30a</run_address>
         <size>0x1e0</size>
         <input_file_ref idref="fl-f"/>
      </object_component>
      <object_component id="oc-27d">
         <name>.debug_info</name>
         <load_address>0xc4ea</load_address>
         <run_address>0xc4ea</run_address>
         <size>0x18e</size>
         <input_file_ref idref="fl-f"/>
      </object_component>
      <object_component id="oc-33c">
         <name>.debug_info</name>
         <load_address>0xc678</load_address>
         <run_address>0xc678</run_address>
         <size>0x156</size>
         <input_file_ref idref="fl-f"/>
      </object_component>
      <object_component id="oc-265">
         <name>.debug_info</name>
         <load_address>0xc7ce</load_address>
         <run_address>0xc7ce</run_address>
         <size>0x1b2</size>
         <input_file_ref idref="fl-f"/>
      </object_component>
      <object_component id="oc-335">
         <name>.debug_info</name>
         <load_address>0xc980</load_address>
         <run_address>0xc980</run_address>
         <size>0x1a0</size>
         <input_file_ref idref="fl-f"/>
      </object_component>
      <object_component id="oc-153">
         <name>.debug_info</name>
         <load_address>0xcb20</load_address>
         <run_address>0xcb20</run_address>
         <size>0x36d</size>
         <input_file_ref idref="fl-10"/>
      </object_component>
      <object_component id="oc-185">
         <name>.debug_info</name>
         <load_address>0xce8d</load_address>
         <run_address>0xce8d</run_address>
         <size>0x12f</size>
         <input_file_ref idref="fl-10"/>
      </object_component>
      <object_component id="oc-1db">
         <name>.debug_info</name>
         <load_address>0xcfbc</load_address>
         <run_address>0xcfbc</run_address>
         <size>0x14f</size>
         <input_file_ref idref="fl-10"/>
      </object_component>
      <object_component id="oc-192">
         <name>.debug_info</name>
         <load_address>0xd10b</load_address>
         <run_address>0xd10b</run_address>
         <size>0x16c</size>
         <input_file_ref idref="fl-10"/>
      </object_component>
      <object_component id="oc-1ab">
         <name>.debug_info</name>
         <load_address>0xd277</load_address>
         <run_address>0xd277</run_address>
         <size>0x1d9</size>
         <input_file_ref idref="fl-10"/>
      </object_component>
      <object_component id="oc-b7">
         <name>.debug_info</name>
         <load_address>0xd450</load_address>
         <run_address>0xd450</run_address>
         <size>0x134</size>
         <input_file_ref idref="fl-10"/>
      </object_component>
      <object_component id="oc-286">
         <name>.debug_info</name>
         <load_address>0xd584</load_address>
         <run_address>0xd584</run_address>
         <size>0xfd</size>
         <input_file_ref idref="fl-3f"/>
      </object_component>
      <object_component id="oc-8e">
         <name>.debug_info</name>
         <load_address>0xd681</load_address>
         <run_address>0xd681</run_address>
         <size>0xd6</size>
         <input_file_ref idref="fl-40"/>
      </object_component>
      <object_component id="oc-6b">
         <name>.debug_info</name>
         <load_address>0xd757</load_address>
         <run_address>0xd757</run_address>
         <size>0x177</size>
         <input_file_ref idref="fl-41"/>
      </object_component>
      <object_component id="oc-9d">
         <name>.debug_info</name>
         <load_address>0xd8ce</load_address>
         <run_address>0xd8ce</run_address>
         <size>0x193</size>
         <input_file_ref idref="fl-42"/>
      </object_component>
      <object_component id="oc-34">
         <name>.debug_info</name>
         <load_address>0xda61</load_address>
         <run_address>0xda61</run_address>
         <size>0x1c0</size>
         <input_file_ref idref="fl-42"/>
      </object_component>
      <object_component id="oc-98">
         <name>.debug_info</name>
         <load_address>0xdc21</load_address>
         <run_address>0xdc21</run_address>
         <size>0x46</size>
         <input_file_ref idref="fl-42"/>
      </object_component>
      <object_component id="oc-111">
         <name>.debug_info</name>
         <load_address>0xdc67</load_address>
         <run_address>0xdc67</run_address>
         <size>0x2c</size>
         <input_file_ref idref="fl-42"/>
      </object_component>
      <object_component id="oc-a5">
         <name>.debug_info</name>
         <load_address>0xdc93</load_address>
         <run_address>0xdc93</run_address>
         <size>0x155</size>
         <input_file_ref idref="fl-43"/>
      </object_component>
      <object_component id="oc-a2">
         <name>.debug_info</name>
         <load_address>0xdde8</load_address>
         <run_address>0xdde8</run_address>
         <size>0x21b</size>
         <input_file_ref idref="fl-43"/>
      </object_component>
      <object_component id="oc-3c">
         <name>.debug_info</name>
         <load_address>0xe003</load_address>
         <run_address>0xe003</run_address>
         <size>0x192</size>
         <input_file_ref idref="fl-43"/>
      </object_component>
      <object_component id="oc-a6">
         <name>.debug_info</name>
         <load_address>0xe195</load_address>
         <run_address>0xe195</run_address>
         <size>0x39</size>
         <input_file_ref idref="fl-43"/>
      </object_component>
      <object_component id="oc-ce">
         <name>.debug_info</name>
         <load_address>0xe1ce</load_address>
         <run_address>0xe1ce</run_address>
         <size>0x14b</size>
         <input_file_ref idref="fl-44"/>
      </object_component>
      <object_component id="oc-4f">
         <name>.debug_info</name>
         <load_address>0xe319</load_address>
         <run_address>0xe319</run_address>
         <size>0x196</size>
         <input_file_ref idref="fl-44"/>
      </object_component>
      <object_component id="oc-c9">
         <name>.debug_info</name>
         <load_address>0xe4af</load_address>
         <run_address>0xe4af</run_address>
         <size>0x46</size>
         <input_file_ref idref="fl-44"/>
      </object_component>
      <object_component id="oc-10c">
         <name>.debug_info</name>
         <load_address>0xe4f5</load_address>
         <run_address>0xe4f5</run_address>
         <size>0x2c</size>
         <input_file_ref idref="fl-44"/>
      </object_component>
      <object_component id="oc-11b">
         <name>.debug_info</name>
         <load_address>0xe521</load_address>
         <run_address>0xe521</run_address>
         <size>0x10b</size>
         <input_file_ref idref="fl-45"/>
      </object_component>
      <object_component id="oc-fb">
         <name>.debug_info</name>
         <load_address>0xe62c</load_address>
         <run_address>0xe62c</run_address>
         <size>0xf8</size>
         <input_file_ref idref="fl-46"/>
      </object_component>
      <object_component id="oc-401">
         <name>.debug_info</name>
         <load_address>0xe724</load_address>
         <run_address>0xe724</run_address>
         <size>0xfe</size>
         <input_file_ref idref="fl-48"/>
      </object_component>
      <object_component id="oc-406">
         <name>.debug_info</name>
         <load_address>0xe822</load_address>
         <run_address>0xe822</run_address>
         <size>0x10c</size>
         <input_file_ref idref="fl-49"/>
      </object_component>
      <object_component id="oc-3fc">
         <name>.debug_info</name>
         <load_address>0xe92e</load_address>
         <run_address>0xe92e</run_address>
         <size>0x101</size>
         <input_file_ref idref="fl-4a"/>
      </object_component>
      <object_component id="oc-ac">
         <name>.debug_info</name>
         <load_address>0xea2f</load_address>
         <run_address>0xea2f</run_address>
         <size>0xec</size>
         <input_file_ref idref="fl-54"/>
      </object_component>
      <object_component id="oc-35d">
         <name>.debug_info</name>
         <load_address>0xeb1b</load_address>
         <run_address>0xeb1b</run_address>
         <size>0xfd</size>
         <input_file_ref idref="fl-55"/>
      </object_component>
      <object_component id="oc-3b8">
         <name>.debug_info</name>
         <load_address>0xec18</load_address>
[...]
      </symbol>
      <symbol id="sm-353">
         <name>SpiReadSingle</name>
         <value>0xe0d4</value>
         <object_component_ref idref="oc-1ec"/>
      </symbol>
      <symbol id="sm-354">
         <name>SpiUsciSet</name>
         <value>0xe610</value>
         <object_component_ref idref="oc-2ec"/>
      </symbol>
      <symbol id="sm-355">
         <name>SpiWriteCont</name>
         <value>0xe484</value>
         <object_component_ref idref="oc-3a2"/>
      </symbol>
      <symbol id="sm-356">
         <name>SpiDirectCommand</name>
         <value>0xe6a2</value>
         <object_component_ref idref="oc-34c"/>
      </symbol>
      <symbol id="sm-357">
         <name>SpiWriteSingle</name>
         <value>0xe2ee</value>
         <object_component_ref idref="oc-354"/>
      </symbol>
      <symbol id="sm-3f6">
         <name>command</name>
         <value>0x2ec</value>
      </symbol>
      <symbol id="sm-3f7">
         <name>Trf7970Reset</name>
         <value>0xea06</value>
         <object_component_ref idref="oc-200"/>
      </symbol>
      <symbol id="sm-3f8">
         <name>Trf7970DirectCommand</name>
         <value>0xea6a</value>
         <object_component_ref idref="oc-2ce"/>
      </symbol>
      <symbol id="sm-3f9">
         <name>__TI_int03</name>
         <value>0xffe6</value>
         <object_component_ref idref="oc-40"/>
      </symbol>
      <symbol id="sm-3fa">
         <name>Trf7970InitialSettings</name>
         <value>0xe672</value>
         <object_component_ref idref="oc-253"/>
      </symbol>
      <symbol id="sm-3fb">
         <name>Trf7970RawWrite</name>
         <value>0xea70</value>
         <object_component_ref idref="oc-3aa"/>
      </symbol>
      <symbol id="sm-3fc">
         <name>Trf7970ReadCont</name>
         <value>0xea7c</value>
         <object_component_ref idref="oc-1f3"/>
      </symbol>
      <symbol id="sm-3fd">
         <name>Trf7970TurnRfOn</name>
         <value>0xe934</value>
         <object_component_ref idref="oc-309"/>
      </symbol>
      <symbol id="sm-3fe">
         <name>Trf7970ISR</name>
         <value>0xd4b6</value>
         <object_component_ref idref="oc-130"/>
      </symbol>
      <symbol id="sm-3ff">
         <name>Trf7970PortB</name>
         <value>0xe138</value>
         <object_component_ref idref="oc-b0"/>
      </symbol>
      <symbol id="sm-400">
         <name>Trf7970ReadSingle</name>
         <value>0xea82</value>
         <object_component_ref idref="oc-124"/>
      </symbol>
      <symbol id="sm-401">
         <name>Trf7970WriteCont</name>
         <value>0xea88</value>
         <object_component_ref idref="oc-365"/>
      </symbol>
      <symbol id="sm-402">
         <name>Trf7970TurnRfOff</name>
         <value>0xe7c4</value>
         <object_component_ref idref="oc-31b"/>
      </symbol>
      <symbol id="sm-403">
         <name>direct_mode</name>
         <value>0x314</value>
         <object_component_ref idref="oc-39d"/>
      </symbol>
      <symbol id="sm-404">
         <name>Trf7970WriteSingle</name>
         <value>0xea8e</value>
         <object_component_ref idref="oc-2e5"/>
      </symbol>
      <symbol id="sm-405">
         <name>Trf7970ResetIrqStatus</name>
         <value>0xe8e8</value>
         <object_component_ref idref="oc-206"/>
      </symbol>
      <symbol id="sm-406">
         <name>Trf7970WriteIsoControl</name>
         <value>0xd6b0</value>
         <object_component_ref idref="oc-30f"/>
      </symbol>
      <symbol id="sm-407">
         <name>Trf7970ReConfig</name>
         <value>0xea76</value>
         <object_component_ref idref="oc-259"/>
      </symbol>
      <symbol id="sm-408">
         <name>Trf7970StopDecoders</name>
         <value>0xea16</value>
         <object_component_ref idref="oc-1fa"/>
      </symbol>
      <symbol id="sm-409">
         <name>Trf7970CommunicationSetup</name>
         <value>0xea64</value>
         <object_component_ref idref="oc-24d"/>
      </symbol>
      <symbol id="sm-40a">
         <name>Trf7970ReadIrqStatus</name>
         <value>0xe962</value>
         <object_component_ref idref="oc-12a"/>
      </symbol>
      <symbol id="sm-42a">
         <name>__TI_int09</name>
         <value>0xfff2</value>
         <object_component_ref idref="oc-45"/>
      </symbol>
      <symbol id="sm-42b">
         <name>timerHandler</name>
         <value>0xe446</value>
         <object_component_ref idref="oc-bc"/>
      </symbol>
      <symbol id="sm-42c">
         <name>McuDelayMillisecond</name>
         <value>0xe80c</value>
         <object_component_ref idref="oc-178"/>
      </symbol>
      <symbol id="sm-42d">
         <name>McuCounterSet</name>
         <value>0xea36</value>
         <object_component_ref idref="oc-3f5"/>
      </symbol>
      <symbol id="sm-459">
         <name>cByteToHex</name>
         <value>0xdc0e</value>
         <object_component_ref idref="oc-28a"/>
      </symbol>
      <symbol id="sm-45a">
         <name>System_Set_Speed</name>
         <value>0xdeb2</value>
         <object_component_ref idref="oc-172"/>
      </symbol>
      <symbol id="sm-491">
         <name>dummy</name>
         <value>0x2f2</value>
      </symbol>
      <symbol id="sm-492">
         <name>Spi_Send</name>
         <value>0xe00a</value>
         <object_component_ref idref="oc-2f3"/>
      </symbol>
      <symbol id="sm-493">
         <name>SPI_Conf_Write_Register</name>
         <value>0xe850</value>
         <object_component_ref idref="oc-264"/>
      </symbol>
      <symbol id="sm-494">
         <name>SPI_Data_Write</name>
         <value>0xe870</value>
         <object_component_ref idref="oc-334"/>
      </symbol>
      <symbol id="sm-495">
         <name>SPI_Conf_Read_Register</name>
         <value>0xe82e</value>
         <object_component_ref idref="oc-27c"/>
      </symbol>
      <symbol id="sm-496">
         <name>SPI_Init</name>
         <value>0xe752</value>
         <object_component_ref idref="oc-18a"/>
      </symbol>
      <symbol id="sm-497">
         <name>SPI_Data_Read</name>
         <value>0xe9f6</value>
         <object_component_ref idref="oc-33b"/>
      </symbol>
      <symbol id="sm-4ca">
         <name>USCI0RX_ISR</name>
         <value>0xe6ce</value>
         <object_component_ref idref="oc-b6"/>
      </symbol>
      <symbol id="sm-4cb">
         <name>__TI_int07</name>
         <value>0xffee</value>
         <object_component_ref idref="oc-43"/>
      </symbol>
      <symbol id="sm-4cc">
         <name>UART_Send_Data</name>
         <value>0xe9b0</value>
         <object_component_ref idref="oc-191"/>
      </symbol>
      <symbol id="sm-4cd">
         <name>UART_Send_Byte</name>
         <value>0xe976</value>
         <object_component_ref idref="oc-1da"/>
      </symbol>
      <symbol id="sm-4ce">
         <name>UART0_Send_ByteToChar</name>
         <value>0xe408</value>
         <object_component_ref idref="oc-1aa"/>
      </symbol>
      <symbol id="sm-4cf">
         <name>UART_Init</name>
         <value>0xe5a4</value>
         <object_component_ref idref="oc-184"/>
      </symbol>
      <symbol id="sm-4d7">
         <name>__mspabi_srai</name>
         <value>0xe6fa</value>
         <object_component_ref idref="oc-285"/>
      </symbol>
      <symbol id="sm-4d8">
         <name>__mspabi_srai_8</name>
         <value>0xe714</value>
         <object_component_ref idref="oc-285"/>
      </symbol>
      <symbol id="sm-4d9">
         <name>__mspabi_srai_9</name>
         <value>0xe712</value>
         <object_component_ref idref="oc-285"/>
      </symbol>
      <symbol id="sm-4da">
         <name>__mspabi_srai_6</name>
         <value>0xe718</value>
         <object_component_ref idref="oc-285"/>
      </symbol>
      <symbol id="sm-4db">
         <name>__mspabi_srai_7</name>
         <value>0xe716</value>
         <object_component_ref idref="oc-285"/>
      </symbol>
      <symbol id="sm-4dc">
         <name>__mspabi_srai_4</name>
         <value>0xe71c</value>
         <object_component_ref idref="oc-285"/>
      </symbol>
      <symbol id="sm-4dd">
         <name>__mspabi_srai_5</name>
         <value>0xe71a</value>
         <object_component_ref idref="oc-285"/>
      </symbol>
      <symbol id="sm-4de">
         <name>__mspabi_srai_2</name>
         <value>0xe720</value>
         <object_component_ref idref="oc-285"/>
      </symbol>
      <symbol id="sm-4df">
         <name>__mspabi_srai_3</name>
         <value>0xe71e</value>
         <object_component_ref idref="oc-285"/>
      </symbol>
      <symbol id="sm-4e0">
         <name>__mspabi_srai_1</name>
         <value>0xe722</value>
         <object_component_ref idref="oc-285"/>
      </symbol>
      <symbol id="sm-4e1">
         <name>__mspabi_srai_15</name>
         <value>0xe706</value>
         <object_component_ref idref="oc-285"/>
      </symbol>
      <symbol id="sm-4e2">
         <name>__mspabi_srai_14</name>
         <value>0xe708</value>
         <object_component_ref idref="oc-285"/>
      </symbol>
      <symbol id="sm-4e3">
         <name>__mspabi_srai_13</name>
         <value>0xe70a</value>
         <object_component_ref idref="oc-285"/>
      </symbol>
      <symbol id="sm-4e4">
         <name>__mspabi_srai_12</name>
         <value>0xe70c</value>
         <object_component_ref idref="oc-285"/>
      </symbol>
      <symbol id="sm-4e5">
         <name>__mspabi_srai_11</name>
         <value>0xe70e</value>
         <object_component_ref idref="oc-285"/>
      </symbol>
      <symbol id="sm-4e6">
         <name>__mspabi_srai_10</name>
         <value>0xe710</value>
         <object_component_ref idref="oc-285"/>
      </symbol>
      <symbol id="sm-4ef">
         <name>_stack</name>
         <value>0x3b0</value>
         <object_component_ref idref="oc-8d"/>
      </symbol>
      <symbol id="sm-4f0">
         <name>_reset_vector</name>
         <value>0xfffe</value>
         <object_component_ref idref="oc-90"/>
      </symbol>
      <symbol id="sm-4fb">
         <name>_c_int00_noargs_noexit</name>
         <value>0xe902</value>
         <object_component_ref idref="oc-69"/>
      </symbol>
      <symbol id="sm-511">
         <name>__TI_decompress_none</name>
         <value>0xe9c2</value>
         <object_component_ref idref="oc-32"/>
      </symbol>
      <symbol id="sm-533">
         <name>__TI_decompress_rle24</name>
         <value>0xea9a</value>
         <object_component_ref idref="oc-38"/>
      </symbol>
      <symbol id="sm-54b">
         <name>__TI_zero_init</name>
         <value>0xe98a</value>
         <object_component_ref idref="oc-4b"/>
      </symbol>
      <symbol id="sm-554">
         <name>__mspabi_func_epilog_2</name>
         <value>0xea30</value>
         <object_component_ref idref="oc-118"/>
      </symbol>
      <symbol id="sm-555">
         <name>__mspabi_func_epilog_3</name>
         <value>0xea2e</value>
         <object_component_ref idref="oc-118"/>
      </symbol>
      <symbol id="sm-556">
         <name>__mspabi_func_epilog_1</name>
         <value>0xea32</value>
         <object_component_ref idref="oc-118"/>
      </symbol>
      <symbol id="sm-557">
         <name>__mspabi_func_epilog_6</name>
         <value>0xea28</value>
         <object_component_ref idref="oc-118"/>
      </symbol>
      <symbol id="sm-558">
         <name>__mspabi_func_epilog_7</name>
         <value>0xea26</value>
         <object_component_ref idref="oc-118"/>
      </symbol>
      <symbol id="sm-559">
         <name>__mspabi_func_epilog_4</name>
         <value>0xea2c</value>
         <object_component_ref idref="oc-118"/>
      </symbol>
      <symbol id="sm-55a">
         <name>__mspabi_func_epilog_5</name>
         <value>0xea2a</value>
         <object_component_ref idref="oc-118"/>
      </symbol>
      <symbol id="sm-565">
         <name>C$$EXIT</name>
         <value>0xeaa4</value>
         <object_component_ref idref="oc-f7"/>
      </symbol>
      <symbol id="sm-566">
         <name>abort</name>
         <value>0xeaa4</value>
         <object_component_ref idref="oc-f7"/>
      </symbol>
      <symbol id="sm-58d">
         <name>__mspabi_mpyf</name>
         <value>0xdaa0</value>
         <object_component_ref idref="oc-400"/>
      </symbol>
      <symbol id="sm-5a2">
         <name>__mspabi_fixfu</name>
         <value>0xe380</value>
         <object_component_ref idref="oc-405"/>
      </symbol>
      <symbol id="sm-5b2">
         <name>__mspabi_fltuf</name>
         <value>0xe7e8</value>
         <object_component_ref idref="oc-3fb"/>
      </symbol>
      <symbol id="sm-5b5">
         <name>__TI_int00</name>
         <value>0xffe0</value>
         <object_component_ref idref="oc-3e"/>
      </symbol>
      <symbol id="sm-5b8">
         <name>__TI_int02</name>
         <value>0xffe4</value>
         <object_component_ref idref="oc-3f"/>
      </symbol>
      <symbol id="sm-5bb">
         <name>__TI_int05</name>
         <value>0xffea</value>
         <object_component_ref idref="oc-41"/>
      </symbol>
      <symbol id="sm-5be">
         <name>__TI_int06</name>
         <value>0xffec</value>
         <object_component_ref idref="oc-42"/>
      </symbol>
      <symbol id="sm-5c1">
         <name>__TI_int08</name>
         <value>0xfff0</value>
         <object_component_ref idref="oc-44"/>
      </symbol>
      <symbol id="sm-5c4">
         <name>__TI_int11</name>
         <value>0xfff6</value>
         <object_component_ref idref="oc-47"/>
      </symbol>
      <symbol id="sm-5c7">
         <name>__TI_int12</name>
         <value>0xfff8</value>
         <object_component_ref idref="oc-48"/>
      </symbol>
      <symbol id="sm-5ca">
         <name>__TI_int13</name>
         <value>0xfffa</value>
         <object_component_ref idref="oc-49"/>
      </symbol>
      <symbol id="sm-5cd">
         <name>__TI_int14</name>
         <value>0xfffc</value>
         <object_component_ref idref="oc-4a"/>
      </symbol>
      <symbol id="sm-5d5">
         <name>__TI_ISR_TRAP</name>
         <value>0xea94</value>
         <object_component_ref idref="oc-ab"/>
      </symbol>
      <symbol id="sm-5dd">
         <name>__mspabi_slli</name>
         <value>0xe726</value>
         <object_component_ref idref="oc-35c"/>
      </symbol>
      <symbol id="sm-5de">
         <name>__mspabi_slli_9</name>
         <value>0xe73e</value>
         <object_component_ref idref="oc-35c"/>
      </symbol>
      <symbol id="sm-5df">
         <name>__mspabi_slli_8</name>
         <value>0xe740</value>
         <object_component_ref idref="oc-35c"/>
      </symbol>
      <symbol id="sm-5e0">
         <name>__mspabi_slli_7</name>
         <value>0xe742</value>
         <object_component_ref idref="oc-35c"/>
      </symbol>
      <symbol id="sm-5e1">
         <name>__mspabi_slli_6</name>
         <value>0xe744</value>
         <object_component_ref idref="oc-35c"/>
      </symbol>
      <symbol id="sm-5e2">
         <name>__mspabi_slli_5</name>
         <value>0xe746</value>
         <object_component_ref idref="oc-35c"/>
      </symbol>
      <symbol id="sm-5e3">
         <name>__mspabi_slli_4</name>
         <value>0xe748</value>
         <object_component_ref idref="oc-35c"/>
      </symbol>
      <symbol id="sm-5e4">
         <name>__mspabi_slli_3</name>
         <value>0xe74a</value>
         <object_component_ref idref="oc-35c"/>
      </symbol>
      <symbol id="sm-5e5">
         <name>__mspabi_slli_2</name>
         <value>0xe74c</value>
         <object_component_ref idref="oc-35c"/>
      </symbol>
      <symbol id="sm-5e6">
         <name>__mspabi_slli_1</name>
         <value>0xe74e</value>
         <object_component_ref idref="oc-35c"/>
      </symbol>
      <symbol id="sm-5e7">
         <name>__mspabi_slli_15</name>
         <value>0xe732</value>
         <object_component_ref idref="oc-35c"/>
      </symbol>
      <symbol id="sm-5e8">
         <name>__mspabi_slli_14</name>
         <value>0xe734</value>
         <object_component_ref idref="oc-35c"/>
      </symbol>
      <symbol id="sm-5e9">
         <name>__mspabi_slli_13</name>
         <value>0xe736</value>
         <object_component_ref idref="oc-35c"/>
      </symbol>
      <symbol id="sm-5ea">
         <name>__mspabi_slli_12</name>
         <value>0xe738</value>
         <object_component_ref idref="oc-35c"/>
      </symbol>
      <symbol id="sm-5eb">
         <name>__mspabi_slli_11</name>
         <value>0xe73a</value>
         <object_component_ref idref="oc-35c"/>
      </symbol>
      <symbol id="sm-5ec">
         <name>__mspabi_slli_10</name>
         <value>0xe73c</value>
         <object_component_ref idref="oc-35c"/>
      </symbol>
      <symbol id="sm-5f4">
         <name>__mspabi_srli_8</name>
         <value>0xe282</value>
         <object_component_ref idref="oc-3b7"/>
      </symbol>
      <symbol id="sm-5f5">
         <name>__mspabi_srli_9</name>
         <value>0xe27e</value>
         <object_component_ref idref="oc-3b7"/>
      </symbol>
      <symbol id="sm-5f6">
         <name>__mspabi_srli_6</name>
         <value>0xe28a</value>
         <object_component_ref idref="oc-3b7"/>
      </symbol>
      <symbol id="sm-5f7">
         <name>__mspabi_srli_7</name>
         <value>0xe286</value>
         <object_component_ref idref="oc-3b7"/>
      </symbol>
      <symbol id="sm-5f8">
         <name>__mspabi_srli_4</name>
         <value>0xe292</value>
         <object_component_ref idref="oc-3b7"/>
      </symbol>
      <symbol id="sm-5f9">
         <name>__mspabi_srli_5</name>
         <value>0xe28e</value>
         <object_component_ref idref="oc-3b7"/>
      </symbol>
      <symbol id="sm-5fa">
         <name>__mspabi_srli_2</name>
         <value>0xe29a</value>
         <object_component_ref idref="oc-3b7"/>
      </symbol>
      <symbol id="sm-5fb">
         <name>__mspabi_srli_3</name>
         <value>0xe296</value>
         <object_component_ref idref="oc-3b7"/>
      </symbol>
      <symbol id="sm-5fc">
         <name>__mspabi_srli_1</name>
         <value>0xe29e</value>
         <object_component_ref idref="oc-3b7"/>
      </symbol>
      <symbol id="sm-5fd">
         <name>__mspabi_srli</name>
         <value>0xe258</value>
         <object_component_ref idref="oc-3b7"/>
      </symbol>
      <symbol id="sm-5fe">
         <name>__mspabi_srli_15</name>
         <value>0xe266</value>
         <object_component_ref idref="oc-3b7"/>
      </symbol>
      <symbol id="sm-5ff">
         <name>__mspabi_srli_14</name>
         <value>0xe26a</value>
         <object_component_ref idref="oc-3b7"/>
      </symbol>
      <symbol id="sm-600">
         <name>__mspabi_srli_13</name>
         <value>0xe26e</value>
         <object_component_ref idref="oc-3b7"/>
      </symbol>
      <symbol id="sm-601">
         <name>__mspabi_srli_12</name>
         <value>0xe272</value>
         <object_component_ref idref="oc-3b7"/>
      </symbol>
      <symbol id="sm-602">
         <name>__mspabi_srli_11</name>
         <value>0xe276</value>
         <object_component_ref idref="oc-3b7"/>
      </symbol>
      <symbol id="sm-603">
         <name>__mspabi_srli_10</name>
         <value>0xe27a</value>
         <object_component_ref idref="oc-3b7"/>
      </symbol>
      <symbol id="sm-612">
         <name>memcpy</name>
         <value>0xe9d4</value>
         <object_component_ref idref="oc-91"/>
      </symbol>
      <symbol id="sm-61c">
         <name>_system_pre_init</name>
         <value>0xeaa0</value>
         <object_component_ref idref="oc-cf"/>
      </symbol>
      <symbol id="sm-636">
         <name>_auto_init</name>
         <value>0xe200</value>
         <object_component_ref idref="oc-d5"/>
      </symbol>
      <symbol id="sm-639">
         <name>__TI_INITARRAY_Base</name>
         <value>0x0</value>
      </symbol>
      <symbol id="sm-63a">
         <name>__TI_INITARRAY_Limit</name>
         <value>0x0</value>
      </symbol>
   </symbol_table>
   <title>Link successful</title>
</link_info>
